Archive member included because of file (symbol)

c:/program files (x86)/atmel/atmel toolchain/avr32 gcc/native/3.4.1067/avr32-gnu-toolchain/bin/../lib/gcc/avr32/4.4.7/../../../../avr32/lib/ucr2\libc.a(lib_a-malloc.o)
                              src/ASF/common/services/usb/class/MIDI/host/midi/uhi_midi.o (free)
c:/program files (x86)/atmel/atmel toolchain/avr32 gcc/native/3.4.1067/avr32-gnu-toolchain/bin/../lib/gcc/avr32/4.4.7/../../../../avr32/lib/ucr2\libc.a(lib_a-mallocr.o)
                              c:/program files (x86)/atmel/atmel toolchain/avr32 gcc/native/3.4.1067/avr32-gnu-toolchain/bin/../lib/gcc/avr32/4.4.7/../../../../avr32/lib/ucr2\libc.a(lib_a-malloc.o) (_malloc_r)
c:/program files (x86)/atmel/atmel toolchain/avr32 gcc/native/3.4.1067/avr32-gnu-toolchain/bin/../lib/gcc/avr32/4.4.7/../../../../avr32/lib/ucr2\libc.a(lib_a-memcpy.o)
                              src/ASF/common/services/usb/class/hid/dual/mouse/example/at32uc3a0512_evk1100/ui.o (memcpy)
c:/program files (x86)/atmel/atmel toolchain/avr32 gcc/native/3.4.1067/avr32-gnu-toolchain/bin/../lib/gcc/avr32/4.4.7/../../../../avr32/lib/ucr2\libc.a(lib_a-mlock.o)
                              c:/program files (x86)/atmel/atmel toolchain/avr32 gcc/native/3.4.1067/avr32-gnu-toolchain/bin/../lib/gcc/avr32/4.4.7/../../../../avr32/lib/ucr2\libc.a(lib_a-mallocr.o) (__malloc_lock)
c:/program files (x86)/atmel/atmel toolchain/avr32 gcc/native/3.4.1067/avr32-gnu-toolchain/bin/../lib/gcc/avr32/4.4.7/../../../../avr32/lib/ucr2\libc.a(lib_a-sbrkr.o)
                              c:/program files (x86)/atmel/atmel toolchain/avr32 gcc/native/3.4.1067/avr32-gnu-toolchain/bin/../lib/gcc/avr32/4.4.7/../../../../avr32/lib/ucr2\libc.a(lib_a-mallocr.o) (_sbrk_r)
c:/program files (x86)/atmel/atmel toolchain/avr32 gcc/native/3.4.1067/avr32-gnu-toolchain/bin/../lib/gcc/avr32/4.4.7/../../../../avr32/lib/ucr2\libc.a(lib_a-syscalls.o)
                              c:/program files (x86)/atmel/atmel toolchain/avr32 gcc/native/3.4.1067/avr32-gnu-toolchain/bin/../lib/gcc/avr32/4.4.7/../../../../avr32/lib/ucr2\libc.a(lib_a-sbrkr.o) (_sbrk)
c:/program files (x86)/atmel/atmel toolchain/avr32 gcc/native/3.4.1067/avr32-gnu-toolchain/bin/../lib/gcc/avr32/4.4.7/../../../../avr32/lib/ucr2\libc.a(lib_a-vsprintf.o)
                              src/ASF/avr32/components/display/dip204/dip204.o (vsprintf)
c:/program files (x86)/atmel/atmel toolchain/avr32 gcc/native/3.4.1067/avr32-gnu-toolchain/bin/../lib/gcc/avr32/4.4.7/../../../../avr32/lib/ucr2\libc.a(lib_a-errno.o)
                              c:/program files (x86)/atmel/atmel toolchain/avr32 gcc/native/3.4.1067/avr32-gnu-toolchain/bin/../lib/gcc/avr32/4.4.7/../../../../avr32/lib/ucr2\libc.a(lib_a-syscalls.o) (__errno)
c:/program files (x86)/atmel/atmel toolchain/avr32 gcc/native/3.4.1067/avr32-gnu-toolchain/bin/../lib/gcc/avr32/4.4.7/../../../../avr32/lib/ucr2\libc.a(lib_a-freer.o)
                              c:/program files (x86)/atmel/atmel toolchain/avr32 gcc/native/3.4.1067/avr32-gnu-toolchain/bin/../lib/gcc/avr32/4.4.7/../../../../avr32/lib/ucr2\libc.a(lib_a-malloc.o) (_free_r)
c:/program files (x86)/atmel/atmel toolchain/avr32 gcc/native/3.4.1067/avr32-gnu-toolchain/bin/../lib/gcc/avr32/4.4.7/../../../../avr32/lib/ucr2\libc.a(lib_a-impure.o)
                              c:/program files (x86)/atmel/atmel toolchain/avr32 gcc/native/3.4.1067/avr32-gnu-toolchain/bin/../lib/gcc/avr32/4.4.7/../../../../avr32/lib/ucr2\libc.a(lib_a-malloc.o) (_impure_ptr)
c:/program files (x86)/atmel/atmel toolchain/avr32 gcc/native/3.4.1067/avr32-gnu-toolchain/bin/../lib/gcc/avr32/4.4.7/../../../../avr32/lib/ucr2\libc.a(lib_a-reent.o)
                              c:/program files (x86)/atmel/atmel toolchain/avr32 gcc/native/3.4.1067/avr32-gnu-toolchain/bin/../lib/gcc/avr32/4.4.7/../../../../avr32/lib/ucr2\libc.a(lib_a-sbrkr.o) (errno)
c:/program files (x86)/atmel/atmel toolchain/avr32 gcc/native/3.4.1067/avr32-gnu-toolchain/bin/../lib/gcc/avr32/4.4.7/../../../../avr32/lib/ucr2\libc.a(lib_a-vfprintf.o)
                              c:/program files (x86)/atmel/atmel toolchain/avr32 gcc/native/3.4.1067/avr32-gnu-toolchain/bin/../lib/gcc/avr32/4.4.7/../../../../avr32/lib/ucr2\libc.a(lib_a-vsprintf.o) (_vfprintf_r)
c:/program files (x86)/atmel/atmel toolchain/avr32 gcc/native/3.4.1067/avr32-gnu-toolchain/bin/../lib/gcc/avr32/4.4.7/../../../../avr32/lib/ucr2\libc.a(lib_a-wsetup.o)
                              c:/program files (x86)/atmel/atmel toolchain/avr32 gcc/native/3.4.1067/avr32-gnu-toolchain/bin/../lib/gcc/avr32/4.4.7/../../../../avr32/lib/ucr2\libc.a(lib_a-vfprintf.o) (__swsetup_r)
c:/program files (x86)/atmel/atmel toolchain/avr32 gcc/native/3.4.1067/avr32-gnu-toolchain/bin/../lib/gcc/avr32/4.4.7/../../../../avr32/lib/ucr2\libc.a(lib_a-dtoa.o)
[...]
Memory Configuration

Name             Origin             Length             Attributes
FLASH            0x80000000         0x00080000         axrl !w
INTRAM           0x00000004         0x0000fffc         axw !rl
USERPAGE         0x80800000         0x00000200
*default*        0x00000000         0xffffffff

Linker script and memory map

                0x00001000                _stack_size = 0x1000
LOAD src/ASF/avr32/components/display/dip204/dip204.o
LOAD src/ASF/avr32/drivers/pwm/pwm.o
LOAD src/ASF/avr32/drivers/spi/spi.o
LOAD src/ASF/common/services/usb/class/MIDI/device/midi/udi_midi.o
LOAD src/ASF/common/services/usb/class/MIDI/device/midi/udi_midi_desc.o
LOAD src/ASF/common/services/usb/class/MIDI/device/udi_hid.o
LOAD src/ASF/common/services/usb/class/MIDI/host/midi/uhi_midi.o
LOAD src/ASF/common/services/usb/class/hid/dual/mouse/example/at32uc3a0512_evk1100/ui.o
LOAD src/ASF/avr32/boards/evk1100/init.o
LOAD src/ASF/avr32/boards/evk1100/led.o
LOAD src/ASF/avr32/drivers/eic/eic.o
LOAD src/ASF/avr32/drivers/flashc/flashc.o
LOAD src/ASF/avr32/drivers/gpio/gpio.o
LOAD src/ASF/avr32/drivers/intc/exception.o
LOAD src/ASF/avr32/drivers/intc/intc.o
LOAD src/ASF/avr32/drivers/pm/pm.o
LOAD src/ASF/avr32/drivers/pm/pm_conf_clocks.o
LOAD src/ASF/avr32/drivers/pm/power_clocks_lib.o
LOAD src/ASF/avr32/drivers/usbb/usbb_device.o
LOAD src/ASF/avr32/drivers/usbb/usbb_host.o
LOAD src/ASF/avr32/utils/startup/startup_uc3.o
LOAD src/ASF/avr32/utils/startup/trampoline_uc3.o
LOAD src/ASF/common/services/clock/uc3a0_a1/sysclk.o
LOAD src/ASF/common/services/sleepmgr/uc3/sleepmgr.o
LOAD src/ASF/common/services/usb/class/hid/host/mouse/uhi_hid_mouse.o
LOAD src/ASF/common/services/usb/udc/udc.o
LOAD src/ASF/common/services/usb/uhc/uhc.o
LOAD src/main.o
START GROUP
LOAD c:/program files (x86)/atmel/atmel toolchain/avr32 gcc/native/3.4.1067/avr32-gnu-toolchain/bin/../lib/gcc/avr32/4.4.7/../../../../avr32/lib/ucr2\libm.a
END GROUP
LOAD c:/program files (x86)/atmel/atmel toolchain/avr32 gcc/native/3.4.1067/avr32-gnu-toolchain/bin/../lib/gcc/avr32/4.4.7/ucr2\libgcc.a
LOAD c:/program files (x86)/atmel/atmel toolchain/avr32 gcc/native/3.4.1067/avr32-gnu-toolchain/bin/../lib/gcc/avr32/4.4.7/../../../../avr32/lib/ucr2\libc.a
LOAD c:/program files (x86)/atmel/atmel toolchain/avr32 gcc/native/3.4.1067/avr32-gnu-toolchain/bin/../lib/gcc/avr32/4.4.7/ucr2\libgcc.a
                0xffffffff                __max_heap_size__ = 0xffffffff
                [0xffffffff]                __heap_size__ = DEFINED (__heap_size__)?__heap_size__:__max_heap_size__
                [0x00001000]                __stack_size__ = DEFINED (__stack_size__)?__stack_size__:0x1000
                0x80000000                PROVIDE (__executable_start, 0x80000000)
                0x80000000                . = 0x80000000

.interp
 *(.interp)

.reset          0x80000000     0x2008
 *(.reset)
 .reset         0x80000000        0x4 src/ASF/avr32/utils/startup/startup_uc3.o
                                  0x8 (size before relaxing)
                0x80000000                _start
 .reset         0x80000004     0x2004 src/ASF/avr32/utils/startup/trampoline_uc3.o
                               0x2008 (size before relaxing)
                0x80000004                _trampoline

.hash
 *(.hash)

.dynsym
 *(.dynsym)

.dynstr
 *(.dynstr)

.gnu.version
 *(.gnu.version)

.gnu.version_d
 *(.gnu.version_d)

.gnu.version_r
 *(.gnu.version_r)

.rel.init
 *(.rel.init)

.rela.init
 *(.rela.init)

.rel.text
 *(.rel.text .rel.text.* .rel.gnu.linkonce.t.*)

.rela.text
 *(.rela.text .rela.text.* .rela.gnu.linkonce.t.*)

.rel.fini
 *(.rel.fini)

.rela.fini
 *(.rela.fini)

.rel.rodata
 *(.rel.rodata .rel.rodata.* .rel.gnu.linkonce.r.*)

.rela.rodata
 *(.rela.rodata .rela.rodata.* .rela.gnu.linkonce.r.*)

.rel.data.rel.ro
 *(.rel.data.rel.ro*)

.rela.data.rel.ro
 *(.rel.data.rel.ro*)

.rel.data
 *(.rel.data .rel.data.* .rel.gnu.linkonce.d.*)

.rela.data
 *(.rela.data .rela.data.* .rela.gnu.linkonce.d.*)

.rel.tdata
 *(.rel.tdata .rel.tdata.* .rel.gnu.linkonce.td.*)

.rela.tdata
 *(.rela.tdata .rela.tdata.* .rela.gnu.linkonce.td.*)

.rel.tbss
 *(.rel.tbss .rel.tbss.* .rel.gnu.linkonce.tb.*)

.rela.tbss
 *(.rela.tbss .rela.tbss.* .rela.gnu.linkonce.tb.*)

.rel.ctors
 *(.rel.ctors)

.rela.ctors
 *(.rela.ctors)

.rel.dtors
 *(.rel.dtors)

.rela.dtors
 *(.rela.dtors)

.rel.got
 *(.rel.got)

.rela.got       0x80002008        0x0
 *(.rela.got)
 .rela.got      0x80002008        0x0 src/ASF/common/services/usb/class/MIDI/device/midi/udi_midi_desc.o

.rel.bss
 *(.rel.bss .rel.bss.* .rel.gnu.linkonce.b.*)

.rela.bss
 *(.rela.bss .rela.bss.* .rela.gnu.linkonce.b.*)

.rel.plt
 *(.rel.plt)

.rela.plt
 *(.rela.plt)

.init
 *(.init)

.plt
 *(.plt)

.text           0x80002008     0xb4d4
 *(.text .stub .text.* .gnu.linkonce.t.*)
 .text.dip204_select
                0x80002008       0x14 src/ASF/avr32/components/display/dip204/dip204.o
 .text.dip204_write_byte
                0x8000201c       0x58 src/ASF/avr32/components/display/dip204/dip204.o
 .text.dip204_read_byte
                0x80002074       0x3c src/ASF/avr32/components/display/dip204/dip204.o
 .text.dip204_wait_busy
                0x800020b0       0x34 src/ASF/avr32/components/display/dip204/dip204.o
 .text.dip204_unselect
                0x800020e4       0x14 src/ASF/avr32/components/display/dip204/dip204.o
 .text.dip204_printf_string
                0x800020f8       0x98 src/ASF/avr32/components/display/dip204/dip204.o
                0x800020f8                dip204_printf_string
 .text.dip204_write_string
                0x80002190       0x58 src/ASF/avr32/components/display/dip204/dip204.o
                0x80002190                dip204_write_string
 .text.dip204_set_cursor_position
                0x800021e8       0x5c src/ASF/avr32/components/display/dip204/dip204.o
                0x800021e8                dip204_set_cursor_position
 .text.dip204_hide_cursor
                0x80002244       0x30 src/ASF/avr32/components/display/dip204/dip204.o
                0x80002244                dip204_hide_cursor
 .text.dip204_clear_display
                0x80002274       0x5c src/ASF/avr32/components/display/dip204/dip204.o
                0x80002274                dip204_clear_display
 .text.dip204_init
                0x800022d0      0x228 src/ASF/avr32/components/display/dip204/dip204.o
                0x800022d0                dip204_init
 .text.pwm_channel_init
                0x800024f8       0x36 src/ASF/avr32/drivers/pwm/pwm.o
                0x800024f8                pwm_channel_init
 .text.pwm_start_channels
                0x8000252e       0x12 src/ASF/avr32/drivers/pwm/pwm.o
                0x8000252e                pwm_start_channels
 .text.pwm_init
                0x80002540       0x46 src/ASF/avr32/drivers/pwm/pwm.o
                0x80002540                pwm_init
 .text.getBaudDiv
                0x80002586       0x20 src/ASF/avr32/drivers/spi/spi.o
                0x80002586                getBaudDiv
 .text.spi_initMaster
                0x800025a6       0x38 src/ASF/avr32/drivers/spi/spi.o
                0x800025a6                spi_initMaster
 .text.spi_selectionMode
                0x800025de       0x2c src/ASF/avr32/drivers/spi/spi.o
                0x800025de                spi_selectionMode
 .text.spi_selectChip
                0x8000260a       0x4c src/ASF/avr32/drivers/spi/spi.o
                0x8000260a                spi_selectChip
 .text.spi_unselectChip
                0x80002656       0x26 src/ASF/avr32/drivers/spi/spi.o
                0x80002656                spi_unselectChip
 .text.spi_setupChipReg
                0x8000267c       0xb8 src/ASF/avr32/drivers/spi/spi.o
                0x8000267c                spi_setupChipReg
 .text.spi_enable
                0x80002734        0x6 src/ASF/avr32/drivers/spi/spi.o
                0x80002734                spi_enable
 .text.spi_disable
                0x8000273a        0x6 src/ASF/avr32/drivers/spi/spi.o
                0x8000273a                spi_disable
 .text.spi_write
                0x80002740       0x1c src/ASF/avr32/drivers/spi/spi.o
                0x80002740                spi_write
 .text.spi_read
                0x8000275c       0x20 src/ASF/avr32/drivers/spi/spi.o
                0x8000275c                spi_read
 .text.udi_hid_mouse_send_report
                0x8000277c       0x54 src/ASF/common/services/usb/class/MIDI/device/midi/udi_midi.o
 .text.udi_hid_mouse_report_sent
                0x800027d0       0x24 src/ASF/common/services/usb/class/MIDI/device/midi/udi_midi.o
 .text.udi_hid_mouse_move
                0x800027f4       0x5c src/ASF/common/services/usb/class/MIDI/device/midi/udi_midi.o
 .text.udi_hid_mouse_btn
                0x80002850       0x2c src/ASF/common/services/usb/class/MIDI/device/midi/udi_midi.o
 .text.udi_hid_mouse_btnleft
                0x8000287c       0x10 src/ASF/common/services/usb/class/MIDI/device/midi/udi_midi.o
                0x8000287c                udi_hid_mouse_btnleft
 .text.udi_hid_mouse_btnright
                0x8000288c       0x10 src/ASF/common/services/usb/class/MIDI/device/midi/udi_midi.o
                0x8000288c                udi_hid_mouse_btnright
 .text.udi_hid_mouse_btnmiddle
                0x8000289c       0x10 src/ASF/common/services/usb/class/MIDI/device/midi/udi_midi.o
                0x8000289c                udi_hid_mouse_btnmiddle
 .text.udi_hid_mouse_moveX
                0x800028ac       0x10 src/ASF/common/services/usb/class/MIDI/device/midi/udi_midi.o
                0x800028ac                udi_hid_mouse_moveX
 .text.udi_hid_mouse_moveY
                0x800028bc       0x10 src/ASF/common/services/usb/class/MIDI/device/midi/udi_midi.o
                0x800028bc                udi_hid_mouse_moveY
 .text.uhi_midi_rx_update
                0x800028cc      0x104 src/ASF/common/services/usb/class/MIDI/host/midi/uhi_midi.o
 .text.uhi_midi_sof
                0x800029d0       0x28 src/ASF/common/services/usb/class/MIDI/host/midi/uhi_midi.o
                0x800029d0                uhi_midi_sof
 .text.uhi_midi_rx_received
                0x800029f8       0xc8 src/ASF/common/services/usb/class/MIDI/host/midi/uhi_midi.o
 .text.uhi_midi_enable
                0x80002ac0       0x30 src/ASF/common/services/usb/class/MIDI/host/midi/uhi_midi.o
                0x80002ac0                uhi_midi_enable
 .text.uhi_midi_free_device
                0x80002af0       0x3c src/ASF/common/services/usb/class/MIDI/host/midi/uhi_midi.o
 .text.uhi_midi_uninstall
                0x80002b2c       0x2c src/ASF/common/services/usb/class/MIDI/host/midi/uhi_midi.o
                0x80002b2c                uhi_midi_uninstall
 .text.uhi_midi_install
                0x80002b58      0x138 src/ASF/common/services/usb/class/MIDI/host/midi/uhi_midi.o
                0x80002b58                uhi_midi_install
 .text.ui_host_vbus_change
                0x80002c90        0x2 src/ASF/common/services/usb/class/hid/dual/mouse/example/at32uc3a0512_evk1100/ui.o
                0x80002c90                ui_host_vbus_change
 .text.ui_host_vbus_error
                0x80002c92        0x2 src/ASF/common/services/usb/class/hid/dual/mouse/example/at32uc3a0512_evk1100/ui.o
                0x80002c92                ui_host_vbus_error
 .text.ui_host_enum_event
                0x80002c94       0x38 src/ASF/common/services/usb/class/hid/dual/mouse/example/at32uc3a0512_evk1100/ui.o
                0x80002c94                ui_host_enum_event
 .text.ui_uhi_hid_mouse_change
                0x80002ccc        0xc src/ASF/common/services/usb/class/hid/dual/mouse/example/at32uc3a0512_evk1100/ui.o
                0x80002ccc                ui_uhi_hid_mouse_change
 .text.ui_uhi_midi_change
                0x80002cd8        0xc src/ASF/common/services/usb/class/hid/dual/mouse/example/at32uc3a0512_evk1100/ui.o
                0x80002cd8                ui_uhi_midi_change
 .text.ui_device_resume_action
                0x80002ce4       0x10 src/ASF/common/services/usb/class/hid/dual/mouse/example/at32uc3a0512_evk1100/ui.o
                0x80002ce4                ui_device_resume_action
 .text.ui_host_hid_mouse_btn_right
                0x80002cf4       0x20 src/ASF/common/services/usb/class/hid/dual/mouse/example/at32uc3a0512_evk1100/ui.o
                0x80002cf4                ui_host_hid_mouse_btn_right
 .text.ui_host_hid_mouse_btn_left
                0x80002d14       0x20 src/ASF/common/services/usb/class/hid/dual/mouse/example/at32uc3a0512_evk1100/ui.o
                0x80002d14                ui_host_hid_mouse_btn_left
 .text.ui_host_connection_event
                0x80002d34       0x58 src/ASF/common/services/usb/class/hid/dual/mouse/example/at32uc3a0512_evk1100/ui.o
                0x80002d34                ui_host_connection_event
 .text.ui_init  0x80002d8c       0x3c src/ASF/common/services/usb/class/hid/dual/mouse/example/at32uc3a0512_evk1100/ui.o
                0x80002d8c                ui_init
 .text.ui_device_suspend_action
                0x80002dc8        0xc src/ASF/common/services/usb/class/hid/dual/mouse/example/at32uc3a0512_evk1100/ui.o
                0x80002dc8                ui_device_suspend_action
 .text.ui_usb_mode_change
                0x80002dd4       0x20 src/ASF/common/services/usb/class/hid/dual/mouse/example/at32uc3a0512_evk1100/ui.o
                0x80002dd4                ui_usb_mode_change
 .text.ui_device_sof_action
                0x80002df4      0x13c src/ASF/common/services/usb/class/hid/dual/mouse/example/at32uc3a0512_evk1100/ui.o
                0x80002df4                ui_device_sof_action
 .text.ui_disable_asynchronous_interrupt
                0x80002f30       0x1c src/ASF/common/services/usb/class/hid/dual/mouse/example/at32uc3a0512_evk1100/ui.o
 .text.ui_host_wakeup_event
                0x80002f4c        0xc src/ASF/common/services/usb/class/hid/dual/mouse/example/at32uc3a0512_evk1100/ui.o
                0x80002f4c                ui_host_wakeup_event
 .text.ui_enable_asynchronous_interrupt
                0x80002f58       0x84 src/ASF/common/services/usb/class/hid/dual/mouse/example/at32uc3a0512_evk1100/ui.o
 .text.ui_wakeup_isr
                0x80002fdc       0x30 src/ASF/common/services/usb/class/hid/dual/mouse/example/at32uc3a0512_evk1100/ui.o
 .text.ui_host_sof_event
                0x8000300c      0x114 src/ASF/common/services/usb/class/hid/dual/mouse/example/at32uc3a0512_evk1100/ui.o
                0x8000300c                ui_host_sof_event
 .text.board_init
                0x80003120       0x80 src/ASF/avr32/boards/evk1100/init.o
                0x80003120                board_init
 .text.LED_Toggle
                0x800031a0       0x50 src/ASF/avr32/boards/evk1100/led.o
                0x800031a0                LED_Toggle
 .text.LED_On   0x800031f0       0x50 src/ASF/avr32/boards/evk1100/led.o
                0x800031f0                LED_On
 .text.LED_Off  0x80003240       0x54 src/ASF/avr32/boards/evk1100/led.o
                0x80003240                LED_Off
 .text.eic_init
                0x80003294       0xd0 src/ASF/avr32/drivers/eic/eic.o
                0x80003294                eic_init
 .text.eic_enable_line
                0x80003364        0xa src/ASF/avr32/drivers/eic/eic.o
                0x80003364                eic_enable_line
 .text.eic_disable_line
                0x8000336e        0xa src/ASF/avr32/drivers/eic/eic.o
                0x8000336e                eic_disable_line
 .text.eic_clear_interrupt_line
                0x80003378       0x1a src/ASF/avr32/drivers/eic/eic.o
                0x80003378                eic_clear_interrupt_line
 .text.flashc_set_wait_state
                0x80003392        0xe src/ASF/avr32/drivers/flashc/flashc.o
                0x80003392                flashc_set_wait_state
 .text.flashc_set_bus_freq
                0x800033a0       0x24 src/ASF/avr32/drivers/flashc/flashc.o
                0x800033a0                flashc_set_bus_freq
 .text.gpio_enable_module_pin
                0x800033c4       0x52 src/ASF/avr32/drivers/gpio/gpio.o
                0x800033c4                gpio_enable_module_pin
 *fill*         0x80003416        0x2 d703d703
 .text.gpio_enable_module
                0x80003418       0x30 src/ASF/avr32/drivers/gpio/gpio.o
                0x80003418                gpio_enable_module
 .text.gpio_enable_pin_pull_up
                0x80003448       0x16 src/ASF/avr32/drivers/gpio/gpio.o
                0x80003448                gpio_enable_pin_pull_up
 .text.gpio_configure_pin
                0x8000345e       0xb8 src/ASF/avr32/drivers/gpio/gpio.o
                0x8000345e                gpio_configure_pin
 .text.gpio_get_pin_value
                0x80003516       0x16 src/ASF/avr32/drivers/gpio/gpio.o
                0x80003516                gpio_get_pin_value
 .text.gpio_set_gpio_pin
                0x8000352c       0x1c src/ASF/avr32/drivers/gpio/gpio.o
                0x8000352c                gpio_set_gpio_pin
 .text.gpio_clr_gpio_pin
                0x80003548       0x1c src/ASF/avr32/drivers/gpio/gpio.o
                0x80003548                gpio_clr_gpio_pin
 .text.gpio_enable_pin_interrupt
                0x80003564       0x46 src/ASF/avr32/drivers/gpio/gpio.o
                0x80003564                gpio_enable_pin_interrupt
 .text.gpio_disable_pin_interrupt
                0x800035aa       0x16 src/ASF/avr32/drivers/gpio/gpio.o
                0x800035aa                gpio_disable_pin_interrupt
 .text.gpio_clear_pin_interrupt_flag
                0x800035c0       0x16 src/ASF/avr32/drivers/gpio/gpio.o
                0x800035c0                gpio_clear_pin_interrupt_flag
 .text._unhandled_interrupt
                0x800035d6        0x2 src/ASF/avr32/drivers/intc/intc.o
 .text.INTC_register_interrupt
                0x800035d8       0x80 src/ASF/avr32/drivers/intc/intc.o
                0x800035d8                INTC_register_interrupt
 .text.INTC_init_interrupts
                0x80003658       0x54 src/ASF/avr32/drivers/intc/intc.o
                0x80003658                INTC_init_interrupts
 .text._get_interrupt_handler
                0x800036ac       0x38 src/ASF/avr32/drivers/intc/intc.o
                0x800036ac                _get_interrupt_handler
 .text.udd_set_address
                0x800036e4       0x22 src/ASF/avr32/drivers/usbb/usbb_device.o
                0x800036e4                udd_set_address
 .text.udd_getaddress
                0x80003706        0xc src/ASF/avr32/drivers/usbb/usbb_device.o
                0x80003706                udd_getaddress
 .text.udd_get_frame_number
                0x80003712        0xc src/ASF/avr32/drivers/usbb/usbb_device.o
                0x80003712                udd_get_frame_number
 *fill*         0x8000371e        0x2 d703d703
 .text.udd_set_setup_payload
                0x80003720        0xc src/ASF/avr32/drivers/usbb/usbb_device.o
                0x80003720                udd_set_setup_payload
 .text.udd_ep_is_halted
                0x8000372c       0x12 src/ASF/avr32/drivers/usbb/usbb_device.o
                0x8000372c                udd_ep_is_halted
 *fill*         0x8000373e        0x2 d703d703
 .text.udd_ep_set_halt
                0x80003740       0xa8 src/ASF/avr32/drivers/usbb/usbb_device.o
                0x80003740                udd_ep_set_halt
 .text.udd_ep_clear_halt
                0x800037e8       0xc8 src/ASF/avr32/drivers/usbb/usbb_device.o
                0x800037e8                udd_ep_clear_halt
 .text.udd_ctrl_stall_data
                0x800038b0       0x18 src/ASF/avr32/drivers/usbb/usbb_device.o
 .text.udd_ctrl_endofrequest
                0x800038c8       0x14 src/ASF/avr32/drivers/usbb/usbb_device.o
 .text.udd_ep_finish_job
                0x800038dc       0x3a src/ASF/avr32/drivers/usbb/usbb_device.o
 *fill*         0x80003916        0x2 d703d703
 .text.udd_ep_abort_job
                0x80003918       0x24 src/ASF/avr32/drivers/usbb/usbb_device.o
 .text.udd_ep_abort
                0x8000393c       0x68 src/ASF/avr32/drivers/usbb/usbb_device.o
                0x8000393c                udd_ep_abort
 .text.udd_ep_free
                0x800039a4       0x58 src/ASF/avr32/drivers/usbb/usbb_device.o
                0x800039a4                udd_ep_free
 .text.udd_ep_trans_done
                0x800039fc      0x158 src/ASF/avr32/drivers/usbb/usbb_device.o
 .text.udd_ep_run
                0x80003b54       0x9c src/ASF/avr32/drivers/usbb/usbb_device.o
                0x80003b54                udd_ep_run
 .text.udd_sleep_mode
                0x80003bf0       0x78 src/ASF/avr32/drivers/usbb/usbb_device.o
 .text.udd_detach
                0x80003c68       0x28 src/ASF/avr32/drivers/usbb/usbb_device.o
                0x80003c68                udd_detach
 .text.udd_attach
                0x80003c90       0x74 src/ASF/avr32/drivers/usbb/usbb_device.o
                0x80003c90                udd_attach
 .text.udd_disable
                0x80003d04       0x60 src/ASF/avr32/drivers/usbb/usbb_device.o
                0x80003d04                udd_disable
 .text.udd_ctrl_send_zlp_in
                0x80003d64       0x30 src/ASF/avr32/drivers/usbb/usbb_device.o
 .text.udd_ctrl_init
                0x80003d94       0x38 src/ASF/avr32/drivers/usbb/usbb_device.o
 .text.udd_ctrl_in_sent
                0x80003dcc      0x140 src/ASF/avr32/drivers/usbb/usbb_device.o
 .text.udd_ep_alloc
                0x80003f0c      0x174 src/ASF/avr32/drivers/usbb/usbb_device.o
                0x80003f0c                udd_ep_alloc
 .text.udd_enable
                0x80004080       0xec src/ASF/avr32/drivers/usbb/usbb_device.o
                0x80004080                udd_enable
 .text.udd_interrupt
                0x8000416c      0x64c src/ASF/avr32/drivers/usbb/usbb_device.o
                0x8000416c                udd_interrupt
 .text.uhd_get_speed
                0x800047b8       0x20 src/ASF/avr32/drivers/usbb/usbb_host.o
                0x800047b8                uhd_get_speed
 .text.uhd_get_frame_number
                0x800047d8        0xc src/ASF/avr32/drivers/usbb/usbb_host.o
                0x800047d8                uhd_get_frame_number
 .text.uhd_get_microframe_number
                0x800047e4        0xe src/ASF/avr32/drivers/usbb/usbb_host.o
                0x800047e4                uhd_get_microframe_number
 *fill*         0x800047f2        0x2 d703d703
 .text.uhd_send_reset
                0x800047f4       0x14 src/ASF/avr32/drivers/usbb/usbb_host.o
                0x800047f4                uhd_send_reset
 .text.uhd_suspend
                0x80004808       0x58 src/ASF/avr32/drivers/usbb/usbb_host.o
                0x80004808                uhd_suspend
 .text.uhd_is_suspend
                0x80004860       0x10 src/ASF/avr32/drivers/usbb/usbb_host.o
                0x80004860                uhd_is_suspend
 .text.uhd_ctrl_phase_zlp_in
                0x80004870       0x40 src/ASF/avr32/drivers/usbb/usbb_host.o
 .text.uhd_ctrl_phase_data_out
                0x800048b0      0x138 src/ASF/avr32/drivers/usbb/usbb_host.o
 .text.uhd_pipe_get_error
                0x800049e8       0x28 src/ASF/avr32/drivers/usbb/usbb_host.o
 .text.uhd_get_pipe
                0x80004a10       0x82 src/ASF/avr32/drivers/usbb/usbb_host.o
 *fill*         0x80004a92        0x2 d703d703
 .text.uhd_pipe_finish_job
                0x80004a94       0x84 src/ASF/avr32/drivers/usbb/usbb_host.o
 .text.uhd_ep_abort_pipe
                0x80004b18       0x68 src/ASF/avr32/drivers/usbb/usbb_host.o
 .text.uhd_pipe_trans_complet
                0x80004b80      0x1bc src/ASF/avr32/drivers/usbb/usbb_host.o
 .text.uhd_ep_run
                0x80004d3c       0x84 src/ASF/avr32/drivers/usbb/usbb_host.o
                0x80004d3c                uhd_ep_run
 .text.uhd_sleep_mode
                0x80004dc0       0xb4 src/ASF/avr32/drivers/usbb/usbb_host.o
 .text.uhd_resume
                0x80004e74       0x64 src/ASF/avr32/drivers/usbb/usbb_host.o
                0x80004e74                uhd_resume
 .text.uhd_ctrl_request_end
                0x80004ed8       0x80 src/ASF/avr32/drivers/usbb/usbb_host.o
 .text.uhd_ctrl_phase_setup
                0x80004f58       0xcc src/ASF/avr32/drivers/usbb/usbb_host.o
 .text.uhd_setup_request
                0x80005024       0x84 src/ASF/avr32/drivers/usbb/usbb_host.o
                0x80005024                uhd_setup_request
 .text.uhd_ep_free
                0x800050a8       0xd4 src/ASF/avr32/drivers/usbb/usbb_host.o
                0x800050a8                uhd_ep_free
 .text.uhd_ep_alloc
                0x8000517c      0x16e src/ASF/avr32/drivers/usbb/usbb_host.o
                0x8000517c                uhd_ep_alloc
 .text.uhd_ep0_alloc
                0x800052ea       0x8a src/ASF/avr32/drivers/usbb/usbb_host.o
                0x800052ea                uhd_ep0_alloc
 .text.otg_dual_disable
                0x80005374       0x60 src/ASF/avr32/drivers/usbb/usbb_host.o
                0x80005374                otg_dual_disable
 .text.uhd_disable
                0x800053d4       0x80 src/ASF/avr32/drivers/usbb/usbb_host.o
                0x800053d4                uhd_disable
 .text.otg_dual_enable
                0x80005454       0xb4 src/ASF/avr32/drivers/usbb/usbb_host.o
                0x80005454                otg_dual_enable
 .text.uhd_enable
                0x80005508      0x108 src/ASF/avr32/drivers/usbb/usbb_host.o
                0x80005508                uhd_enable
 .text.otg_interrupt
                0x80005610      0x7a8 src/ASF/avr32/drivers/usbb/usbb_host.o
 .text._stext   0x80005db8       0x40 src/ASF/avr32/utils/startup/startup_uc3.o
                                 0x50 (size before relaxing)
                0x80005db8                _stext
 .text.sysclk_priv_disable_module
                0x80005df8       0x32 src/ASF/common/services/clock/uc3a0_a1/sysclk.o
                0x80005df8                sysclk_priv_disable_module
 *fill*         0x80005e2a        0x2 d703d703
 .text.sysclk_disable_pbb_module
                0x80005e2c       0x3c src/ASF/common/services/clock/uc3a0_a1/sysclk.o
                0x80005e2c                sysclk_disable_pbb_module
 .text.sysclk_disable_usb
                0x80005e68       0x24 src/ASF/common/services/clock/uc3a0_a1/sysclk.o
                0x80005e68                sysclk_disable_usb
 .text.sysclk_priv_enable_module
                0x80005e8c       0x30 src/ASF/common/services/clock/uc3a0_a1/sysclk.o
                0x80005e8c                sysclk_priv_enable_module
 .text.sysclk_enable_pbb_module
                0x80005ebc       0x44 src/ASF/common/services/clock/uc3a0_a1/sysclk.o
                0x80005ebc                sysclk_enable_pbb_module
 .text.sysclk_enable_usb
                0x80005f00       0x8c src/ASF/common/services/clock/uc3a0_a1/sysclk.o
                0x80005f00                sysclk_enable_usb
 .text.sysclk_init
                0x80005f8c       0x60 src/ASF/common/services/clock/uc3a0_a1/sysclk.o
                0x80005f8c                sysclk_init
 .text.uhi_hid_mouse_uninstall
                0x80005fec       0x30 src/ASF/common/services/usb/class/hid/host/mouse/uhi_hid_mouse.o
                0x80005fec                uhi_hid_mouse_uninstall
 .text.uhi_hid_mouse_start_trans_report
                0x8000601c       0x28 src/ASF/common/services/usb/class/hid/host/mouse/uhi_hid_mouse.o
 .text.uhi_hid_mouse_enable
                0x80006044       0x34 src/ASF/common/services/usb/class/hid/host/mouse/uhi_hid_mouse.o
                0x80006044                uhi_hid_mouse_enable
 .text.uhi_hid_mouse_report_reception
                0x80006078      0x55c src/ASF/common/services/usb/class/hid/host/mouse/uhi_hid_mouse.o
 .text.uhi_hid_mouse_install
                0x800065d4       0xd0 src/ASF/common/services/usb/class/hid/host/mouse/uhi_hid_mouse.o
                0x800065d4                uhi_hid_mouse_install
 .text.udc_sof_notify
                0x800066a4       0x50 src/ASF/common/services/usb/udc/udc.o
                0x800066a4                udc_sof_notify
 .text.udc_get_eof_conf
                0x800066f4       0x20 src/ASF/common/services/usb/udc/udc.o
 .text.udc_update_iface_desc
                0x80006714       0x84 src/ASF/common/services/usb/udc/udc.o
 .text.udc_next_desc_in_iface
                0x80006798       0x50 src/ASF/common/services/usb/udc/udc.o
 .text.udc_valid_address
                0x800067e8       0x18 src/ASF/common/services/usb/udc/udc.o
 .text.udc_iface_enable
                0x80006800       0x60 src/ASF/common/services/usb/udc/udc.o
 .text.udc_iface_disable
                0x80006860       0x64 src/ASF/common/services/usb/udc/udc.o
 .text.udc_reset
                0x800068c4       0x5c src/ASF/common/services/usb/udc/udc.o
                0x800068c4                udc_reset
 .text.udc_process_setup
                0x80006920      0x52c src/ASF/common/services/usb/udc/udc.o
                0x80006920                udc_process_setup
 .text.udc_stop
                0x80006e4c       0x14 src/ASF/common/services/usb/udc/udc.o
                0x80006e4c                udc_stop
 .text.udc_start
                0x80006e60        0xc src/ASF/common/services/usb/udc/udc.o
                0x80006e60                udc_start
 .text.uhc_enable_timeout_callback
                0x80006e6c       0x14 src/ASF/common/services/usb/uhc/uhc.o
 .text.uhc_enumeration_step2
                0x80006e80       0x14 src/ASF/common/services/usb/uhc/uhc.o
 .text.uhc_enumeration_step8
                0x80006e94       0x14 src/ASF/common/services/usb/uhc/uhc.o
 .text.uhc_notify_sof
                0x80006ea8       0x4c src/ASF/common/services/usb/uhc/uhc.o
                0x80006ea8                uhc_notify_sof
 .text.uhc_remotewakeup
                0x80006ef4       0x54 src/ASF/common/services/usb/uhc/uhc.o
 .text.uhc_is_suspend
                0x80006f48       0x20 src/ASF/common/services/usb/uhc/uhc.o
                0x80006f48                uhc_is_suspend
 .text.uhc_resume
                0x80006f68       0x18 src/ASF/common/services/usb/uhc/uhc.o
                0x80006f68                uhc_resume
 .text.uhc_suspend
                0x80006f80       0x2c src/ASF/common/services/usb/uhc/uhc.o
                0x80006f80                uhc_suspend
 .text.uhc_enumeration_suspend
                0x80006fac        0xc src/ASF/common/services/usb/uhc/uhc.o
 .text.uhc_stop
                0x80006fb8        0xc src/ASF/common/services/usb/uhc/uhc.o
                0x80006fb8                uhc_stop
 .text.uhc_start
                0x80006fc4       0x24 src/ASF/common/services/usb/uhc/uhc.o
                0x80006fc4                uhc_start
 .text.uhc_notify_resume
                0x80006fe8       0x18 src/ASF/common/services/usb/uhc/uhc.o
                0x80006fe8                uhc_notify_resume
 .text.uhc_enumeration_reset
                0x80007000        0xc src/ASF/common/services/usb/uhc/uhc.o
 .text.uhc_enumeration_step1
                0x8000700c       0x14 src/ASF/common/services/usb/uhc/uhc.o
 .text.uhc_notify_connection
                0x80007020       0x94 src/ASF/common/services/usb/uhc/uhc.o
                0x80007020                uhc_notify_connection
 .text.uhc_enumeration_step3
                0x800070b4       0x14 src/ASF/common/services/usb/uhc/uhc.o
 .text.uhc_enumeration_step7
                0x800070c8       0x14 src/ASF/common/services/usb/uhc/uhc.o
 .text.uhc_enumeration_step4
                0x800070dc       0x24 src/ASF/common/services/usb/uhc/uhc.o
 .text.uhc_enumeration_error
                0x80007100       0x88 src/ASF/common/services/usb/uhc/uhc.o
 .text.uhc_enumeration_step5
                0x80007188       0x70 src/ASF/common/services/usb/uhc/uhc.o
 .text.uhc_enumeration_step6
                0x800071f8       0x4c src/ASF/common/services/usb/uhc/uhc.o
 .text.uhc_enumeration_step9
                0x80007244       0x78 src/ASF/common/services/usb/uhc/uhc.o
 .text.uhc_enumeration_step10
                0x800072bc       0x2c src/ASF/common/services/usb/uhc/uhc.o
 .text.uhc_enumeration_step11
                0x800072e8       0x74 src/ASF/common/services/usb/uhc/uhc.o
 .text.uhc_enumeration_step12
                0x8000735c       0x98 src/ASF/common/services/usb/uhc/uhc.o
 .text.uhc_enumeration_step13
                0x800073f4       0xe4 src/ASF/common/services/usb/uhc/uhc.o
 .text.uhc_enumeration_step14
                0x800074d8       0xf8 src/ASF/common/services/usb/uhc/uhc.o
 .text.uhc_enumeration_step15
                0x800075d0       0x74 src/ASF/common/services/usb/uhc/uhc.o
 .text.dacwait2
                0x80007644       0x28 src/main.o
                0x80007644                dacwait2
 .text.dacwait1
                0x8000766c       0x28 src/main.o
                0x8000766c                dacwait1
 .text.setSPI   0x80007694       0x70 src/main.o
                0x80007694                setSPI
 .text.initSPIbus
                0x80007704       0x94 src/main.o
                0x80007704                initSPIbus
 .text.DAC16Send
                0x80007798       0xe4 src/main.o
                0x80007798                DAC16Send
 .text.dacsend  0x8000787c      0x10c src/main.o
                0x8000787c                dacsend
 .text.DACsetup
                0x80007988       0xe8 src/main.o
                0x80007988                DACsetup
 .text.main     0x80007a70      0x19c src/main.o
                0x80007a70                main
 .text.free     0x80007c0c       0x10 c:/program files (x86)/atmel/atmel toolchain/avr32 gcc/native/3.4.1067/avr32-gnu-toolchain/bin/../lib/gcc/avr32/4.4.7/../../../../avr32/lib/ucr2\libc.a(lib_a-malloc.o)
                                 0x18 (size before relaxing)
                0x80007c0c                free
 .text.malloc   0x80007c1c       0x10 c:/program files (x86)/atmel/atmel toolchain/avr32 gcc/native/3.4.1067/avr32-gnu-toolchain/bin/../lib/gcc/avr32/4.4.7/../../../../avr32/lib/ucr2\libc.a(lib_a-malloc.o)
                                 0x18 (size before relaxing)
                0x80007c1c                malloc
 .text._malloc_r
                0x80007c2c      0x428 c:/program files (x86)/atmel/atmel toolchain/avr32 gcc/native/3.4.1067/avr32-gnu-toolchain/bin/../lib/gcc/avr32/4.4.7/../../../../avr32/lib/ucr2\libc.a(lib_a-mallocr.o)
                                0x450 (size before relaxing)
                0x80007c2c                _malloc_r
 .text          0x80008054      0x148 c:/program files (x86)/atmel/atmel toolchain/avr32 gcc/native/3.4.1067/avr32-gnu-toolchain/bin/../lib/gcc/avr32/4.4.7/../../../../avr32/lib/ucr2\libc.a(lib_a-memcpy.o)
                0x80008054                memcpy
 .text.__malloc_lock
                0x8000819c        0x2 c:/program files (x86)/atmel/atmel toolchain/avr32 gcc/native/3.4.1067/avr32-gnu-toolchain/bin/../lib/gcc/avr32/4.4.7/../../../../avr32/lib/ucr2\libc.a(lib_a-mlock.o)
                0x8000819c                __malloc_lock
 .text.__malloc_unlock
                0x8000819e        0x2 c:/program files (x86)/atmel/atmel toolchain/avr32 gcc/native/3.4.1067/avr32-gnu-toolchain/bin/../lib/gcc/avr32/4.4.7/../../../../avr32/lib/ucr2\libc.a(lib_a-mlock.o)
                0x8000819e                __malloc_unlock
 .text._sbrk_r  0x800081a0       0x20 c:/program files (x86)/atmel/atmel toolchain/avr32 gcc/native/3.4.1067/avr32-gnu-toolchain/bin/../lib/gcc/avr32/4.4.7/../../../../avr32/lib/ucr2\libc.a(lib_a-sbrkr.o)
                                 0x28 (size before relaxing)
                0x800081a0                _sbrk_r
 .text._close   0x800081c0       0x14 c:/program files (x86)/atmel/atmel toolchain/avr32 gcc/native/3.4.1067/avr32-gnu-toolchain/bin/../lib/gcc/avr32/4.4.7/../../../../avr32/lib/ucr2\libc.a(lib_a-syscalls.o)
                                 0x18 (size before relaxing)
                0x800081c0                _close
 .text._lseek   0x800081d4       0x14 c:/program files (x86)/atmel/atmel toolchain/avr32 gcc/native/3.4.1067/avr32-gnu-toolchain/bin/../lib/gcc/avr32/4.4.7/../../../../avr32/lib/ucr2\libc.a(lib_a-syscalls.o)
                                 0x18 (size before relaxing)
                0x800081d4                _lseek
 .text._read    0x800081e8       0x14 c:/program files (x86)/atmel/atmel toolchain/avr32 gcc/native/3.4.1067/avr32-gnu-toolchain/bin/../lib/gcc/avr32/4.4.7/../../../../avr32/lib/ucr2\libc.a(lib_a-syscalls.o)
                                 0x18 (size before relaxing)
                0x800081e8                _read
 .text._write   0x800081fc       0x14 c:/program files (x86)/atmel/atmel toolchain/avr32 gcc/native/3.4.1067/avr32-gnu-toolchain/bin/../lib/gcc/avr32/4.4.7/../../../../avr32/lib/ucr2\libc.a(lib_a-syscalls.o)
                                 0x18 (size before relaxing)
                0x800081fc                _write
 .text.isatty   0x80008210       0x14 c:/program files (x86)/atmel/atmel toolchain/avr32 gcc/native/3.4.1067/avr32-gnu-toolchain/bin/../lib/gcc/avr32/4.4.7/../../../../avr32/lib/ucr2\libc.a(lib_a-syscalls.o)
                                 0x18 (size before relaxing)
                0x80008210                isatty
 .text._fstat_host
                0x80008224       0x14 c:/program files (x86)/atmel/atmel toolchain/avr32 gcc/native/3.4.1067/avr32-gnu-toolchain/bin/../lib/gcc/avr32/4.4.7/../../../../avr32/lib/ucr2\libc.a(lib_a-syscalls.o)
                                 0x18 (size before relaxing)
                0x80008224                _fstat_host
 .text._fstat   0x80008238       0x4c c:/program files (x86)/atmel/atmel toolchain/avr32 gcc/native/3.4.1067/avr32-gnu-toolchain/bin/../lib/gcc/avr32/4.4.7/../../../../avr32/lib/ucr2\libc.a(lib_a-syscalls.o)
                                 0x50 (size before relaxing)
                0x80008238                _fstat
 .text._sbrk    0x80008284       0x38 c:/program files (x86)/atmel/atmel toolchain/avr32 gcc/native/3.4.1067/avr32-gnu-toolchain/bin/../lib/gcc/avr32/4.4.7/../../../../avr32/lib/ucr2\libc.a(lib_a-syscalls.o)
                                 0x40 (size before relaxing)
                0x80008284                _sbrk
 .text._vsprintf_r
                0x800082bc       0x30 c:/program files (x86)/atmel/atmel toolchain/avr32 gcc/native/3.4.1067/avr32-gnu-toolchain/bin/../lib/gcc/avr32/4.4.7/../../../../avr32/lib/ucr2\libc.a(lib_a-vsprintf.o)
                                 0x34 (size before relaxing)
                0x800082bc                _vsprintf_r
 .text.vsprintf
                0x800082ec       0x14 c:/program files (x86)/atmel/atmel toolchain/avr32 gcc/native/3.4.1067/avr32-gnu-toolchain/bin/../lib/gcc/avr32/4.4.7/../../../../avr32/lib/ucr2\libc.a(lib_a-vsprintf.o)
                                 0x1c (size before relaxing)
                0x800082ec                vsprintf
 .text.__errno  0x80008300        0xc c:/program files (x86)/atmel/atmel toolchain/avr32 gcc/native/3.4.1067/avr32-gnu-toolchain/bin/../lib/gcc/avr32/4.4.7/../../../../avr32/lib/ucr2\libc.a(lib_a-errno.o)
                0x80008300                __errno
 .text._malloc_trim_r
                0x8000830c       0x8c c:/program files (x86)/atmel/atmel toolchain/avr32 gcc/native/3.4.1067/avr32-gnu-toolchain/bin/../lib/gcc/avr32/4.4.7/../../../../avr32/lib/ucr2\libc.a(lib_a-freer.o)
                                 0xa8 (size before relaxing)
                0x8000830c                _malloc_trim_r
 .text._free_r  0x80008398      0x184 c:/program files (x86)/atmel/atmel toolchain/avr32 gcc/native/3.4.1067/avr32-gnu-toolchain/bin/../lib/gcc/avr32/4.4.7/../../../../avr32/lib/ucr2\libc.a(lib_a-freer.o)
                                0x1a0 (size before relaxing)
                0x80008398                _free_r
 .text.get_arg  0x8000851c      0x314 c:/program files (x86)/atmel/atmel toolchain/avr32 gcc/native/3.4.1067/avr32-gnu-toolchain/bin/../lib/gcc/avr32/4.4.7/../../../../avr32/lib/ucr2\libc.a(lib_a-vfprintf.o)
                                0x324 (size before relaxing)
 .text.__sprint_r
                0x80008830       0x1c c:/program files (x86)/atmel/atmel toolchain/avr32 gcc/native/3.4.1067/avr32-gnu-toolchain/bin/../lib/gcc/avr32/4.4.7/../../../../avr32/lib/ucr2\libc.a(lib_a-vfprintf.o)
                                 0x20 (size before relaxing)
 .text._vfprintf_r
                0x8000884c     0x1f14 c:/program files (x86)/atmel/atmel toolchain/avr32 gcc/native/3.4.1067/avr32-gnu-toolchain/bin/../lib/gcc/avr32/4.4.7/../../../../avr32/lib/ucr2\libc.a(lib_a-vfprintf.o)
                               0x1f9c (size before relaxing)
                0x8000884c                _vfprintf_r
 .text.__swsetup_r
                0x8000a760       0xdc c:/program files (x86)/atmel/atmel toolchain/avr32 gcc/native/3.4.1067/avr32-gnu-toolchain/bin/../lib/gcc/avr32/4.4.7/../../../../avr32/lib/ucr2\libc.a(lib_a-wsetup.o)
                                 0xe8 (size before relaxing)
                0x8000a760                __swsetup_r
 .text.quorem   0x8000a83c      0x120 c:/program files (x86)/atmel/atmel toolchain/avr32 gcc/native/3.4.1067/avr32-gnu-toolchain/bin/../lib/gcc/avr32/4.4.7/../../../../avr32/lib/ucr2\libc.a(lib_a-dtoa.o)
                                0x124 (size before relaxing)
 .text._dtoa_r  0x8000a95c      0xbdc c:/program files (x86)/atmel/atmel toolchain/avr32 gcc/native/3.4.1067/avr32-gnu-toolchain/bin/../lib/gcc/avr32/4.4.7/../../../../avr32/lib/ucr2\libc.a(lib_a-dtoa.o)
                                0xc90 (size before relaxing)
                0x8000a95c                _dtoa_r
 .text._fflush_r
                0x8000b538      0x10c c:/program files (x86)/atmel/atmel toolchain/avr32 gcc/native/3.4.1067/avr32-gnu-toolchain/bin/../lib/gcc/avr32/4.4.7/../../../../avr32/lib/ucr2\libc.a(lib_a-fflush.o)
                                0x118 (size before relaxing)
                0x8000b538                _fflush_r
 .text.__sfp_lock_acquire
                0x8000b644        0x2 c:/program files (x86)/atmel/atmel toolchain/avr32 gcc/native/3.4.1067/avr32-gnu-toolchain/bin/../lib/gcc/avr32/4.4.7/../../../../avr32/lib/ucr2\libc.a(lib_a-findfp.o)
                0x8000b644                __sfp_lock_acquire
 .text.__sfp_lock_release
                0x8000b646        0x2 c:/program files (x86)/atmel/atmel toolchain/avr32 gcc/native/3.4.1067/avr32-gnu-toolchain/bin/../lib/gcc/avr32/4.4.7/../../../../avr32/lib/ucr2\libc.a(lib_a-findfp.o)
                0x8000b646                __sfp_lock_release
 .text._cleanup_r
                0x8000b648        0xc c:/program files (x86)/atmel/atmel toolchain/avr32 gcc/native/3.4.1067/avr32-gnu-toolchain/bin/../lib/gcc/avr32/4.4.7/../../../../avr32/lib/ucr2\libc.a(lib_a-findfp.o)
                                 0x14 (size before relaxing)
                0x8000b648                _cleanup_r
 .text.__sfmoreglue
                0x8000b654       0x28 c:/program files (x86)/atmel/atmel toolchain/avr32 gcc/native/3.4.1067/avr32-gnu-toolchain/bin/../lib/gcc/avr32/4.4.7/../../../../avr32/lib/ucr2\libc.a(lib_a-findfp.o)
                                 0x30 (size before relaxing)
                0x8000b654                __sfmoreglue
 .text.__sfp    0x8000b67c       0x6c c:/program files (x86)/atmel/atmel toolchain/avr32 gcc/native/3.4.1067/avr32-gnu-toolchain/bin/../lib/gcc/avr32/4.4.7/../../../../avr32/lib/ucr2\libc.a(lib_a-findfp.o)
                                 0x7c (size before relaxing)
                0x8000b67c                __sfp
 .text.__sinit  0x8000b6e8       0x9c c:/program files (x86)/atmel/atmel toolchain/avr32 gcc/native/3.4.1067/avr32-gnu-toolchain/bin/../lib/gcc/avr32/4.4.7/../../../../avr32/lib/ucr2\libc.a(lib_a-findfp.o)
                                 0xb0 (size before relaxing)
                0x8000b6e8                __sinit
 .text.__sfvwrite_r
                0x8000b784      0x294 c:/program files (x86)/atmel/atmel toolchain/avr32 gcc/native/3.4.1067/avr32-gnu-toolchain/bin/../lib/gcc/avr32/4.4.7/../../../../avr32/lib/ucr2\libc.a(lib_a-fvwrite.o)
                                0x2c4 (size before relaxing)
                0x8000b784                __sfvwrite_r
 .text._fwalk   0x8000ba18       0x48 c:/program files (x86)/atmel/atmel toolchain/avr32 gcc/native/3.4.1067/avr32-gnu-toolchain/bin/../lib/gcc/avr32/4.4.7/../../../../avr32/lib/ucr2\libc.a(lib_a-fwalk.o)
                                 0x54 (size before relaxing)
                0x8000ba18                _fwalk
 .text._localeconv_r
                0x8000ba60        0x8 c:/program files (x86)/atmel/atmel toolchain/avr32 gcc/native/3.4.1067/avr32-gnu-toolchain/bin/../lib/gcc/avr32/4.4.7/../../../../avr32/lib/ucr2\libc.a(lib_a-locale.o)
                0x8000ba60                _localeconv_r
 .text.__smakebuf_r
                0x8000ba68       0xbc c:/program files (x86)/atmel/atmel toolchain/avr32 gcc/native/3.4.1067/avr32-gnu-toolchain/bin/../lib/gcc/avr32/4.4.7/../../../../avr32/lib/ucr2\libc.a(lib_a-makebuf.o)
                                 0xcc (size before relaxing)
                0x8000ba68                __smakebuf_r
 .text.memchr   0x8000bb24       0x16 c:/program files (x86)/atmel/atmel toolchain/avr32 gcc/native/3.4.1067/avr32-gnu-toolchain/bin/../lib/gcc/avr32/4.4.7/../../../../avr32/lib/ucr2\libc.a(lib_a-memchr.o)
                0x8000bb24                memchr
 .text.memmove  0x8000bb3a       0x3e c:/program files (x86)/atmel/atmel toolchain/avr32 gcc/native/3.4.1067/avr32-gnu-toolchain/bin/../lib/gcc/avr32/4.4.7/../../../../avr32/lib/ucr2\libc.a(lib_a-memmove.o)
                0x8000bb3a                memmove
 .text.memset   0x8000bb78        0xe c:/program files (x86)/atmel/atmel toolchain/avr32 gcc/native/3.4.1067/avr32-gnu-toolchain/bin/../lib/gcc/avr32/4.4.7/../../../../avr32/lib/ucr2\libc.a(lib_a-memset.o)
                0x8000bb78                memset
 .text.__hi0bits
                0x8000bb86       0x60 c:/program files (x86)/atmel/atmel toolchain/avr32 gcc/native/3.4.1067/avr32-gnu-toolchain/bin/../lib/gcc/avr32/4.4.7/../../../../avr32/lib/ucr2\libc.a(lib_a-mprec.o)
                0x8000bb86                __hi0bits
 .text.__lo0bits
                0x8000bbe6       0x8e c:/program files (x86)/atmel/atmel toolchain/avr32 gcc/native/3.4.1067/avr32-gnu-toolchain/bin/../lib/gcc/avr32/4.4.7/../../../../avr32/lib/ucr2\libc.a(lib_a-mprec.o)
                0x8000bbe6                __lo0bits
 .text.__mcmp   0x8000bc74       0x32 c:/program files (x86)/atmel/atmel toolchain/avr32 gcc/native/3.4.1067/avr32-gnu-toolchain/bin/../lib/gcc/avr32/4.4.7/../../../../avr32/lib/ucr2\libc.a(lib_a-mprec.o)
                0x8000bc74                __mcmp
 *fill*         0x8000bca6        0x2 d703d703
 .text._Bfree   0x8000bca8       0x34 c:/program files (x86)/atmel/atmel toolchain/avr32 gcc/native/3.4.1067/avr32-gnu-toolchain/bin/../lib/gcc/avr32/4.4.7/../../../../avr32/lib/ucr2\libc.a(lib_a-mprec.o)
                                 0x38 (size before relaxing)
                0x8000bca8                _Bfree
 .text._Balloc  0x8000bcdc       0x70 c:/program files (x86)/atmel/atmel toolchain/avr32 gcc/native/3.4.1067/avr32-gnu-toolchain/bin/../lib/gcc/avr32/4.4.7/../../../../avr32/lib/ucr2\libc.a(lib_a-mprec.o)
                                 0x78 (size before relaxing)
                0x8000bcdc                _Balloc
 .text.__d2b    0x8000bd4c       0xa0 c:/program files (x86)/atmel/atmel toolchain/avr32 gcc/native/3.4.1067/avr32-gnu-toolchain/bin/../lib/gcc/avr32/4.4.7/../../../../avr32/lib/ucr2\libc.a(lib_a-mprec.o)
                                 0xb4 (size before relaxing)
                0x8000bd4c                __d2b
 .text.__mdiff  0x8000bdec       0xd0 c:/program files (x86)/atmel/atmel toolchain/avr32 gcc/native/3.4.1067/avr32-gnu-toolchain/bin/../lib/gcc/avr32/4.4.7/../../../../avr32/lib/ucr2\libc.a(lib_a-mprec.o)
                                 0xd8 (size before relaxing)
                0x8000bdec                __mdiff
 .text.__lshift
                0x8000bebc       0x88 c:/program files (x86)/atmel/atmel toolchain/avr32 gcc/native/3.4.1067/avr32-gnu-toolchain/bin/../lib/gcc/avr32/4.4.7/../../../../avr32/lib/ucr2\libc.a(lib_a-mprec.o)
                                 0x94 (size before relaxing)
                0x8000bebc                __lshift
 .text.__multiply
                0x8000bf44      0x100 c:/program files (x86)/atmel/atmel toolchain/avr32 gcc/native/3.4.1067/avr32-gnu-toolchain/bin/../lib/gcc/avr32/4.4.7/../../../../avr32/lib/ucr2\libc.a(lib_a-mprec.o)
                                0x108 (size before relaxing)
                0x8000bf44                __multiply
 .text.__i2b    0x8000c044       0x10 c:/program files (x86)/atmel/atmel toolchain/avr32 gcc/native/3.4.1067/avr32-gnu-toolchain/bin/../lib/gcc/avr32/4.4.7/../../../../avr32/lib/ucr2\libc.a(lib_a-mprec.o)
                                 0x18 (size before relaxing)
                0x8000c044                __i2b
 .text.__multadd
                0x8000c054       0x7c c:/program files (x86)/atmel/atmel toolchain/avr32 gcc/native/3.4.1067/avr32-gnu-toolchain/bin/../lib/gcc/avr32/4.4.7/../../../../avr32/lib/ucr2\libc.a(lib_a-mprec.o)
                                 0x88 (size before relaxing)
                0x8000c054                __multadd
 .text.__pow5mult
                0x8000c0d0       0x8c c:/program files (x86)/atmel/atmel toolchain/avr32 gcc/native/3.4.1067/avr32-gnu-toolchain/bin/../lib/gcc/avr32/4.4.7/../../../../avr32/lib/ucr2\libc.a(lib_a-mprec.o)
                                 0xac (size before relaxing)
                0x8000c0d0                __pow5mult
 .text._realloc_r
                0x8000c15c      0x2c0 c:/program files (x86)/atmel/atmel toolchain/avr32 gcc/native/3.4.1067/avr32-gnu-toolchain/bin/../lib/gcc/avr32/4.4.7/../../../../avr32/lib/ucr2\libc.a(lib_a-reallocr.o)
                                0x2e0 (size before relaxing)
                0x8000c15c                _realloc_r
 .text.__isinfd
                0x8000c41c       0x2a c:/program files (x86)/atmel/atmel toolchain/avr32 gcc/native/3.4.1067/avr32-gnu-toolchain/bin/../lib/gcc/avr32/4.4.7/../../../../avr32/lib/ucr2\libc.a(lib_a-s_isinfd.o)
                0x8000c41c                __isinfd
 .text.__isnand
                0x8000c446       0x1c c:/program files (x86)/atmel/atmel toolchain/avr32 gcc/native/3.4.1067/avr32-gnu-toolchain/bin/../lib/gcc/avr32/4.4.7/../../../../avr32/lib/ucr2\libc.a(lib_a-s_isnand.o)
                0x8000c446                __isnand
 *fill*         0x8000c462        0x2 d703d703
 .text.__sclose
                0x8000c464        0x8 c:/program files (x86)/atmel/atmel toolchain/avr32 gcc/native/3.4.1067/avr32-gnu-toolchain/bin/../lib/gcc/avr32/4.4.7/../../../../avr32/lib/ucr2\libc.a(lib_a-stdio.o)
                                 0x10 (size before relaxing)
                0x8000c464                __sclose
 .text.__sseek  0x8000c46c       0x20 c:/program files (x86)/atmel/atmel toolchain/avr32 gcc/native/3.4.1067/avr32-gnu-toolchain/bin/../lib/gcc/avr32/4.4.7/../../../../avr32/lib/ucr2\libc.a(lib_a-stdio.o)
                                 0x28 (size before relaxing)
                0x8000c46c                __sseek
 .text.__swrite
                0x8000c48c       0x2c c:/program files (x86)/atmel/atmel toolchain/avr32 gcc/native/3.4.1067/avr32-gnu-toolchain/bin/../lib/gcc/avr32/4.4.7/../../../../avr32/lib/ucr2\libc.a(lib_a-stdio.o)
                                 0x38 (size before relaxing)
                0x8000c48c                __swrite
 .text.__sread  0x8000c4b8       0x1c c:/program files (x86)/atmel/atmel toolchain/avr32 gcc/native/3.4.1067/avr32-gnu-toolchain/bin/../lib/gcc/avr32/4.4.7/../../../../avr32/lib/ucr2\libc.a(lib_a-stdio.o)
                                 0x24 (size before relaxing)
                0x8000c4b8                __sread
 .text.strlen   0x8000c4d4       0x16 c:/program files (x86)/atmel/atmel toolchain/avr32 gcc/native/3.4.1067/avr32-gnu-toolchain/bin/../lib/gcc/avr32/4.4.7/../../../../avr32/lib/ucr2\libc.a(lib_a-strlen.o)
                0x8000c4d4                strlen
 *fill*         0x8000c4ea        0x2 d703d703
 .text._write_r
                0x8000c4ec       0x28 c:/program files (x86)/atmel/atmel toolchain/avr32 gcc/native/3.4.1067/avr32-gnu-toolchain/bin/../lib/gcc/avr32/4.4.7/../../../../avr32/lib/ucr2\libc.a(lib_a-writer.o)
                                 0x2c (size before relaxing)
                0x8000c4ec                _write_r
 .text._calloc_r
                0x8000c514       0x58 c:/program files (x86)/atmel/atmel toolchain/avr32 gcc/native/3.4.1067/avr32-gnu-toolchain/bin/../lib/gcc/avr32/4.4.7/../../../../avr32/lib/ucr2\libc.a(lib_a-callocr.o)
                                 0x60 (size before relaxing)
                0x8000c514                _calloc_r
 .text._close_r
                0x8000c56c       0x20 c:/program files (x86)/atmel/atmel toolchain/avr32 gcc/native/3.4.1067/avr32-gnu-toolchain/bin/../lib/gcc/avr32/4.4.7/../../../../avr32/lib/ucr2\libc.a(lib_a-closer.o)
                                 0x28 (size before relaxing)
                0x8000c56c                _close_r
 .text._fclose_r
                0x8000c58c       0xb8 c:/program files (x86)/atmel/atmel toolchain/avr32 gcc/native/3.4.1067/avr32-gnu-toolchain/bin/../lib/gcc/avr32/4.4.7/../../../../avr32/lib/ucr2\libc.a(lib_a-fclose.o)
                                 0xd0 (size before relaxing)
                0x8000c58c                _fclose_r
 .text.fclose   0x8000c644       0x10 c:/program files (x86)/atmel/atmel toolchain/avr32 gcc/native/3.4.1067/avr32-gnu-toolchain/bin/../lib/gcc/avr32/4.4.7/../../../../avr32/lib/ucr2\libc.a(lib_a-fclose.o)
                                 0x18 (size before relaxing)
                0x8000c644                fclose
 .text._fstat_r
                0x8000c654       0x24 c:/program files (x86)/atmel/atmel toolchain/avr32 gcc/native/3.4.1067/avr32-gnu-toolchain/bin/../lib/gcc/avr32/4.4.7/../../../../avr32/lib/ucr2\libc.a(lib_a-fstatr.o)
                                 0x2c (size before relaxing)
                0x8000c654                _fstat_r
 .text._lseek_r
                0x8000c678       0x28 c:/program files (x86)/atmel/atmel toolchain/avr32 gcc/native/3.4.1067/avr32-gnu-toolchain/bin/../lib/gcc/avr32/4.4.7/../../../../avr32/lib/ucr2\libc.a(lib_a-lseekr.o)
                                 0x2c (size before relaxing)
                0x8000c678                _lseek_r
 .text._read_r  0x8000c6a0       0x28 c:/program files (x86)/atmel/atmel toolchain/avr32 gcc/native/3.4.1067/avr32-gnu-toolchain/bin/../lib/gcc/avr32/4.4.7/../../../../avr32/lib/ucr2\libc.a(lib_a-readr.o)
                                 0x2c (size before relaxing)
                0x8000c6a0                _read_r
 .text          0x8000c6c8      0x1d4 c:/program files (x86)/atmel/atmel toolchain/avr32 gcc/native/3.4.1067/avr32-gnu-toolchain/bin/../lib/gcc/avr32/4.4.7/ucr2\libgcc.a(_avr32_f64_mul.o)
                0x8000c6c8                __avr32_f64_mul
 .text          0x8000c89c      0x2b0 c:/program files (x86)/atmel/atmel toolchain/avr32 gcc/native/3.4.1067/avr32-gnu-toolchain/bin/../lib/gcc/avr32/4.4.7/ucr2\libgcc.a(_avr32_f64_addsub.o)
                0x8000c8a0                __avr32_f64_sub
                0x8000ca3c                __avr32_f64_add
 .text          0x8000cb4c       0x2a c:/program files (x86)/atmel/atmel toolchain/avr32 gcc/native/3.4.1067/avr32-gnu-toolchain/bin/../lib/gcc/avr32/4.4.7/ucr2\libgcc.a(_avr32_f64_to_s32.o)
                0x8000cb4c                __avr32_f64_to_u32
                0x8000cb50                __avr32_f64_to_s32
 .text          0x8000cb76       0xe8 c:/program files (x86)/atmel/atmel toolchain/avr32 gcc/native/3.4.1067/avr32-gnu-toolchain/bin/../lib/gcc/avr32/4.4.7/ucr2\libgcc.a(_avr32_s32_to_f64.o)
                0x8000cb76                __avr32_u32_to_f64
                0x8000cb7e                __avr32_s32_to_f64
 .text          0x8000cc5e       0x26 c:/program files (x86)/atmel/atmel toolchain/avr32 gcc/native/3.4.1067/avr32-gnu-toolchain/bin/../lib/gcc/avr32/4.4.7/ucr2\libgcc.a(_avr32_f64_cmp_eq.o)
                0x8000cc5e                __avr32_f64_cmp_eq
 .text          0x8000cc84       0x68 c:/program files (x86)/atmel/atmel toolchain/avr32 gcc/native/3.4.1067/avr32-gnu-toolchain/bin/../lib/gcc/avr32/4.4.7/ucr2\libgcc.a(_avr32_f64_cmp_ge.o)
                0x8000cc84                __avr32_f64_cmp_ge
 .text          0x8000ccec       0x68 c:/program files (x86)/atmel/atmel toolchain/avr32 gcc/native/3.4.1067/avr32-gnu-toolchain/bin/../lib/gcc/avr32/4.4.7/ucr2\libgcc.a(_avr32_f64_cmp_lt.o)
                0x8000ccec                __avr32_f64_cmp_lt
 .text          0x8000cd54      0x318 c:/program files (x86)/atmel/atmel toolchain/avr32 gcc/native/3.4.1067/avr32-gnu-toolchain/bin/../lib/gcc/avr32/4.4.7/ucr2\libgcc.a(_avr32_f64_div.o)
                0x8000cd54                __avr32_f64_div
 .text          0x8000d06c      0x264 c:/program files (x86)/atmel/atmel toolchain/avr32 gcc/native/3.4.1067/avr32-gnu-toolchain/bin/../lib/gcc/avr32/4.4.7/ucr2\libgcc.a(_udivdi3.o)
                0x8000d06c                __avr32_udiv64
                0x8000d06c                __udivdi3
 .text          0x8000d2d0      0x20c c:/program files (x86)/atmel/atmel toolchain/avr32 gcc/native/3.4.1067/avr32-gnu-toolchain/bin/../lib/gcc/avr32/4.4.7/ucr2\libgcc.a(_umoddi3.o)
                0x8000d2d0                __avr32_umod64
                0x8000d2d0                __umoddi3
 *(.text.*personality*)
 *(.gnu.warning)

.exception      0x8000d600      0x200
 .exception     0x8000d600      0x200 src/ASF/avr32/drivers/intc/exception.o
                0x8000d600                _evba
                0x8000d704                _int0
                0x8000d712                _int1
                0x8000d720                _int2
                0x8000d72e                _int3

.fini
 *(.fini)
                0x8000d800                PROVIDE (__etext, .)
                0x8000d800                PROVIDE (_etext, .)
                0x8000d800                PROVIDE (etext, .)

.rodata         0x8000d800      0x790
 *(.rodata .rodata.* .gnu.linkonce.r.*)
 .rodata.str1.4
                0x8000d800        0x4 src/ASF/common/services/usb/class/MIDI/host/midi/uhi_midi.o
 .rodata.C.65.12619
                0x8000d804        0x6 src/ASF/common/services/usb/class/hid/dual/mouse/example/at32uc3a0512_evk1100/ui.o
 *fill*         0x8000d80a        0x2 
 .rodata.LED_DESCRIPTOR
                0x8000d80c       0x80 src/ASF/avr32/boards/evk1100/led.o
 .rodata._int_handler_table
                0x8000d88c       0xa0 src/ASF/avr32/drivers/intc/intc.o
 .rodata.C.54.11769
                0x8000d92c       0x18 src/ASF/avr32/drivers/usbb/usbb_host.o
 .rodata.CSWTCH.110
                0x8000d944        0xc src/ASF/avr32/drivers/usbb/usbb_host.o
 .rodata.CSWTCH.108
                0x8000d950        0xc src/ASF/avr32/drivers/usbb/usbb_host.o
 .rodata.str1.4
                0x8000d95c       0x3e src/ASF/common/services/usb/class/hid/host/mouse/uhi_hid_mouse.o
                                 0x40 (size before relaxing)
 *fill*         0x8000d99a        0x2 
 .rodata.uhc_uhis
                0x8000d99c       0x20 src/ASF/common/services/usb/uhc/uhc.o
 .rodata.DIP204_SPI_GPIO_MAP.12711
                0x8000d9bc       0x20 src/main.o
 .rodata.str1.4
                0x8000d9dc        0xb src/main.o
                                  0xc (size before relaxing)
 *fill*         0x8000d9e7        0x1 
 .rodata.SPARE_SPI_GPIO_MAP.12712
                0x8000d9e8       0x20 src/main.o
 .rodata.str1.4
                0x8000da08        0x2 c:/program files (x86)/atmel/atmel toolchain/avr32 gcc/native/3.4.1067/avr32-gnu-toolchain/bin/../lib/gcc/avr32/4.4.7/../../../../avr32/lib/ucr2\libc.a(lib_a-impure.o)
                                  0x4 (size before relaxing)
 *fill*         0x8000da0a        0x2 
 .rodata._global_impure_ptr
                0x8000da0c        0x4 c:/program files (x86)/atmel/atmel toolchain/avr32 gcc/native/3.4.1067/avr32-gnu-toolchain/bin/../lib/gcc/avr32/4.4.7/../../../../avr32/lib/ucr2\libc.a(lib_a-impure.o)
                0x8000da0c                _global_impure_ptr
 .rodata.get_arg
                0x8000da10       0x3c c:/program files (x86)/atmel/atmel toolchain/avr32 gcc/native/3.4.1067/avr32-gnu-toolchain/bin/../lib/gcc/avr32/4.4.7/../../../../avr32/lib/ucr2\libc.a(lib_a-vfprintf.o)
 .rodata._vfprintf_r
                0x8000da4c      0x164 c:/program files (x86)/atmel/atmel toolchain/avr32 gcc/native/3.4.1067/avr32-gnu-toolchain/bin/../lib/gcc/avr32/4.4.7/../../../../avr32/lib/ucr2\libc.a(lib_a-vfprintf.o)
 .rodata.state_table
                0x8000dbb0       0x6c c:/program files (x86)/atmel/atmel toolchain/avr32 gcc/native/3.4.1067/avr32-gnu-toolchain/bin/../lib/gcc/avr32/4.4.7/../../../../avr32/lib/ucr2\libc.a(lib_a-vfprintf.o)
 .rodata.action_table
                0x8000dc1c       0x6c c:/program files (x86)/atmel/atmel toolchain/avr32 gcc/native/3.4.1067/avr32-gnu-toolchain/bin/../lib/gcc/avr32/4.4.7/../../../../avr32/lib/ucr2\libc.a(lib_a-vfprintf.o)
 .rodata.str1.4
                0x8000dc88       0x3a c:/program files (x86)/atmel/atmel toolchain/avr32 gcc/native/3.4.1067/avr32-gnu-toolchain/bin/../lib/gcc/avr32/4.4.7/../../../../avr32/lib/ucr2\libc.a(lib_a-vfprintf.o)
                                 0x3c (size before relaxing)
 *fill*         0x8000dcc2        0x2 
 .rodata.blanks.3430
                0x8000dcc4       0x10 c:/program files (x86)/atmel/atmel toolchain/avr32 gcc/native/3.4.1067/avr32-gnu-toolchain/bin/../lib/gcc/avr32/4.4.7/../../../../avr32/lib/ucr2\libc.a(lib_a-vfprintf.o)
 .rodata.zeroes.3431
                0x8000dcd4       0x10 c:/program files (x86)/atmel/atmel toolchain/avr32 gcc/native/3.4.1067/avr32-gnu-toolchain/bin/../lib/gcc/avr32/4.4.7/../../../../avr32/lib/ucr2\libc.a(lib_a-vfprintf.o)
 .rodata.chclass
                0x8000dce4      0x100 c:/program files (x86)/atmel/atmel toolchain/avr32 gcc/native/3.4.1067/avr32-gnu-toolchain/bin/../lib/gcc/avr32/4.4.7/../../../../avr32/lib/ucr2\libc.a(lib_a-vfprintf.o)
 .rodata.str1.4
                0x8000dde4       0x10 c:/program files (x86)/atmel/atmel toolchain/avr32 gcc/native/3.4.1067/avr32-gnu-toolchain/bin/../lib/gcc/avr32/4.4.7/../../../../avr32/lib/ucr2\libc.a(lib_a-dtoa.o)
                                 0x14 (size before relaxing)
 .rodata.__sf_fake_stdin
                0x8000ddf4       0x20 c:/program files (x86)/atmel/atmel toolchain/avr32 gcc/native/3.4.1067/avr32-gnu-toolchain/bin/../lib/gcc/avr32/4.4.7/../../../../avr32/lib/ucr2\libc.a(lib_a-findfp.o)
                0x8000ddf4                __sf_fake_stdin
 .rodata.__sf_fake_stdout
                0x8000de14       0x20 c:/program files (x86)/atmel/atmel toolchain/avr32 gcc/native/3.4.1067/avr32-gnu-toolchain/bin/../lib/gcc/avr32/4.4.7/../../../../avr32/lib/ucr2\libc.a(lib_a-findfp.o)
                0x8000de14                __sf_fake_stdout
 .rodata.__sf_fake_stderr
                0x8000de34       0x20 c:/program files (x86)/atmel/atmel toolchain/avr32 gcc/native/3.4.1067/avr32-gnu-toolchain/bin/../lib/gcc/avr32/4.4.7/../../../../avr32/lib/ucr2\libc.a(lib_a-findfp.o)
                0x8000de34                __sf_fake_stderr
 .rodata.lconv  0x8000de54       0x30 c:/program files (x86)/atmel/atmel toolchain/avr32 gcc/native/3.4.1067/avr32-gnu-toolchain/bin/../lib/gcc/avr32/4.4.7/../../../../avr32/lib/ucr2\libc.a(lib_a-locale.o)
 .rodata.str1.4
                0x8000de84       0x10 c:/program files (x86)/atmel/atmel toolchain/avr32 gcc/native/3.4.1067/avr32-gnu-toolchain/bin/../lib/gcc/avr32/4.4.7/../../../../avr32/lib/ucr2\libc.a(lib_a-locale.o)
                                 0x18 (size before relaxing)
 .rodata.p05.2471
                0x8000de94        0xc c:/program files (x86)/atmel/atmel toolchain/avr32 gcc/native/3.4.1067/avr32-gnu-toolchain/bin/../lib/gcc/avr32/4.4.7/../../../../avr32/lib/ucr2\libc.a(lib_a-mprec.o)
 .rodata.__mprec_tens
                0x8000dea0       0xc8 c:/program files (x86)/atmel/atmel toolchain/avr32 gcc/native/3.4.1067/avr32-gnu-toolchain/bin/../lib/gcc/avr32/4.4.7/../../../../avr32/lib/ucr2\libc.a(lib_a-mprec.o)
                0x8000dea0                __mprec_tens
 .rodata.__mprec_bigtens
                0x8000df68       0x28 c:/program files (x86)/atmel/atmel toolchain/avr32 gcc/native/3.4.1067/avr32-gnu-toolchain/bin/../lib/gcc/avr32/4.4.7/../../../../avr32/lib/ucr2\libc.a(lib_a-mprec.o)
                0x8000df68                __mprec_bigtens

.rodata1
 *(.rodata1)

.eh_frame_hdr
 *(.eh_frame_hdr)

.eh_frame
 *(.eh_frame)

.gcc_except_table
 *(.gcc_except_table)
 *(.gcc_except_table.*)

.lalign         0x8000df90        0x0
                0x8000df90                . = ALIGN (0x8)
                0x8000df90                PROVIDE (_data_lma, .)
                0x00000004                . = ORIGIN (INTRAM)

.dalign         0x00000004        0x4
                0x00000008                . = ALIGN (0x8)
 *fill*         0x00000004        0x4 
                0x00000008                PROVIDE (_data, .)

.eh_frame
 *(.eh_frame)

.gcc_except_table
 *(.gcc_except_table)
 *(.gcc_except_table.*)

.tdata
 *(.tdata .tdata.* .gnu.linkonce.td.*)

.tbss
 *(.tbss .tbss.* .gnu.linkonce.tb.*)
 *(.tcommon)
                0x00000008                PROVIDE (__preinit_array_start, ALIGN (0x4))

.preinit_array
 *(.preinit_array)
                0x00000008                PROVIDE (__preinit_array_end, .)
                0x00000008                PROVIDE (__init_array_start, .)

.init_array
 *(.init_array)
                0x00000008                PROVIDE (__init_array_end, .)
                0x00000008                PROVIDE (__fini_array_start, .)

.fini_array
 *(.fini_array)
                0x00000008                PROVIDE (__fini_array_end, .)

.ctors
 *crtbegin*.o(.ctors)
 *(EXCLUDE_FILE(*crtend*.o) .ctors)
 *(SORT(.ctors.*))
 *(.ctors)

.dtors
 *crtbegin*.o(.dtors)
 *(EXCLUDE_FILE(*crtend*.o) .dtors)
 *(SORT(.dtors.*))
 *(.dtors)

.jcr
 *(.jcr)

.data.rel.ro
 *(.data.rel.ro.local)
 *(.data.rel.ro*)

.dynamic
 *(.dynamic)

.got
 *(.got.plt)
 *(.got)

.ramtext
 *(.ramtext .ramtext.*)

.ddalign        0x00000008        0x0 load address 0x8000df90
                0x00000008                . = ALIGN (0x8)

.data           0x00000008      0x8c0 load address 0x8000df90
 *(.data .data.* .gnu.linkonce.d.*)
 .data.channel_id
                0x00000008        0x4 src/ASF/avr32/components/display/dip204/dip204.o
 .data.udc_midi_device_desc
                0x0000000c       0x14 src/ASF/common/services/usb/class/MIDI/device/midi/udi_midi_desc.o
                0x0000000c                udc_midi_device_desc
 .data.udc_config
                0x00000020        0xc src/ASF/common/services/usb/class/MIDI/device/midi/udi_midi_desc.o
                0x00000020                udc_config
 .data.udc_midi_config_fshs
                0x0000002c        0x8 src/ASF/common/services/usb/class/MIDI/device/midi/udi_midi_desc.o
                0x0000002c                udc_midi_config_fshs
 .data.udi_midi_apis
                0x00000034        0x4 src/ASF/common/services/usb/class/MIDI/device/midi/udi_midi_desc.o
                0x00000034                udi_midi_apis
 .data.udc_midi_desc
                0x00000038       0x68 src/ASF/common/services/usb/class/MIDI/device/midi/udi_midi_desc.o
                0x00000038                udc_midi_desc
 .data.ui_enum_status
                0x000000a0        0x4 src/ASF/common/services/usb/class/hid/dual/mouse/example/at32uc3a0512_evk1100/ui.o
 .data.LED_State
                0x000000a4        0x4 src/ASF/avr32/boards/evk1100/led.o
 .data.harmonicmap
                0x000000a8       0xc0 src/ASF/common/services/usb/class/hid/host/mouse/uhi_hid_mouse.o
                0x000000a8                harmonicmap
 .data.werckmeister3
                0x00000168       0x30 src/ASF/common/services/usb/class/hid/host/mouse/uhi_hid_mouse.o
                0x00000168                werckmeister3
 .data.overtonejust
                0x00000198       0x30 src/ASF/common/services/usb/class/hid/host/mouse/uhi_hid_mouse.o
                0x00000198                overtonejust
 .data.meantone
                0x000001c8       0x30 src/ASF/common/services/usb/class/hid/host/mouse/uhi_hid_mouse.o
                0x000001c8                meantone
 .data.scaledoctaveDACvalue
                0x000001f8        0x4 src/ASF/common/services/usb/class/hid/host/mouse/uhi_hid_mouse.o
                0x000001f8                scaledoctaveDACvalue
 .data.whichmap
                0x000001fc        0x4 src/ASF/common/services/usb/class/hid/host/mouse/uhi_hid_mouse.o
                0x000001fc                whichmap
 .data.whmap    0x00000200       0xc0 src/ASF/common/services/usb/class/hid/host/mouse/uhi_hid_mouse.o
                0x00000200                whmap
 .data.werckmeister1
                0x000002c0       0x30 src/ASF/common/services/usb/class/hid/host/mouse/uhi_hid_mouse.o
                0x000002c0                werckmeister1
 .data.twelvetet
                0x000002f0       0x30 src/ASF/common/services/usb/class/hid/host/mouse/uhi_hid_mouse.o
                0x000002f0                twelvetet
 .data.kora1    0x00000320       0x30 src/ASF/common/services/usb/class/hid/host/mouse/uhi_hid_mouse.o
                0x00000320                kora1
 .data.udc_string_product_name
                0x00000350       0x10 src/ASF/common/services/usb/udc/udc.o
 .data.udc_string_manufacturer_name
                0x00000360       0x10 src/ASF/common/services/usb/udc/udc.o
 .data.udc_string_desc
                0x00000370       0x20 src/ASF/common/services/usb/udc/udc.o
 .data.udc_string_desc_languageid
                0x00000390        0x4 src/ASF/common/services/usb/udc/udc.o
 .data.spiOptions12DAC
                0x00000394       0x10 src/main.o
                0x00000394                spiOptions12DAC
 .data.spiOptions16DAC
                0x000003a4       0x10 src/main.o
                0x000003a4                spiOptions16DAC
 .data.DIP_spiOptions
                0x000003b4       0x10 src/main.o
                0x000003b4                DIP_spiOptions
 .data.__malloc_av_
                0x000003c4      0x408 c:/program files (x86)/atmel/atmel toolchain/avr32 gcc/native/3.4.1067/avr32-gnu-toolchain/bin/../lib/gcc/avr32/4.4.7/../../../../avr32/lib/ucr2\libc.a(lib_a-mallocr.o)
                0x000003c4                __malloc_av_
 .data.__malloc_trim_threshold
                0x000007cc        0x4 c:/program files (x86)/atmel/atmel toolchain/avr32 gcc/native/3.4.1067/avr32-gnu-toolchain/bin/../lib/gcc/avr32/4.4.7/../../../../avr32/lib/ucr2\libc.a(lib_a-mallocr.o)
                0x000007cc                __malloc_trim_threshold
 .data.__malloc_sbrk_base
                0x000007d0        0x4 c:/program files (x86)/atmel/atmel toolchain/avr32 gcc/native/3.4.1067/avr32-gnu-toolchain/bin/../lib/gcc/avr32/4.4.7/../../../../avr32/lib/ucr2\libc.a(lib_a-mallocr.o)
                0x000007d0                __malloc_sbrk_base
 .data.impure_data
                0x000007d4       0xf0 c:/program files (x86)/atmel/atmel toolchain/avr32 gcc/native/3.4.1067/avr32-gnu-toolchain/bin/../lib/gcc/avr32/4.4.7/../../../../avr32/lib/ucr2\libc.a(lib_a-impure.o)
 .data._impure_ptr
                0x000008c4        0x4 c:/program files (x86)/atmel/atmel toolchain/avr32 gcc/native/3.4.1067/avr32-gnu-toolchain/bin/../lib/gcc/avr32/4.4.7/../../../../avr32/lib/ucr2\libc.a(lib_a-impure.o)
                0x000008c4                _impure_ptr
 *(.gnu.linkonce.d.*personality*)

.data1
 *(.data1)

.balign         0x000008c8        0x0 load address 0x8000e850
                0x000008c8                . = ALIGN (0x8)
                0x000008c8                PROVIDE (_edata, .)
                0x000008c8                PROVIDE (edata, .)
                0x000008c8                __bss_start = .

.bss            0x000008c8      0x3a8
 *(.dynbss)
 *(.bss .bss.* .gnu.linkonce.b.*)
 .bss.pwm_channel
                0x000008c8       0x20 src/ASF/avr32/components/display/dip204/dip204.o
 .bss.pwm_duty  0x000008e8        0x2 src/ASF/avr32/components/display/dip204/dip204.o
 *fill*         0x000008ea        0x2 
 .bss.udi_hid_mouse_report
                0x000008ec        0x4 src/ASF/common/services/usb/class/MIDI/device/midi/udi_midi.o
 .bss.udi_hid_mouse_report_trans_ongoing
                0x000008f0        0x1 src/ASF/common/services/usb/class/MIDI/device/midi/udi_midi.o
 *fill*         0x000008f1        0x3 
 .bss.udi_api_midi
                0x000008f4       0x14 src/ASF/common/services/usb/class/MIDI/device/midi/udi_midi.o
                0x000008f4                udi_api_midi
 .bss.udi_hid_mouse_report_trans
                0x00000908        0x4 src/ASF/common/services/usb/class/MIDI/device/midi/udi_midi.o
 .bss.udi_hid_mouse_b_report_valid
                0x0000090c        0x1 src/ASF/common/services/usb/class/MIDI/device/midi/udi_midi.o
 *fill*         0x0000090d        0x3 
 .bss.uhi_midi_dev
                0x00000910       0x38 src/ASF/common/services/usb/class/MIDI/host/midi/uhi_midi.o
 .bss.i.11274   0x00000948        0x1 src/ASF/common/services/usb/class/MIDI/host/midi/uhi_midi.o
 .bss.ui_midi_plug
                0x00000949        0x1 src/ASF/common/services/usb/class/hid/dual/mouse/example/at32uc3a0512_evk1100/ui.o
                0x00000949                ui_midi_plug
 .bss.ui_device_speed_blink
                0x0000094a        0x2 src/ASF/common/services/usb/class/hid/dual/mouse/example/at32uc3a0512_evk1100/ui.o
 .bss.ui_hid_mouse_plug
                0x0000094c        0x1 src/ASF/common/services/usb/class/hid/dual/mouse/example/at32uc3a0512_evk1100/ui.o
 .bss.btn_suspend_and_remotewakeup.12681
                0x0000094d        0x1 src/ASF/common/services/usb/class/hid/dual/mouse/example/at32uc3a0512_evk1100/ui.o
 .bss.counter_sof.12682
                0x0000094e        0x2 src/ASF/common/services/usb/class/hid/dual/mouse/example/at32uc3a0512_evk1100/ui.o
 .bss.cpt_sof.12770
                0x00000950        0x1 src/ASF/common/services/usb/class/hid/dual/mouse/example/at32uc3a0512_evk1100/ui.o
 .bss.btn_right_last_state.12768
                0x00000951        0x1 src/ASF/common/services/usb/class/hid/dual/mouse/example/at32uc3a0512_evk1100/ui.o
 .bss.btn_left_last_state.12767
                0x00000952        0x1 src/ASF/common/services/usb/class/hid/dual/mouse/example/at32uc3a0512_evk1100/ui.o
 .bss.btn_suspend.12680
                0x00000953        0x1 src/ASF/common/services/usb/class/hid/dual/mouse/example/at32uc3a0512_evk1100/ui.o
 .bss.ui_device_b_mouse_enable
                0x00000954        0x1 src/ASF/common/services/usb/class/hid/dual/mouse/example/at32uc3a0512_evk1100/ui.o
 .bss.btn_middle_last_state.12769
                0x00000955        0x1 src/ASF/common/services/usb/class/hid/dual/mouse/example/at32uc3a0512_evk1100/ui.o
 *fill*         0x00000956        0x2 
 .bss._int_line_handler_table_6
                0x00000958        0x4 src/ASF/avr32/drivers/intc/intc.o
 .bss._int_line_handler_table_7
                0x0000095c        0x4 src/ASF/avr32/drivers/intc/intc.o
 .bss._int_line_handler_table_8
                0x00000960        0x4 src/ASF/avr32/drivers/intc/intc.o
 .bss._int_line_handler_table_9
                0x00000964        0x4 src/ASF/avr32/drivers/intc/intc.o
 .bss._int_line_handler_table_10
                0x00000968        0x4 src/ASF/avr32/drivers/intc/intc.o
 .bss._int_line_handler_table_11
                0x0000096c        0x4 src/ASF/avr32/drivers/intc/intc.o
 .bss._int_line_handler_table_12
                0x00000970        0x4 src/ASF/avr32/drivers/intc/intc.o
 .bss._int_line_handler_table_13
                0x00000974        0x4 src/ASF/avr32/drivers/intc/intc.o
 .bss._int_line_handler_table_14
                0x00000978        0xc src/ASF/avr32/drivers/intc/intc.o
 .bss._int_line_handler_table_15
                0x00000984        0x4 src/ASF/avr32/drivers/intc/intc.o
 .bss._int_line_handler_table_16
                0x00000988        0x4 src/ASF/avr32/drivers/intc/intc.o
 .bss._int_line_handler_table_17
                0x0000098c        0x4 src/ASF/avr32/drivers/intc/intc.o
 .bss._int_line_handler_table_18
                0x00000990        0x4 src/ASF/avr32/drivers/intc/intc.o
 .bss._int_line_handler_table_19
                0x00000994        0x4 src/ASF/avr32/drivers/intc/intc.o
 .bss._int_line_handler_table_0
                0x00000998        0x4 src/ASF/avr32/drivers/intc/intc.o
 .bss._int_line_handler_table_1
                0x0000099c       0x2c src/ASF/avr32/drivers/intc/intc.o
 .bss._int_line_handler_table_2
                0x000009c8       0x38 src/ASF/avr32/drivers/intc/intc.o
 .bss._int_line_handler_table_3
                0x00000a00       0x3c src/ASF/avr32/drivers/intc/intc.o
 .bss._int_line_handler_table_4
                0x00000a3c        0x4 src/ASF/avr32/drivers/intc/intc.o
 .bss._int_line_handler_table_5
                0x00000a40        0x4 src/ASF/avr32/drivers/intc/intc.o
 .bss.udd_ctrl_prev_payload_nb_trans
                0x00000a44        0x2 src/ASF/avr32/drivers/usbb/usbb_device.o
 *fill*         0x00000a46        0x2 
 .bss.udd_ep_job
                0x00000a48       0x28 src/ASF/avr32/drivers/usbb/usbb_device.o
 .bss.udd_b_idle
                0x00000a70        0x1 src/ASF/avr32/drivers/usbb/usbb_device.o
 *fill*         0x00000a71        0x1 
 .bss.udd_ctrl_payload_nb_trans
                0x00000a72        0x2 src/ASF/avr32/drivers/usbb/usbb_device.o
 .bss.udd_ep_control_state
                0x00000a74        0x4 src/ASF/avr32/drivers/usbb/usbb_device.o
 .bss.b_shortpacket.12629
                0x00000a78        0x1 src/ASF/avr32/drivers/usbb/usbb_device.o
 *fill*         0x00000a79        0x3 
 .bss.uhd_state.11768
                0x00000a7c        0x4 src/ASF/avr32/drivers/usbb/usbb_host.o
 .bss.uhd_reset_callback
                0x00000a80        0x4 src/ASF/avr32/drivers/usbb/usbb_host.o
 .bss.uhd_pipe_job
                0x00000a84       0x78 src/ASF/avr32/drivers/usbb/usbb_host.o
 .bss.uhd_suspend_start
                0x00000afc        0x1 src/ASF/avr32/drivers/usbb/usbb_host.o
 .bss.uhd_pipes_unfreeze
                0x00000afd        0x1 src/ASF/avr32/drivers/usbb/usbb_host.o
 .bss.otg_initialized
                0x00000afe        0x1 src/ASF/avr32/drivers/usbb/usbb_host.o
 .bss.uhd_resume_start
                0x00000aff        0x1 src/ASF/avr32/drivers/usbb/usbb_host.o
 .bss.uhd_b_suspend_requested
                0x00000b00        0x1 src/ASF/avr32/drivers/usbb/usbb_host.o
 .bss.sysclk_pbb_refcount
                0x00000b01        0x1 src/ASF/common/services/clock/uc3a0_a1/sysclk.o
 *fill*         0x00000b02        0x2 
 .bss.pastbutt_states
                0x00000b04       0x30 src/ASF/common/services/usb/class/hid/host/mouse/uhi_hid_mouse.o
 .bss.pastsliders
                0x00000b34        0x4 src/ASF/common/services/usb/class/hid/host/mouse/uhi_hid_mouse.o
                0x00000b34                pastsliders
 .bss.numnotes  0x00000b38        0x1 src/ASF/common/services/usb/class/hid/host/mouse/uhi_hid_mouse.o
                0x00000b38                numnotes
 *fill*         0x00000b39        0x3 
 .bss.sliders   0x00000b3c        0x4 src/ASF/common/services/usb/class/hid/host/mouse/uhi_hid_mouse.o
                0x00000b3c                sliders
 .bss.lastButtVCA
                0x00000b40        0x1 src/ASF/common/services/usb/class/hid/host/mouse/uhi_hid_mouse.o
                0x00000b40                lastButtVCA
 .bss.transpose
                0x00000b41        0x1 src/ASF/common/services/usb/class/hid/host/mouse/uhi_hid_mouse.o
                0x00000b41                transpose
 .bss.octaveoffset
                0x00000b42        0x1 src/ASF/common/services/usb/class/hid/host/mouse/uhi_hid_mouse.o
                0x00000b42                octaveoffset
 .bss.amplitude
                0x00000b43        0x1 src/ASF/common/services/usb/class/hid/host/mouse/uhi_hid_mouse.o
                0x00000b43                amplitude
 .bss.uhi_hid_mouse_dev
                0x00000b44       0x10 src/ASF/common/services/usb/class/hid/host/mouse/uhi_hid_mouse.o
 .bss.currentnote
                0x00000b54        0x1 src/ASF/common/services/usb/class/hid/host/mouse/uhi_hid_mouse.o
                0x00000b54                currentnote
 .bss.tuning    0x00000b55        0x1 src/ASF/common/services/usb/class/hid/host/mouse/uhi_hid_mouse.o
                0x00000b55                tuning
 .bss.udc_ep_status.11231
                0x00000b56        0x2 src/ASF/common/services/usb/udc/udc.o
 .bss.udc_ptr_conf
                0x00000b58        0x4 src/ASF/common/services/usb/udc/udc.o
 .bss.udc_iface_setting
                0x00000b5c        0x4 src/ASF/common/services/usb/udc/udc.o
 .bss.udc_device_status
                0x00000b60        0x2 src/ASF/common/services/usb/udc/udc.o
 *fill*         0x00000b62        0x2 
 .bss.udc_num_configuration
                0x00000b64        0x4 src/ASF/common/services/usb/udc/udc.o
 .bss.udc_ptr_iface
                0x00000b68        0x4 src/ASF/common/services/usb/udc/udc.o
 .bss.g_uhc_device_root
                0x00000b6c       0x1c src/ASF/common/services/usb/uhc/uhc.o
 .bss.uhc_enum_try
                0x00000b88        0x1 src/ASF/common/services/usb/uhc/uhc.o
 *fill*         0x00000b89        0x3 
 .bss.uhc_sof_timeout_callback
                0x00000b8c        0x4 src/ASF/common/services/usb/uhc/uhc.o
 .bss.SPIbusy   0x00000b90        0x1 src/main.o
                0x00000b90                SPIbusy
 *fill*         0x00000b91        0x1 
 .bss.DAC1outhigh
                0x00000b92        0x2 src/main.o
                0x00000b92                DAC1outhigh
 .bss.dacouthigh
                0x00000b94        0x2 src/main.o
                0x00000b94                dacouthigh
 .bss.dacoutlow
                0x00000b96        0x2 src/main.o
                0x00000b96                dacoutlow
 .bss.DAC1outlow
                0x00000b98        0x2 src/main.o
                0x00000b98                DAC1outlow
 *fill*         0x00000b9a        0x2 
 .bss.__malloc_max_total_mem
                0x00000b9c        0x4 c:/program files (x86)/atmel/atmel toolchain/avr32 gcc/native/3.4.1067/avr32-gnu-toolchain/bin/../lib/gcc/avr32/4.4.7/../../../../avr32/lib/ucr2\libc.a(lib_a-mallocr.o)
                0x00000b9c                __malloc_max_total_mem
 .bss.__malloc_max_sbrked_mem
                0x00000ba0        0x4 c:/program files (x86)/atmel/atmel toolchain/avr32 gcc/native/3.4.1067/avr32-gnu-toolchain/bin/../lib/gcc/avr32/4.4.7/../../../../avr32/lib/ucr2\libc.a(lib_a-mallocr.o)
                0x00000ba0                __malloc_max_sbrked_mem
 .bss.__malloc_top_pad
                0x00000ba4        0x4 c:/program files (x86)/atmel/atmel toolchain/avr32 gcc/native/3.4.1067/avr32-gnu-toolchain/bin/../lib/gcc/avr32/4.4.7/../../../../avr32/lib/ucr2\libc.a(lib_a-mallocr.o)
                0x00000ba4                __malloc_top_pad
 .bss.__malloc_current_mallinfo
                0x00000ba8       0x28 c:/program files (x86)/atmel/atmel toolchain/avr32 gcc/native/3.4.1067/avr32-gnu-toolchain/bin/../lib/gcc/avr32/4.4.7/../../../../avr32/lib/ucr2\libc.a(lib_a-mallocr.o)
                0x00000ba8                __malloc_current_mallinfo
 .bss.cur_heap_pos.1869
                0x00000bd0        0x4 c:/program files (x86)/atmel/atmel toolchain/avr32 gcc/native/3.4.1067/avr32-gnu-toolchain/bin/../lib/gcc/avr32/4.4.7/../../../../avr32/lib/ucr2\libc.a(lib_a-syscalls.o)
 *(COMMON)
 COMMON         0x00000bd4       0x18 src/ASF/avr32/drivers/usbb/usbb_device.o
                0x00000bd4                udd_g_ctrlreq
 COMMON         0x00000bec       0x12 src/ASF/avr32/drivers/usbb/usbb_host.o
                0x00000bec                uhd_ctrl_request_phase
                0x00000bf0                uhd_ctrl_request_first
                0x00000bf4                uhd_ctrl_nb_trans
                0x00000bf8                uhd_ctrl_request_last
                0x00000bfc                uhd_ctrl_request_timeout
 *fill*         0x00000bfe        0x2 
 COMMON         0x00000c00        0x7 src/ASF/common/services/sleepmgr/uc3/sleepmgr.o
                0x00000c00                sleepmgr_locks
 *fill*         0x00000c07        0x1 
 COMMON         0x00000c08       0x60 src/ASF/common/services/usb/class/hid/host/mouse/uhi_hid_mouse.o
                0x00000c08                notestack
                0x00000c38                butt_states
 COMMON         0x00000c68        0x1 src/ASF/common/services/usb/uhc/uhc.o
                0x00000c68                uhc_sof_timeout
 *fill*         0x00000c69        0x3 
 COMMON         0x00000c6c        0x4 c:/program files (x86)/atmel/atmel toolchain/avr32 gcc/native/3.4.1067/avr32-gnu-toolchain/bin/../lib/gcc/avr32/4.4.7/../../../../avr32/lib/ucr2\libc.a(lib_a-reent.o)
                0x00000c6c                errno
                0x00000c70                . = ALIGN (0x8)
                0x00000c70                . = ALIGN (0x8)
                0x00000c70                _end = .
                0x00000c70                PROVIDE (end, .)
                0x00000c70                __heap_start__ = ALIGN (0x8)

.heap           0x00000c70     0xe390
 *(.heap)
                0x0000e390                . = (__heap_size__ == __max_heap_size__)?(((ORIGIN (INTRAM) + 0xfffc) - __stack_size__) - ABSOLUTE (.)):__heap_size__
 *fill*         0x00000c70     0xe390 
                0x0000f000                __heap_end__ = .

.stab
 *(.stab)

.stabstr
 *(.stabstr)

.stab.excl
 *(.stab.excl)

.stab.exclstr
 *(.stab.exclstr)

.stab.index
 *(.stab.index)

.stab.indexstr
 *(.stab.indexstr)

.comment        0x00000000       0x30
 *(.comment)
 .comment       0x00000000       0x30 src/ASF/avr32/components/display/dip204/dip204.o
                                 0x31 (size before relaxing)
 .comment       0x00000000       0x31 src/ASF/avr32/drivers/pwm/pwm.o
 .comment       0x00000000       0x31 src/ASF/avr32/drivers/spi/spi.o
 .comment       0x00000000       0x31 src/ASF/common/services/usb/class/MIDI/device/midi/udi_midi.o
 .comment       0x00000000       0x31 src/ASF/common/services/usb/class/MIDI/device/midi/udi_midi_desc.o
 .comment       0x00000000       0x31 src/ASF/common/services/usb/class/MIDI/host/midi/uhi_midi.o
 .comment       0x00000000       0x31 src/ASF/common/services/usb/class/hid/dual/mouse/example/at32uc3a0512_evk1100/ui.o
 .comment       0x00000000       0x31 src/ASF/avr32/boards/evk1100/init.o
 .comment       0x00000000       0x31 src/ASF/avr32/boards/evk1100/led.o
 .comment       0x00000000       0x31 src/ASF/avr32/drivers/eic/eic.o
 .comment       0x00000000       0x31 src/ASF/avr32/drivers/flashc/flashc.o
 .comment       0x00000000       0x31 src/ASF/avr32/drivers/gpio/gpio.o
 .comment       0x00000000       0x31 src/ASF/avr32/drivers/intc/intc.o
 .comment       0x00000000       0x31 src/ASF/avr32/drivers/usbb/usbb_device.o
 .comment       0x00000000       0x31 src/ASF/avr32/drivers/usbb/usbb_host.o
 .comment       0x00000000       0x31 src/ASF/common/services/clock/uc3a0_a1/sysclk.o
 .comment       0x00000000       0x31 src/ASF/common/services/sleepmgr/uc3/sleepmgr.o
 .comment       0x00000000       0x31 src/ASF/common/services/usb/class/hid/host/mouse/uhi_hid_mouse.o
 .comment       0x00000000       0x31 src/ASF/common/services/usb/udc/udc.o
 .comment       0x00000000       0x31 src/ASF/common/services/usb/uhc/uhc.o
 .comment       0x00000000       0x31 src/main.o
 .comment       0x00000000       0x31 c:/program files (x86)/atmel/atmel toolchain/avr32 gcc/native/3.4.1067/avr32-gnu-toolchain/bin/../lib/gcc/avr32/4.4.7/../../../../avr32/lib/ucr2\libc.a(lib_a-malloc.o)
 .comment       0x00000000       0x31 c:/program files (x86)/atmel/atmel toolchain/avr32 gcc/native/3.4.1067/avr32-gnu-toolchain/bin/../lib/gcc/avr32/4.4.7/../../../../avr32/lib/ucr2\libc.a(lib_a-mallocr.o)
 .comment       0x00000000       0x31 c:/program files (x86)/atmel/atmel toolchain/avr32 gcc/native/3.4.1067/avr32-gnu-toolchain/bin/../lib/gcc/avr32/4.4.7/../../../../avr32/lib/ucr2\libc.a(lib_a-mlock.o)
 .comment       0x00000000       0x31 c:/program files (x86)/atmel/atmel toolchain/avr32 gcc/native/3.4.1067/avr32-gnu-toolchain/bin/../lib/gcc/avr32/4.4.7/../../../../avr32/lib/ucr2\libc.a(lib_a-sbrkr.o)
 .comment       0x00000000       0x31 c:/program files (x86)/atmel/atmel toolchain/avr32 gcc/native/3.4.1067/avr32-gnu-toolchain/bin/../lib/gcc/avr32/4.4.7/../../../../avr32/lib/ucr2\libc.a(lib_a-syscalls.o)
 .comment       0x00000000       0x31 c:/program files (x86)/atmel/atmel toolchain/avr32 gcc/native/3.4.1067/avr32-gnu-toolchain/bin/../lib/gcc/avr32/4.4.7/../../../../avr32/lib/ucr2\libc.a(lib_a-vsprintf.o)
 .comment       0x00000000       0x31 c:/program files (x86)/atmel/atmel toolchain/avr32 gcc/native/3.4.1067/avr32-gnu-toolchain/bin/../lib/gcc/avr32/4.4.7/../../../../avr32/lib/ucr2\libc.a(lib_a-errno.o)
 .comment       0x00000000       0x31 c:/program files (x86)/atmel/atmel toolchain/avr32 gcc/native/3.4.1067/avr32-gnu-toolchain/bin/../lib/gcc/avr32/4.4.7/../../../../avr32/lib/ucr2\libc.a(lib_a-freer.o)
 .comment       0x00000000       0x31 c:/program files (x86)/atmel/atmel toolchain/avr32 gcc/native/3.4.1067/avr32-gnu-toolchain/bin/../lib/gcc/avr32/4.4.7/../../../../avr32/lib/ucr2\libc.a(lib_a-impure.o)
 .comment       0x00000000       0x31 c:/program files (x86)/atmel/atmel toolchain/avr32 gcc/native/3.4.1067/avr32-gnu-toolchain/bin/../lib/gcc/avr32/4.4.7/../../../../avr32/lib/ucr2\libc.a(lib_a-reent.o)
 .comment       0x00000000       0x31 c:/program files (x86)/atmel/atmel toolchain/avr32 gcc/native/3.4.1067/avr32-gnu-toolchain/bin/../lib/gcc/avr32/4.4.7/../../../../avr32/lib/ucr2\libc.a(lib_a-vfprintf.o)
 .comment       0x00000000       0x31 c:/program files (x86)/atmel/atmel toolchain/avr32 gcc/native/3.4.1067/avr32-gnu-toolchain/bin/../lib/gcc/avr32/4.4.7/../../../../avr32/lib/ucr2\libc.a(lib_a-wsetup.o)
 .comment       0x00000000       0x31 c:/program files (x86)/atmel/atmel toolchain/avr32 gcc/native/3.4.1067/avr32-gnu-toolchain/bin/../lib/gcc/avr32/4.4.7/../../../../avr32/lib/ucr2\libc.a(lib_a-dtoa.o)
 .comment       0x00000000       0x31 c:/program files (x86)/atmel/atmel toolchain/avr32 gcc/native/3.4.1067/avr32-gnu-toolchain/bin/../lib/gcc/avr32/4.4.7/../../../../avr32/lib/ucr2\libc.a(lib_a-fflush.o)
 .comment       0x00000000       0x31 c:/program files (x86)/atmel/atmel toolchain/avr32 gcc/native/3.4.1067/avr32-gnu-toolchain/bin/../lib/gcc/avr32/4.4.7/../../../../avr32/lib/ucr2\libc.a(lib_a-findfp.o)
 .comment       0x00000000       0x31 c:/program files (x86)/atmel/atmel toolchain/avr32 gcc/native/3.4.1067/avr32-gnu-toolchain/bin/../lib/gcc/avr32/4.4.7/../../../../avr32/lib/ucr2\libc.a(lib_a-fvwrite.o)
 .comment       0x00000000       0x31 c:/program files (x86)/atmel/atmel toolchain/avr32 gcc/native/3.4.1067/avr32-gnu-toolchain/bin/../lib/gcc/avr32/4.4.7/../../../../avr32/lib/ucr2\libc.a(lib_a-fwalk.o)
 .comment       0x00000000       0x31 c:/program files (x86)/atmel/atmel toolchain/avr32 gcc/native/3.4.1067/avr32-gnu-toolchain/bin/../lib/gcc/avr32/4.4.7/../../../../avr32/lib/ucr2\libc.a(lib_a-locale.o)
 .comment       0x00000000       0x31 c:/program files (x86)/atmel/atmel toolchain/avr32 gcc/native/3.4.1067/avr32-gnu-toolchain/bin/../lib/gcc/avr32/4.4.7/../../../../avr32/lib/ucr2\libc.a(lib_a-makebuf.o)
 .comment       0x00000000       0x31 c:/program files (x86)/atmel/atmel toolchain/avr32 gcc/native/3.4.1067/avr32-gnu-toolchain/bin/../lib/gcc/avr32/4.4.7/../../../../avr32/lib/ucr2\libc.a(lib_a-memchr.o)
 .comment       0x00000000       0x31 c:/program files (x86)/atmel/atmel toolchain/avr32 gcc/native/3.4.1067/avr32-gnu-toolchain/bin/../lib/gcc/avr32/4.4.7/../../../../avr32/lib/ucr2\libc.a(lib_a-memmove.o)
 .comment       0x00000000       0x31 c:/program files (x86)/atmel/atmel toolchain/avr32 gcc/native/3.4.1067/avr32-gnu-toolchain/bin/../lib/gcc/avr32/4.4.7/../../../../avr32/lib/ucr2\libc.a(lib_a-memset.o)
 .comment       0x00000000       0x31 c:/program files (x86)/atmel/atmel toolchain/avr32 gcc/native/3.4.1067/avr32-gnu-toolchain/bin/../lib/gcc/avr32/4.4.7/../../../../avr32/lib/ucr2\libc.a(lib_a-mprec.o)
 .comment       0x00000000       0x31 c:/program files (x86)/atmel/atmel toolchain/avr32 gcc/native/3.4.1067/avr32-gnu-toolchain/bin/../lib/gcc/avr32/4.4.7/../../../../avr32/lib/ucr2\libc.a(lib_a-reallocr.o)
 .comment       0x00000000       0x31 c:/program files (x86)/atmel/atmel toolchain/avr32 gcc/native/3.4.1067/avr32-gnu-toolchain/bin/../lib/gcc/avr32/4.4.7/../../../../avr32/lib/ucr2\libc.a(lib_a-s_isinfd.o)
 .comment       0x00000000       0x31 c:/program files (x86)/atmel/atmel toolchain/avr32 gcc/native/3.4.1067/avr32-gnu-toolchain/bin/../lib/gcc/avr32/4.4.7/../../../../avr32/lib/ucr2\libc.a(lib_a-s_isnand.o)
 .comment       0x00000000       0x31 c:/program files (x86)/atmel/atmel toolchain/avr32 gcc/native/3.4.1067/avr32-gnu-toolchain/bin/../lib/gcc/avr32/4.4.7/../../../../avr32/lib/ucr2\libc.a(lib_a-stdio.o)
 .comment       0x00000000       0x31 c:/program files (x86)/atmel/atmel toolchain/avr32 gcc/native/3.4.1067/avr32-gnu-toolchain/bin/../lib/gcc/avr32/4.4.7/../../../../avr32/lib/ucr2\libc.a(lib_a-strlen.o)
 .comment       0x00000000       0x31 c:/program files (x86)/atmel/atmel toolchain/avr32 gcc/native/3.4.1067/avr32-gnu-toolchain/bin/../lib/gcc/avr32/4.4.7/../../../../avr32/lib/ucr2\libc.a(lib_a-writer.o)
 .comment       0x00000000       0x31 c:/program files (x86)/atmel/atmel toolchain/avr32 gcc/native/3.4.1067/avr32-gnu-toolchain/bin/../lib/gcc/avr32/4.4.7/../../../../avr32/lib/ucr2\libc.a(lib_a-callocr.o)
 .comment       0x00000000       0x31 c:/program files (x86)/atmel/atmel toolchain/avr32 gcc/native/3.4.1067/avr32-gnu-toolchain/bin/../lib/gcc/avr32/4.4.7/../../../../avr32/lib/ucr2\libc.a(lib_a-closer.o)
 .comment       0x00000000       0x31 c:/program files (x86)/atmel/atmel toolchain/avr32 gcc/native/3.4.1067/avr32-gnu-toolchain/bin/../lib/gcc/avr32/4.4.7/../../../../avr32/lib/ucr2\libc.a(lib_a-fclose.o)
 .comment       0x00000000       0x31 c:/program files (x86)/atmel/atmel toolchain/avr32 gcc/native/3.4.1067/avr32-gnu-toolchain/bin/../lib/gcc/avr32/4.4.7/../../../../avr32/lib/ucr2\libc.a(lib_a-fstatr.o)
 .comment       0x00000000       0x31 c:/program files (x86)/atmel/atmel toolchain/avr32 gcc/native/3.4.1067/avr32-gnu-toolchain/bin/../lib/gcc/avr32/4.4.7/../../../../avr32/lib/ucr2\libc.a(lib_a-lseekr.o)