Archive member included because of file (symbol)

c:/program files (x86)/atmel/atmel toolchain/avr32 gcc/native/3.4.1067/avr32-gnu-toolchain/bin/../lib/gcc/avr32/4.4.7/../../../../avr32/lib/ucr2\libc.a(lib_a-malloc.o)
                              src/ASF/avr32/drivers/usbb/usbb_host.o (free)
c:/program files (x86)/atmel/atmel toolchain/avr32 gcc/native/3.4.1067/avr32-gnu-toolchain/bin/../lib/gcc/avr32/4.4.7/../../../../avr32/lib/ucr2\libc.a(lib_a-mallocr.o)
                              c:/program files (x86)/atmel/atmel toolchain/avr32 gcc/native/3.4.1067/avr32-gnu-toolchain/bin/../lib/gcc/avr32/4.4.7/../../../../avr32/lib/ucr2\libc.a(lib_a-malloc.o) (_malloc_r)
c:/program files (x86)/atmel/atmel toolchain/avr32 gcc/native/3.4.1067/avr32-gnu-toolchain/bin/../lib/gcc/avr32/4.4.7/../../../../avr32/lib/ucr2\libc.a(lib_a-memcpy.o)
                              src/ASF/common/services/usb/core/HostStandardReq.o (memcpy)
c:/program files (x86)/atmel/atmel toolchain/avr32 gcc/native/3.4.1067/avr32-gnu-toolchain/bin/../lib/gcc/avr32/4.4.7/../../../../avr32/lib/ucr2\libc.a(lib_a-mlock.o)
                              c:/program files (x86)/atmel/atmel toolchain/avr32 gcc/native/3.4.1067/avr32-gnu-toolchain/bin/../lib/gcc/avr32/4.4.7/../../../../avr32/lib/ucr2\libc.a(lib_a-mallocr.o) (__malloc_lock)
c:/program files (x86)/atmel/atmel toolchain/avr32 gcc/native/3.4.1067/avr32-gnu-toolchain/bin/../lib/gcc/avr32/4.4.7/../../../../avr32/lib/ucr2\libc.a(lib_a-sbrkr.o)
                              c:/program files (x86)/atmel/atmel toolchain/avr32 gcc/native/3.4.1067/avr32-gnu-toolchain/bin/../lib/gcc/avr32/4.4.7/../../../../avr32/lib/ucr2\libc.a(lib_a-mallocr.o) (_sbrk_r)
c:/program files (x86)/atmel/atmel toolchain/avr32 gcc/native/3.4.1067/avr32-gnu-toolchain/bin/../lib/gcc/avr32/4.4.7/../../../../avr32/lib/ucr2\libc.a(lib_a-syscalls.o)
                              c:/program files (x86)/atmel/atmel toolchain/avr32 gcc/native/3.4.1067/avr32-gnu-toolchain/bin/../lib/gcc/avr32/4.4.7/../../../../avr32/lib/ucr2\libc.a(lib_a-sbrkr.o) (_sbrk)
c:/program files (x86)/atmel/atmel toolchain/avr32 gcc/native/3.4.1067/avr32-gnu-toolchain/bin/../lib/gcc/avr32/4.4.7/../../../../avr32/lib/ucr2\libc.a(lib_a-vsprintf.o)
                              src/ASF/avr32/components/display/dip204/dip204.o (vsprintf)
c:/program files (x86)/atmel/atmel toolchain/avr32 gcc/native/3.4.1067/avr32-gnu-toolchain/bin/../lib/gcc/avr32/4.4.7/../../../../avr32/lib/ucr2\libc.a(lib_a-errno.o)
                              c:/program files (x86)/atmel/atmel toolchain/avr32 gcc/native/3.4.1067/avr32-gnu-toolchain/bin/../lib/gcc/avr32/4.4.7/../../../../avr32/lib/ucr2\libc.a(lib_a-syscalls.o) (__errno)
c:/program files (x86)/atmel/atmel toolchain/avr32 gcc/native/3.4.1067/avr32-gnu-toolchain/bin/../lib/gcc/avr32/4.4.7/../../../../avr32/lib/ucr2\libc.a(lib_a-freer.o)
                              c:/program files (x86)/atmel/atmel toolchain/avr32 gcc/native/3.4.1067/avr32-gnu-toolchain/bin/../lib/gcc/avr32/4.4.7/../../../../avr32/lib/ucr2\libc.a(lib_a-malloc.o) (_free_r)
c:/program files (x86)/atmel/atmel toolchain/avr32 gcc/native/3.4.1067/avr32-gnu-toolchain/bin/../lib/gcc/avr32/4.4.7/../../../../avr32/lib/ucr2\libc.a(lib_a-impure.o)
                              c:/program files (x86)/atmel/atmel toolchain/avr32 gcc/native/3.4.1067/avr32-gnu-toolchain/bin/../lib/gcc/avr32/4.4.7/../../../../avr32/lib/ucr2\libc.a(lib_a-malloc.o) (_impure_ptr)
c:/program files (x86)/atmel/atmel toolchain/avr32 gcc/native/3.4.1067/avr32-gnu-toolchain/bin/../lib/gcc/avr32/4.4.7/../../../../avr32/lib/ucr2\libc.a(lib_a-reent.o)
                              c:/program files (x86)/atmel/atmel toolchain/avr32 gcc/native/3.4.1067/avr32-gnu-toolchain/bin/../lib/gcc/avr32/4.4.7/../../../../avr32/lib/ucr2\libc.a(lib_a-sbrkr.o) (errno)
c:/program files (x86)/atmel/atmel toolchain/avr32 gcc/native/3.4.1067/avr32-gnu-toolchain/bin/../lib/gcc/avr32/4.4.7/../../../../avr32/lib/ucr2\libc.a(lib_a-vfprintf.o)
                              c:/program files (x86)/atmel/atmel toolchain/avr32 gcc/native/3.4.1067/avr32-gnu-toolchain/bin/../lib/gcc/avr32/4.4.7/../../../../avr32/lib/ucr2\libc.a(lib_a-vsprintf.o) (_vfprintf_r)
c:/program files (x86)/atmel/atmel toolchain/avr32 gcc/native/3.4.1067/avr32-gnu-toolchain/bin/../lib/gcc/avr32/4.4.7/../../../../avr32/lib/ucr2\libc.a(lib_a-wsetup.o)
                              c:/program files (x86)/atmel/atmel toolchain/avr32 gcc/native/3.4.1067/avr32-gnu-toolchain/bin/../lib/gcc/avr32/4.4.7/../../../../avr32/lib/ucr2\libc.a(lib_a-vfprintf.o) (__swsetup_r)
c:/program files (x86)/atmel/atmel toolchain/avr32 gcc/native/3.4.1067/avr32-gnu-toolchain/bin/../lib/gcc/avr32/4.4.7/../../../../avr32/lib/ucr2\libc.a(lib_a-dtoa.o)
                              c:/program files (x86)/atmel/atmel toolchain/avr32 gcc/native/3.4.1067/avr32-gnu-toolchain/bin/../lib/gcc/avr32/4.4.7/../../../../avr32/lib/ucr2\libc.a(lib_a-vfprintf.o) (_dtoa_r)
[...]
Memory Configuration

Name             Origin             Length             Attributes
FLASH            0x80000000         0x00080000         axrl !w
INTRAM           0x00000004         0x0000fffc         axw !rl
USERPAGE         0x80800000         0x00000200
*default*        0x00000000         0xffffffff

Linker script and memory map

                0x00001000                _stack_size = 0x1000
LOAD src/ASF/avr32/components/display/dip204/dip204.o
LOAD src/ASF/avr32/drivers/pwm/pwm.o
LOAD src/ASF/avr32/drivers/spi/spi.o
LOAD src/ASF/common/services/usb/class/MIDI/device/midi/udi_midi.o
LOAD src/ASF/common/services/usb/class/MIDI/device/midi/udi_midi_desc.o
LOAD src/ASF/common/services/usb/class/MIDI/device/udi_hid.o
LOAD src/ASF/common/services/usb/class/MIDI/host/midi/MIDIClassHost.o
LOAD src/ASF/common/services/usb/class/MIDI/host/midi/uhi_midi.o
LOAD src/ASF/common/services/usb/core/ConfigDescriptors.o
LOAD src/ASF/common/services/usb/core/DeviceStandardReq.o
LOAD src/ASF/common/services/usb/core/HostStandardReq.o
LOAD src/ASF/common/services/usb/Events.o
LOAD src/ASF/common/services/usb/Template_Pipe_RW.o
LOAD src/ASF/common/services/usb/USBTask.o
LOAD src/ASF/common/UC3/Device_UC3.o
LOAD src/ASF/common/UC3/EndpointStream_UC3.o
LOAD src/ASF/common/UC3/Endpoint_UC3.o
LOAD src/ASF/common/UC3/Host_UC3.o
LOAD src/ASF/common/UC3/PipeStream_UC3.o
LOAD src/ASF/common/UC3/Pipe_UC3.o
LOAD src/ASF/common/UC3/Template/Template_Endpoint_Control_R.o
LOAD src/ASF/common/UC3/Template/Template_Endpoint_Control_W.o
LOAD src/ASF/common/UC3/Template/Template_Endpoint_RW.o
LOAD src/ASF/common/UC3/Template/Template_Pipe_RW.o
LOAD src/ASF/common/UC3/USBController_UC3.o
LOAD src/ASF/common/UC3/USBInterrupt_UC3.o
LOAD src/ASF/common/services/usb/class/hid/dual/mouse/example/at32uc3a0512_evk1100/ui.o
LOAD src/ASF/avr32/boards/evk1100/init.o
LOAD src/ASF/avr32/boards/evk1100/led.o
LOAD src/ASF/avr32/drivers/eic/eic.o
LOAD src/ASF/avr32/drivers/flashc/flashc.o
LOAD src/ASF/avr32/drivers/gpio/gpio.o
LOAD src/ASF/avr32/drivers/intc/exception.o
LOAD src/ASF/avr32/drivers/intc/intc.o
LOAD src/ASF/avr32/drivers/pm/pm.o
LOAD src/ASF/avr32/drivers/pm/pm_conf_clocks.o
LOAD src/ASF/avr32/drivers/pm/power_clocks_lib.o
LOAD src/ASF/avr32/drivers/usbb/usbb_device.o
LOAD src/ASF/avr32/drivers/usbb/usbb_host.o
LOAD src/ASF/avr32/utils/startup/startup_uc3.o
LOAD src/ASF/avr32/utils/startup/trampoline_uc3.o
LOAD src/ASF/common/services/clock/uc3a0_a1/sysclk.o
LOAD src/ASF/common/services/sleepmgr/uc3/sleepmgr.o
LOAD src/ASF/common/services/usb/class/hid/host/mouse/uhi_hid_mouse.o
LOAD src/ASF/common/services/usb/udc/udc.o
LOAD src/ASF/common/services/usb/uhc/uhc.o
LOAD src/main.o
START GROUP
LOAD c:/program files (x86)/atmel/atmel toolchain/avr32 gcc/native/3.4.1067/avr32-gnu-toolchain/bin/../lib/gcc/avr32/4.4.7/../../../../avr32/lib/ucr2\libm.a
END GROUP
LOAD c:/program files (x86)/atmel/atmel toolchain/avr32 gcc/native/3.4.1067/avr32-gnu-toolchain/bin/../lib/gcc/avr32/4.4.7/ucr2\libgcc.a
LOAD c:/program files (x86)/atmel/atmel toolchain/avr32 gcc/native/3.4.1067/avr32-gnu-toolchain/bin/../lib/gcc/avr32/4.4.7/../../../../avr32/lib/ucr2\libc.a
LOAD c:/program files (x86)/atmel/atmel toolchain/avr32 gcc/native/3.4.1067/avr32-gnu-toolchain/bin/../lib/gcc/avr32/4.4.7/ucr2\libgcc.a
                0xffffffff                __max_heap_size__ = 0xffffffff
                [0xffffffff]                __heap_size__ = DEFINED (__heap_size__)?__heap_size__:__max_heap_size__
                [0x00001000]                __stack_size__ = DEFINED (__stack_size__)?__stack_size__:0x1000
                0x80000000                PROVIDE (__executable_start, 0x80000000)
                0x80000000                . = 0x80000000

.interp
 *(.interp)

.reset          0x80000000     0x2008
 *(.reset)
 .reset         0x80000000        0x4 src/ASF/avr32/utils/startup/startup_uc3.o
                                  0x8 (size before relaxing)
                0x80000000                _start
 .reset         0x80000004     0x2004 src/ASF/avr32/utils/startup/trampoline_uc3.o
                               0x2008 (size before relaxing)
                0x80000004                _trampoline

.hash
 *(.hash)

.dynsym
 *(.dynsym)

.dynstr
 *(.dynstr)

.gnu.version
 *(.gnu.version)

.gnu.version_d
 *(.gnu.version_d)

.gnu.version_r
 *(.gnu.version_r)

.rel.init
 *(.rel.init)

.rela.init
 *(.rela.init)

.rel.text
 *(.rel.text .rel.text.* .rel.gnu.linkonce.t.*)

.rela.text
 *(.rela.text .rela.text.* .rela.gnu.linkonce.t.*)

.rel.fini
 *(.rel.fini)

.rela.fini
 *(.rela.fini)

.rel.rodata
 *(.rel.rodata .rel.rodata.* .rel.gnu.linkonce.r.*)

.rela.rodata
 *(.rela.rodata .rela.rodata.* .rela.gnu.linkonce.r.*)

.rel.data.rel.ro
 *(.rel.data.rel.ro*)

.rela.data.rel.ro
 *(.rel.data.rel.ro*)

.rel.data
 *(.rel.data .rel.data.* .rel.gnu.linkonce.d.*)

.rela.data
 *(.rela.data .rela.data.* .rela.gnu.linkonce.d.*)

.rel.tdata
 *(.rel.tdata .rel.tdata.* .rel.gnu.linkonce.td.*)

.rela.tdata
 *(.rela.tdata .rela.tdata.* .rela.gnu.linkonce.td.*)

.rel.tbss
 *(.rel.tbss .rel.tbss.* .rel.gnu.linkonce.tb.*)

.rela.tbss
 *(.rela.tbss .rela.tbss.* .rela.gnu.linkonce.tb.*)

.rel.ctors
 *(.rel.ctors)

.rela.ctors
 *(.rela.ctors)

.rel.dtors
 *(.rel.dtors)

.rela.dtors
 *(.rela.dtors)

.rel.got
 *(.rel.got)

.rela.got       0x80002008        0x0
 *(.rela.got)
 .rela.got      0x80002008        0x0 src/ASF/common/services/usb/class/MIDI/device/midi/udi_midi_desc.o

.rel.bss
 *(.rel.bss .rel.bss.* .rel.gnu.linkonce.b.*)

.rela.bss
 *(.rela.bss .rela.bss.* .rela.gnu.linkonce.b.*)

.rel.plt
 *(.rel.plt)

.rela.plt
 *(.rela.plt)

.init
 *(.init)

.plt
 *(.plt)

.text           0x80002008     0xca64
 *(.text .stub .text.* .gnu.linkonce.t.*)
 .text.dip204_select
                0x80002008       0x14 src/ASF/avr32/components/display/dip204/dip204.o
 .text.dip204_write_byte
                0x8000201c       0x58 src/ASF/avr32/components/display/dip204/dip204.o
 .text.dip204_read_byte
                0x80002074       0x3c src/ASF/avr32/components/display/dip204/dip204.o
 .text.dip204_wait_busy
                0x800020b0       0x34 src/ASF/avr32/components/display/dip204/dip204.o
 .text.dip204_unselect
                0x800020e4       0x14 src/ASF/avr32/components/display/dip204/dip204.o
 .text.dip204_printf_string
                0x800020f8       0x98 src/ASF/avr32/components/display/dip204/dip204.o
                0x800020f8                dip204_printf_string
 .text.dip204_write_string
                0x80002190       0x58 src/ASF/avr32/components/display/dip204/dip204.o
                0x80002190                dip204_write_string
 .text.dip204_set_cursor_position
                0x800021e8       0x5c src/ASF/avr32/components/display/dip204/dip204.o
                0x800021e8                dip204_set_cursor_position
 .text.dip204_hide_cursor
                0x80002244       0x30 src/ASF/avr32/components/display/dip204/dip204.o
                0x80002244                dip204_hide_cursor
 .text.dip204_clear_display
                0x80002274       0x5c src/ASF/avr32/components/display/dip204/dip204.o
                0x80002274                dip204_clear_display
 .text.dip204_init
                0x800022d0      0x228 src/ASF/avr32/components/display/dip204/dip204.o
                0x800022d0                dip204_init
 .text.pwm_channel_init
                0x800024f8       0x36 src/ASF/avr32/drivers/pwm/pwm.o
                0x800024f8                pwm_channel_init
 .text.pwm_start_channels
                0x8000252e       0x12 src/ASF/avr32/drivers/pwm/pwm.o
                0x8000252e                pwm_start_channels
 .text.pwm_init
                0x80002540       0x46 src/ASF/avr32/drivers/pwm/pwm.o
                0x80002540                pwm_init
 .text.getBaudDiv
                0x80002586       0x20 src/ASF/avr32/drivers/spi/spi.o
                0x80002586                getBaudDiv
 .text.spi_initMaster
                0x800025a6       0x38 src/ASF/avr32/drivers/spi/spi.o
                0x800025a6                spi_initMaster
 .text.spi_selectionMode
                0x800025de       0x2c src/ASF/avr32/drivers/spi/spi.o
                0x800025de                spi_selectionMode
 .text.spi_selectChip
                0x8000260a       0x4c src/ASF/avr32/drivers/spi/spi.o
                0x8000260a                spi_selectChip
 .text.spi_unselectChip
                0x80002656       0x26 src/ASF/avr32/drivers/spi/spi.o
                0x80002656                spi_unselectChip
 .text.spi_setupChipReg
                0x8000267c       0xb8 src/ASF/avr32/drivers/spi/spi.o
                0x8000267c                spi_setupChipReg
 .text.spi_enable
                0x80002734        0x6 src/ASF/avr32/drivers/spi/spi.o
                0x80002734                spi_enable
 .text.spi_disable
                0x8000273a        0x6 src/ASF/avr32/drivers/spi/spi.o
                0x8000273a                spi_disable
 .text.spi_write
                0x80002740       0x1c src/ASF/avr32/drivers/spi/spi.o
                0x80002740                spi_write
 .text.spi_read
                0x8000275c       0x20 src/ASF/avr32/drivers/spi/spi.o
                0x8000275c                spi_read
 .text.udi_hid_mouse_send_report
                0x8000277c       0x54 src/ASF/common/services/usb/class/MIDI/device/midi/udi_midi.o
 .text.udi_hid_mouse_report_sent
                0x800027d0       0x24 src/ASF/common/services/usb/class/MIDI/device/midi/udi_midi.o
 .text.udi_hid_mouse_move
                0x800027f4       0x5c src/ASF/common/services/usb/class/MIDI/device/midi/udi_midi.o
 .text.udi_hid_mouse_btn
                0x80002850       0x2c src/ASF/common/services/usb/class/MIDI/device/midi/udi_midi.o
 .text.udi_hid_mouse_btnleft
                0x8000287c       0x10 src/ASF/common/services/usb/class/MIDI/device/midi/udi_midi.o
                0x8000287c                udi_hid_mouse_btnleft
 .text.udi_hid_mouse_btnright
                0x8000288c       0x10 src/ASF/common/services/usb/class/MIDI/device/midi/udi_midi.o
                0x8000288c                udi_hid_mouse_btnright
 .text.udi_hid_mouse_btnmiddle
                0x8000289c       0x10 src/ASF/common/services/usb/class/MIDI/device/midi/udi_midi.o
                0x8000289c                udi_hid_mouse_btnmiddle
 .text.udi_hid_mouse_moveX
                0x800028ac       0x10 src/ASF/common/services/usb/class/MIDI/device/midi/udi_midi.o
                0x800028ac                udi_hid_mouse_moveX
 .text.udi_hid_mouse_moveY
                0x800028bc       0x10 src/ASF/common/services/usb/class/MIDI/device/midi/udi_midi.o
                0x800028bc                udi_hid_mouse_moveY
 .text.MIDI_Host_ReceiveEventPacket
                0x800028cc       0xdc src/ASF/common/services/usb/class/MIDI/host/midi/MIDIClassHost.o
                0x800028cc                MIDI_Host_ReceiveEventPacket
 .text.MIDI_Host_Flush
                0x800029a8       0xc4 src/ASF/common/services/usb/class/MIDI/host/midi/MIDIClassHost.o
                0x800029a8                MIDI_Host_Flush
 .text.uhi_midi_start_trans_report
                0x80002a6c       0x2c src/ASF/common/services/usb/class/MIDI/host/midi/uhi_midi.o
 .text.uhi_midi_report_reception
                0x80002a98       0x1c src/ASF/common/services/usb/class/MIDI/host/midi/uhi_midi.o
 .text.uhi_midi_uninstall
                0x80002ab4       0x30 src/ASF/common/services/usb/class/MIDI/host/midi/uhi_midi.o
                0x80002ab4                uhi_midi_uninstall
 .text.uhi_midi_enable
                0x80002ae4       0x2c src/ASF/common/services/usb/class/MIDI/host/midi/uhi_midi.o
                0x80002ae4                uhi_midi_enable
 .text.uhi_midi_install
                0x80002b10       0xd8 src/ASF/common/services/usb/class/MIDI/host/midi/uhi_midi.o
                0x80002b10                uhi_midi_install
 .text.USB_Device_ProcessControlRequest
                0x80002be8      0x424 src/ASF/common/services/usb/core/DeviceStandardReq.o
                0x80002be8                USB_Device_ProcessControlRequest
 .text.USB_Host_WaitForIOS
                0x8000300c       0x7c src/ASF/common/services/usb/core/HostStandardReq.o
 .text.USB_Host_SendControlRequest
                0x80003088      0x460 src/ASF/common/services/usb/core/HostStandardReq.o
                0x80003088                USB_Host_SendControlRequest
 .text.USB_Event_Stub
                0x800034e8        0x2 src/ASF/common/services/usb/Events.o
                0x800034e8                EVENT_USB_Device_ConfigurationChanged
                0x800034e8                EVENT_USB_Device_Connect
                0x800034e8                EVENT_USB_Device_WakeUp
                0x800034e8                EVENT_USB_Host_DeviceUnattached
                0x800034e8                USB_Event_Stub
                0x800034e8                EVENT_USB_Device_Suspend
                0x800034e8                EVENT_USB_Device_StartOfFrame
                0x800034e8                EVENT_USB_Device_Disconnect
                0x800034e8                EVENT_USB_Device_Reset
                0x800034e8                EVENT_USB_Device_ControlRequest
                0x800034e8                EVENT_USB_Host_StartOfFrame
                0x800034e8                EVENT_USB_Host_DeviceEnumerationFailed
                0x800034e8                EVENT_USB_Host_HostError
                0x800034e8                EVENT_USB_Host_DeviceEnumerationComplete
                0x800034e8                EVENT_USB_Host_DeviceAttached
                0x800034e8                EVENT_USB_UIDChange
 *fill*         0x800034ea        0x2 d703d703
 .text.USB_USBTask
                0x800034ec       0x94 src/ASF/common/services/usb/USBTask.o
                0x800034ec                USB_USBTask
 .text.Endpoint_ConfigureEndpoint_Prv
                0x80003580       0xbc src/ASF/common/UC3/Endpoint_UC3.o
                0x80003580                Endpoint_ConfigureEndpoint_Prv
 .text.Endpoint_ClearStatusStage
                0x8000363c       0xc8 src/ASF/common/UC3/Endpoint_UC3.o
                0x8000363c                Endpoint_ClearStatusStage
 .text.USB_Host_WaitMS
                0x80003704      0x138 src/ASF/common/UC3/Host_UC3.o
                0x80003704                USB_Host_WaitMS
 .text.USB_Host_ResetDevice
                0x8000383c      0x114 src/ASF/common/UC3/Host_UC3.o
 .text.USB_Host_ProcessNextHostState
                0x80003950      0x2e4 src/ASF/common/UC3/Host_UC3.o
                0x80003950                USB_Host_ProcessNextHostState
 .text.Pipe_Read_Stream_LE
                0x80003c34       0xc4 src/ASF/common/UC3/PipeStream_UC3.o
                0x80003c34                Pipe_Read_Stream_LE
 .text.Pipe_ConfigurePipe
                0x80003cf8      0x144 src/ASF/common/UC3/Pipe_UC3.o
                0x80003cf8                Pipe_ConfigurePipe
 .text.Pipe_ClearPipes
                0x80003e3c       0x60 src/ASF/common/UC3/Pipe_UC3.o
                0x80003e3c                Pipe_ClearPipes
 .text.Pipe_WaitUntilReady
                0x80003e9c       0x64 src/ASF/common/UC3/Pipe_UC3.o
                0x80003e9c                Pipe_WaitUntilReady
 .text.USB_ResetInterface
                0x80003f00      0x244 src/ASF/common/UC3/USBController_UC3.o
                0x80003f00                USB_ResetInterface
 .text.USB_INT_DisableAllInterrupts
                0x80004144       0x28 src/ASF/common/UC3/USBInterrupt_UC3.o
                0x80004144                USB_INT_DisableAllInterrupts
 .text.USB_INT_ClearAllInterrupts
                0x8000416c       0x28 src/ASF/common/UC3/USBInterrupt_UC3.o
                0x8000416c                USB_INT_ClearAllInterrupts
 .text.ui_host_vbus_change
                0x80004194        0x2 src/ASF/common/services/usb/class/hid/dual/mouse/example/at32uc3a0512_evk1100/ui.o
                0x80004194                ui_host_vbus_change
 .text.ui_host_vbus_error
                0x80004196        0x2 src/ASF/common/services/usb/class/hid/dual/mouse/example/at32uc3a0512_evk1100/ui.o
                0x80004196                ui_host_vbus_error
 .text.ui_host_enum_event
                0x80004198       0x54 src/ASF/common/services/usb/class/hid/dual/mouse/example/at32uc3a0512_evk1100/ui.o
                0x80004198                ui_host_enum_event
 .text.ui_uhi_hid_mouse_change
                0x800041ec        0xc src/ASF/common/services/usb/class/hid/dual/mouse/example/at32uc3a0512_evk1100/ui.o
                0x800041ec                ui_uhi_hid_mouse_change
 .text.ui_uhi_midi_change
                0x800041f8        0xc src/ASF/common/services/usb/class/hid/dual/mouse/example/at32uc3a0512_evk1100/ui.o
                0x800041f8                ui_uhi_midi_change
 .text.ui_device_resume_action
                0x80004204       0x10 src/ASF/common/services/usb/class/hid/dual/mouse/example/at32uc3a0512_evk1100/ui.o
                0x80004204                ui_device_resume_action
 .text.ui_host_hid_mouse_btn_right
                0x80004214       0x20 src/ASF/common/services/usb/class/hid/dual/mouse/example/at32uc3a0512_evk1100/ui.o
                0x80004214                ui_host_hid_mouse_btn_right
 .text.ui_host_hid_mouse_btn_left
                0x80004234       0x20 src/ASF/common/services/usb/class/hid/dual/mouse/example/at32uc3a0512_evk1100/ui.o
                0x80004234                ui_host_hid_mouse_btn_left
 .text.ui_host_connection_event
                0x80004254       0x58 src/ASF/common/services/usb/class/hid/dual/mouse/example/at32uc3a0512_evk1100/ui.o
                0x80004254                ui_host_connection_event
 .text.ui_init  0x800042ac       0x3c src/ASF/common/services/usb/class/hid/dual/mouse/example/at32uc3a0512_evk1100/ui.o
                0x800042ac                ui_init
 .text.ui_device_suspend_action
                0x800042e8        0xc src/ASF/common/services/usb/class/hid/dual/mouse/example/at32uc3a0512_evk1100/ui.o
                0x800042e8                ui_device_suspend_action
 .text.ui_usb_mode_change
                0x800042f4       0x20 src/ASF/common/services/usb/class/hid/dual/mouse/example/at32uc3a0512_evk1100/ui.o
                0x800042f4                ui_usb_mode_change
 .text.ui_device_sof_action
                0x80004314      0x140 src/ASF/common/services/usb/class/hid/dual/mouse/example/at32uc3a0512_evk1100/ui.o
                0x80004314                ui_device_sof_action
 .text.ui_disable_asynchronous_interrupt
                0x80004454       0x1c src/ASF/common/services/usb/class/hid/dual/mouse/example/at32uc3a0512_evk1100/ui.o
 .text.ui_host_wakeup_event
                0x80004470        0xc src/ASF/common/services/usb/class/hid/dual/mouse/example/at32uc3a0512_evk1100/ui.o
                0x80004470                ui_host_wakeup_event
 .text.ui_enable_asynchronous_interrupt
                0x8000447c       0x84 src/ASF/common/services/usb/class/hid/dual/mouse/example/at32uc3a0512_evk1100/ui.o
 .text.ui_wakeup_isr
                0x80004500       0x30 src/ASF/common/services/usb/class/hid/dual/mouse/example/at32uc3a0512_evk1100/ui.o
 .text.ui_host_sof_event
                0x80004530      0x114 src/ASF/common/services/usb/class/hid/dual/mouse/example/at32uc3a0512_evk1100/ui.o
                0x80004530                ui_host_sof_event
 .text.board_init
                0x80004644       0x80 src/ASF/avr32/boards/evk1100/init.o
                0x80004644                board_init
 .text.LED_Toggle
                0x800046c4       0x50 src/ASF/avr32/boards/evk1100/led.o
                0x800046c4                LED_Toggle
 .text.LED_On   0x80004714       0x50 src/ASF/avr32/boards/evk1100/led.o
                0x80004714                LED_On
 .text.LED_Off  0x80004764       0x54 src/ASF/avr32/boards/evk1100/led.o
                0x80004764                LED_Off
 .text.eic_init
                0x800047b8       0xd0 src/ASF/avr32/drivers/eic/eic.o
                0x800047b8                eic_init
 .text.eic_enable_line
                0x80004888        0xa src/ASF/avr32/drivers/eic/eic.o
                0x80004888                eic_enable_line
 .text.eic_disable_line
                0x80004892        0xa src/ASF/avr32/drivers/eic/eic.o
                0x80004892                eic_disable_line
 .text.eic_clear_interrupt_line
                0x8000489c       0x1a src/ASF/avr32/drivers/eic/eic.o
                0x8000489c                eic_clear_interrupt_line
 .text.flashc_set_wait_state
                0x800048b6        0xe src/ASF/avr32/drivers/flashc/flashc.o
                0x800048b6                flashc_set_wait_state
 .text.flashc_set_bus_freq
                0x800048c4       0x24 src/ASF/avr32/drivers/flashc/flashc.o
                0x800048c4                flashc_set_bus_freq
 .text.gpio_enable_module_pin
                0x800048e8       0x52 src/ASF/avr32/drivers/gpio/gpio.o
                0x800048e8                gpio_enable_module_pin
 *fill*         0x8000493a        0x2 d703d703
 .text.gpio_enable_module
                0x8000493c       0x30 src/ASF/avr32/drivers/gpio/gpio.o
                0x8000493c                gpio_enable_module
 .text.gpio_enable_pin_pull_up
                0x8000496c       0x16 src/ASF/avr32/drivers/gpio/gpio.o
                0x8000496c                gpio_enable_pin_pull_up
 .text.gpio_configure_pin
                0x80004982       0xb8 src/ASF/avr32/drivers/gpio/gpio.o
                0x80004982                gpio_configure_pin
 .text.gpio_get_pin_value
                0x80004a3a       0x16 src/ASF/avr32/drivers/gpio/gpio.o
                0x80004a3a                gpio_get_pin_value
 .text.gpio_set_gpio_pin
                0x80004a50       0x1c src/ASF/avr32/drivers/gpio/gpio.o
                0x80004a50                gpio_set_gpio_pin
 .text.gpio_clr_gpio_pin
                0x80004a6c       0x1c src/ASF/avr32/drivers/gpio/gpio.o
                0x80004a6c                gpio_clr_gpio_pin
 .text.gpio_enable_pin_interrupt
                0x80004a88       0x46 src/ASF/avr32/drivers/gpio/gpio.o
                0x80004a88                gpio_enable_pin_interrupt
 .text.gpio_disable_pin_interrupt
                0x80004ace       0x16 src/ASF/avr32/drivers/gpio/gpio.o
                0x80004ace                gpio_disable_pin_interrupt
 .text.gpio_clear_pin_interrupt_flag
                0x80004ae4       0x16 src/ASF/avr32/drivers/gpio/gpio.o
                0x80004ae4                gpio_clear_pin_interrupt_flag
 .text._unhandled_interrupt
                0x80004afa        0x2 src/ASF/avr32/drivers/intc/intc.o
 .text.INTC_register_interrupt
                0x80004afc       0x80 src/ASF/avr32/drivers/intc/intc.o
                0x80004afc                INTC_register_interrupt
 .text.INTC_init_interrupts
                0x80004b7c       0x54 src/ASF/avr32/drivers/intc/intc.o
                0x80004b7c                INTC_init_interrupts
 .text._get_interrupt_handler
                0x80004bd0       0x38 src/ASF/avr32/drivers/intc/intc.o
                0x80004bd0                _get_interrupt_handler
 .text.udd_set_address
                0x80004c08       0x22 src/ASF/avr32/drivers/usbb/usbb_device.o
                0x80004c08                udd_set_address
 .text.udd_getaddress
                0x80004c2a        0xc src/ASF/avr32/drivers/usbb/usbb_device.o
                0x80004c2a                udd_getaddress
 .text.udd_get_frame_number
                0x80004c36        0xc src/ASF/avr32/drivers/usbb/usbb_device.o
                0x80004c36                udd_get_frame_number
 *fill*         0x80004c42        0x2 d703d703
 .text.udd_set_setup_payload
                0x80004c44        0xc src/ASF/avr32/drivers/usbb/usbb_device.o
                0x80004c44                udd_set_setup_payload
 .text.udd_ep_is_halted
                0x80004c50       0x12 src/ASF/avr32/drivers/usbb/usbb_device.o
                0x80004c50                udd_ep_is_halted
 *fill*         0x80004c62        0x2 d703d703
 .text.udd_ep_set_halt
                0x80004c64       0xa8 src/ASF/avr32/drivers/usbb/usbb_device.o
                0x80004c64                udd_ep_set_halt
 .text.udd_ep_clear_halt
                0x80004d0c       0xc8 src/ASF/avr32/drivers/usbb/usbb_device.o
                0x80004d0c                udd_ep_clear_halt
 .text.udd_ctrl_stall_data
                0x80004dd4       0x18 src/ASF/avr32/drivers/usbb/usbb_device.o
 .text.udd_ctrl_endofrequest
                0x80004dec       0x14 src/ASF/avr32/drivers/usbb/usbb_device.o
 .text.udd_ep_finish_job
                0x80004e00       0x3a src/ASF/avr32/drivers/usbb/usbb_device.o
 *fill*         0x80004e3a        0x2 d703d703
 .text.udd_ep_abort_job
                0x80004e3c       0x24 src/ASF/avr32/drivers/usbb/usbb_device.o
 .text.udd_ep_abort
                0x80004e60       0x68 src/ASF/avr32/drivers/usbb/usbb_device.o
                0x80004e60                udd_ep_abort
 .text.udd_ep_free
                0x80004ec8       0x58 src/ASF/avr32/drivers/usbb/usbb_device.o
                0x80004ec8                udd_ep_free
 .text.udd_ep_trans_done
                0x80004f20      0x158 src/ASF/avr32/drivers/usbb/usbb_device.o
 .text.udd_ep_run
                0x80005078       0x9c src/ASF/avr32/drivers/usbb/usbb_device.o
                0x80005078                udd_ep_run
 .text.udd_sleep_mode
                0x80005114       0x78 src/ASF/avr32/drivers/usbb/usbb_device.o
 .text.udd_detach
                0x8000518c       0x28 src/ASF/avr32/drivers/usbb/usbb_device.o
                0x8000518c                udd_detach
 .text.udd_attach
                0x800051b4       0x74 src/ASF/avr32/drivers/usbb/usbb_device.o
                0x800051b4                udd_attach
 .text.udd_disable
                0x80005228       0x60 src/ASF/avr32/drivers/usbb/usbb_device.o
                0x80005228                udd_disable
 .text.udd_ctrl_send_zlp_in
                0x80005288       0x30 src/ASF/avr32/drivers/usbb/usbb_device.o
 .text.udd_ctrl_init
                0x800052b8       0x38 src/ASF/avr32/drivers/usbb/usbb_device.o
 .text.udd_ctrl_in_sent
                0x800052f0      0x140 src/ASF/avr32/drivers/usbb/usbb_device.o
 .text.udd_ep_alloc
                0x80005430      0x174 src/ASF/avr32/drivers/usbb/usbb_device.o
                0x80005430                udd_ep_alloc
 .text.udd_enable
                0x800055a4       0xec src/ASF/avr32/drivers/usbb/usbb_device.o
                0x800055a4                udd_enable
 .text.udd_interrupt
                0x80005690      0x64c src/ASF/avr32/drivers/usbb/usbb_device.o
                0x80005690                udd_interrupt
 .text.uhd_get_speed
                0x80005cdc       0x20 src/ASF/avr32/drivers/usbb/usbb_host.o
                0x80005cdc                uhd_get_speed
 .text.uhd_send_reset
                0x80005cfc       0x14 src/ASF/avr32/drivers/usbb/usbb_host.o
                0x80005cfc                uhd_send_reset
 .text.uhd_suspend
                0x80005d10       0x58 src/ASF/avr32/drivers/usbb/usbb_host.o
                0x80005d10                uhd_suspend
 .text.uhd_is_suspend
                0x80005d68       0x10 src/ASF/avr32/drivers/usbb/usbb_host.o
                0x80005d68                uhd_is_suspend
 .text.uhd_ctrl_phase_zlp_in
                0x80005d78       0x40 src/ASF/avr32/drivers/usbb/usbb_host.o
 .text.uhd_ctrl_phase_data_out
                0x80005db8      0x138 src/ASF/avr32/drivers/usbb/usbb_host.o
 .text.uhd_pipe_get_error
                0x80005ef0       0x28 src/ASF/avr32/drivers/usbb/usbb_host.o
 .text.uhd_get_pipe
                0x80005f18       0x82 src/ASF/avr32/drivers/usbb/usbb_host.o
 *fill*         0x80005f9a        0x2 d703d703
 .text.uhd_pipe_finish_job
                0x80005f9c       0x84 src/ASF/avr32/drivers/usbb/usbb_host.o
 .text.uhd_ep_abort_pipe
                0x80006020       0x68 src/ASF/avr32/drivers/usbb/usbb_host.o
 .text.uhd_pipe_trans_complet
                0x80006088      0x1bc src/ASF/avr32/drivers/usbb/usbb_host.o
 .text.uhd_ep_run
                0x80006244       0x84 src/ASF/avr32/drivers/usbb/usbb_host.o
                0x80006244                uhd_ep_run
 .text.uhd_sleep_mode
                0x800062c8       0xb4 src/ASF/avr32/drivers/usbb/usbb_host.o
 .text.uhd_resume
                0x8000637c       0x64 src/ASF/avr32/drivers/usbb/usbb_host.o
                0x8000637c                uhd_resume
 .text.uhd_ctrl_request_end
                0x800063e0       0x80 src/ASF/avr32/drivers/usbb/usbb_host.o
 .text.uhd_ctrl_phase_setup
                0x80006460       0xcc src/ASF/avr32/drivers/usbb/usbb_host.o
 .text.uhd_setup_request
                0x8000652c       0x84 src/ASF/avr32/drivers/usbb/usbb_host.o
                0x8000652c                uhd_setup_request
 .text.uhd_ep_free
                0x800065b0       0xd4 src/ASF/avr32/drivers/usbb/usbb_host.o
                0x800065b0                uhd_ep_free
 .text.uhd_ep_alloc
                0x80006684      0x16e src/ASF/avr32/drivers/usbb/usbb_host.o
                0x80006684                uhd_ep_alloc
 .text.uhd_ep0_alloc
                0x800067f2       0x8a src/ASF/avr32/drivers/usbb/usbb_host.o
                0x800067f2                uhd_ep0_alloc
 .text.otg_dual_disable
                0x8000687c       0x60 src/ASF/avr32/drivers/usbb/usbb_host.o
                0x8000687c                otg_dual_disable
 .text.uhd_disable
                0x800068dc       0x80 src/ASF/avr32/drivers/usbb/usbb_host.o
                0x800068dc                uhd_disable
 .text.otg_dual_enable
                0x8000695c       0xb4 src/ASF/avr32/drivers/usbb/usbb_host.o
                0x8000695c                otg_dual_enable
 .text.uhd_enable
                0x80006a10      0x108 src/ASF/avr32/drivers/usbb/usbb_host.o
                0x80006a10                uhd_enable
 .text.otg_interrupt
                0x80006b18      0x7a8 src/ASF/avr32/drivers/usbb/usbb_host.o
 .text._stext   0x800072c0       0x40 src/ASF/avr32/utils/startup/startup_uc3.o
                                 0x50 (size before relaxing)
                0x800072c0                _stext
 .text.sysclk_priv_disable_module
                0x80007300       0x32 src/ASF/common/services/clock/uc3a0_a1/sysclk.o
                0x80007300                sysclk_priv_disable_module
 *fill*         0x80007332        0x2 d703d703
 .text.sysclk_disable_pbb_module
                0x80007334       0x3c src/ASF/common/services/clock/uc3a0_a1/sysclk.o
                0x80007334                sysclk_disable_pbb_module
 .text.sysclk_disable_usb
                0x80007370       0x24 src/ASF/common/services/clock/uc3a0_a1/sysclk.o
                0x80007370                sysclk_disable_usb
 .text.sysclk_priv_enable_module
                0x80007394       0x30 src/ASF/common/services/clock/uc3a0_a1/sysclk.o
                0x80007394                sysclk_priv_enable_module
 .text.sysclk_enable_pbb_module
                0x800073c4       0x44 src/ASF/common/services/clock/uc3a0_a1/sysclk.o
                0x800073c4                sysclk_enable_pbb_module
 .text.sysclk_enable_usb
                0x80007408       0x8c src/ASF/common/services/clock/uc3a0_a1/sysclk.o
                0x80007408                sysclk_enable_usb
 .text.sysclk_init
                0x80007494       0x60 src/ASF/common/services/clock/uc3a0_a1/sysclk.o
                0x80007494                sysclk_init
 .text.uhi_hid_mouse_uninstall
                0x800074f4       0x30 src/ASF/common/services/usb/class/hid/host/mouse/uhi_hid_mouse.o
                0x800074f4                uhi_hid_mouse_uninstall
 .text.uhi_hid_mouse_start_trans_report
                0x80007524       0x28 src/ASF/common/services/usb/class/hid/host/mouse/uhi_hid_mouse.o
 .text.uhi_hid_mouse_enable
                0x8000754c       0x34 src/ASF/common/services/usb/class/hid/host/mouse/uhi_hid_mouse.o
                0x8000754c                uhi_hid_mouse_enable
 .text.uhi_hid_mouse_report_reception
                0x80007580      0x55c src/ASF/common/services/usb/class/hid/host/mouse/uhi_hid_mouse.o
 .text.uhi_hid_mouse_install
                0x80007adc       0xd0 src/ASF/common/services/usb/class/hid/host/mouse/uhi_hid_mouse.o
                0x80007adc                uhi_hid_mouse_install
 .text.udc_sof_notify
                0x80007bac       0x50 src/ASF/common/services/usb/udc/udc.o
                0x80007bac                udc_sof_notify
 .text.udc_get_eof_conf
                0x80007bfc       0x20 src/ASF/common/services/usb/udc/udc.o
 .text.udc_update_iface_desc
                0x80007c1c       0x84 src/ASF/common/services/usb/udc/udc.o
 .text.udc_next_desc_in_iface
                0x80007ca0       0x50 src/ASF/common/services/usb/udc/udc.o
 .text.udc_valid_address
                0x80007cf0       0x18 src/ASF/common/services/usb/udc/udc.o
 .text.udc_iface_enable
                0x80007d08       0x60 src/ASF/common/services/usb/udc/udc.o
 .text.udc_iface_disable
                0x80007d68       0x64 src/ASF/common/services/usb/udc/udc.o
 .text.udc_reset
                0x80007dcc       0x5c src/ASF/common/services/usb/udc/udc.o
                0x80007dcc                udc_reset
 .text.udc_process_setup
                0x80007e28      0x528 src/ASF/common/services/usb/udc/udc.o
                0x80007e28                udc_process_setup
 .text.udc_stop
                0x80008350       0x14 src/ASF/common/services/usb/udc/udc.o
                0x80008350                udc_stop
 .text.udc_start
                0x80008364        0xc src/ASF/common/services/usb/udc/udc.o
                0x80008364                udc_start
 .text.uhc_enable_timeout_callback
                0x80008370       0x14 src/ASF/common/services/usb/uhc/uhc.o
 .text.uhc_enumeration_step2
                0x80008384       0x14 src/ASF/common/services/usb/uhc/uhc.o
 .text.uhc_enumeration_step8
                0x80008398       0x14 src/ASF/common/services/usb/uhc/uhc.o
 .text.uhc_notify_sof
                0x800083ac       0x4c src/ASF/common/services/usb/uhc/uhc.o
                0x800083ac                uhc_notify_sof
 .text.uhc_remotewakeup
                0x800083f8       0x54 src/ASF/common/services/usb/uhc/uhc.o
 .text.uhc_is_suspend
                0x8000844c       0x20 src/ASF/common/services/usb/uhc/uhc.o
                0x8000844c                uhc_is_suspend
 .text.uhc_resume
                0x8000846c       0x18 src/ASF/common/services/usb/uhc/uhc.o
                0x8000846c                uhc_resume
 .text.uhc_suspend
                0x80008484       0x2c src/ASF/common/services/usb/uhc/uhc.o
                0x80008484                uhc_suspend
 .text.uhc_enumeration_suspend
                0x800084b0        0xc src/ASF/common/services/usb/uhc/uhc.o
 .text.uhc_stop
                0x800084bc        0xc src/ASF/common/services/usb/uhc/uhc.o
                0x800084bc                uhc_stop
 .text.uhc_start
                0x800084c8       0x24 src/ASF/common/services/usb/uhc/uhc.o
                0x800084c8                uhc_start
 .text.uhc_notify_resume
                0x800084ec       0x18 src/ASF/common/services/usb/uhc/uhc.o
                0x800084ec                uhc_notify_resume
 .text.uhc_enumeration_reset
                0x80008504        0xc src/ASF/common/services/usb/uhc/uhc.o
 .text.uhc_enumeration_step1
                0x80008510       0x14 src/ASF/common/services/usb/uhc/uhc.o
 .text.uhc_notify_connection
                0x80008524       0x94 src/ASF/common/services/usb/uhc/uhc.o
                0x80008524                uhc_notify_connection
 .text.uhc_enumeration_step3
                0x800085b8       0x14 src/ASF/common/services/usb/uhc/uhc.o
 .text.uhc_enumeration_step7
                0x800085cc       0x14 src/ASF/common/services/usb/uhc/uhc.o
 .text.uhc_enumeration_step4
                0x800085e0       0x24 src/ASF/common/services/usb/uhc/uhc.o
 .text.uhc_enumeration_error
                0x80008604       0x88 src/ASF/common/services/usb/uhc/uhc.o
 .text.uhc_enumeration_step5
                0x8000868c       0x70 src/ASF/common/services/usb/uhc/uhc.o
 .text.uhc_enumeration_step6
                0x800086fc       0x4c src/ASF/common/services/usb/uhc/uhc.o
 .text.uhc_enumeration_step9
                0x80008748       0x78 src/ASF/common/services/usb/uhc/uhc.o
 .text.uhc_enumeration_step10
                0x800087c0       0x2c src/ASF/common/services/usb/uhc/uhc.o
 .text.uhc_enumeration_step11
                0x800087ec       0x74 src/ASF/common/services/usb/uhc/uhc.o
 .text.uhc_enumeration_step12
                0x80008860       0x98 src/ASF/common/services/usb/uhc/uhc.o
 .text.uhc_enumeration_step13
                0x800088f8       0xe4 src/ASF/common/services/usb/uhc/uhc.o
 .text.uhc_enumeration_step14
                0x800089dc       0xf8 src/ASF/common/services/usb/uhc/uhc.o
 .text.uhc_enumeration_step15
                0x80008ad4       0x74 src/ASF/common/services/usb/uhc/uhc.o
 .text.MIDI_Host_USBTask
                0x80008b48       0x90 src/main.o
                0x80008b48                MIDI_Host_USBTask
 .text.dacwait2
                0x80008bd8       0x28 src/main.o
                0x80008bd8                dacwait2
 .text.dacwait1
                0x80008c00       0x28 src/main.o
                0x80008c00                dacwait1
 .text.setSPI   0x80008c28       0x70 src/main.o
                0x80008c28                setSPI
 .text.initSPIbus
                0x80008c98       0x94 src/main.o
                0x80008c98                initSPIbus
 .text.DAC16Send
                0x80008d2c       0xe4 src/main.o
                0x80008d2c                DAC16Send
 .text.dacsend  0x80008e10      0x10c src/main.o
                0x80008e10                dacsend
 .text.DACsetup
                0x80008f1c       0xe8 src/main.o
                0x80008f1c                DACsetup
 .text.main     0x80009004      0x198 src/main.o
                0x80009004                main
 .text.free     0x8000919c       0x10 c:/program files (x86)/atmel/atmel toolchain/avr32 gcc/native/3.4.1067/avr32-gnu-toolchain/bin/../lib/gcc/avr32/4.4.7/../../../../avr32/lib/ucr2\libc.a(lib_a-malloc.o)
                                 0x18 (size before relaxing)
                0x8000919c                free
 .text.malloc   0x800091ac       0x10 c:/program files (x86)/atmel/atmel toolchain/avr32 gcc/native/3.4.1067/avr32-gnu-toolchain/bin/../lib/gcc/avr32/4.4.7/../../../../avr32/lib/ucr2\libc.a(lib_a-malloc.o)
                                 0x18 (size before relaxing)
                0x800091ac                malloc
 .text._malloc_r
                0x800091bc      0x428 c:/program files (x86)/atmel/atmel toolchain/avr32 gcc/native/3.4.1067/avr32-gnu-toolchain/bin/../lib/gcc/avr32/4.4.7/../../../../avr32/lib/ucr2\libc.a(lib_a-mallocr.o)
                                0x450 (size before relaxing)
                0x800091bc                _malloc_r
 .text          0x800095e4      0x148 c:/program files (x86)/atmel/atmel toolchain/avr32 gcc/native/3.4.1067/avr32-gnu-toolchain/bin/../lib/gcc/avr32/4.4.7/../../../../avr32/lib/ucr2\libc.a(lib_a-memcpy.o)
                0x800095e4                memcpy
 .text.__malloc_lock
                0x8000972c        0x2 c:/program files (x86)/atmel/atmel toolchain/avr32 gcc/native/3.4.1067/avr32-gnu-toolchain/bin/../lib/gcc/avr32/4.4.7/../../../../avr32/lib/ucr2\libc.a(lib_a-mlock.o)
                0x8000972c                __malloc_lock
 .text.__malloc_unlock
                0x8000972e        0x2 c:/program files (x86)/atmel/atmel toolchain/avr32 gcc/native/3.4.1067/avr32-gnu-toolchain/bin/../lib/gcc/avr32/4.4.7/../../../../avr32/lib/ucr2\libc.a(lib_a-mlock.o)
                0x8000972e                __malloc_unlock
 .text._sbrk_r  0x80009730       0x20 c:/program files (x86)/atmel/atmel toolchain/avr32 gcc/native/3.4.1067/avr32-gnu-toolchain/bin/../lib/gcc/avr32/4.4.7/../../../../avr32/lib/ucr2\libc.a(lib_a-sbrkr.o)
                                 0x28 (size before relaxing)
                0x80009730                _sbrk_r
 .text._close   0x80009750       0x14 c:/program files (x86)/atmel/atmel toolchain/avr32 gcc/native/3.4.1067/avr32-gnu-toolchain/bin/../lib/gcc/avr32/4.4.7/../../../../avr32/lib/ucr2\libc.a(lib_a-syscalls.o)
                                 0x18 (size before relaxing)
                0x80009750                _close
 .text._lseek   0x80009764       0x14 c:/program files (x86)/atmel/atmel toolchain/avr32 gcc/native/3.4.1067/avr32-gnu-toolchain/bin/../lib/gcc/avr32/4.4.7/../../../../avr32/lib/ucr2\libc.a(lib_a-syscalls.o)
                                 0x18 (size before relaxing)
                0x80009764                _lseek
 .text._read    0x80009778       0x14 c:/program files (x86)/atmel/atmel toolchain/avr32 gcc/native/3.4.1067/avr32-gnu-toolchain/bin/../lib/gcc/avr32/4.4.7/../../../../avr32/lib/ucr2\libc.a(lib_a-syscalls.o)
                                 0x18 (size before relaxing)
                0x80009778                _read
 .text._write   0x8000978c       0x14 c:/program files (x86)/atmel/atmel toolchain/avr32 gcc/native/3.4.1067/avr32-gnu-toolchain/bin/../lib/gcc/avr32/4.4.7/../../../../avr32/lib/ucr2\libc.a(lib_a-syscalls.o)
                                 0x18 (size before relaxing)
                0x8000978c                _write
 .text.isatty   0x800097a0       0x14 c:/program files (x86)/atmel/atmel toolchain/avr32 gcc/native/3.4.1067/avr32-gnu-toolchain/bin/../lib/gcc/avr32/4.4.7/../../../../avr32/lib/ucr2\libc.a(lib_a-syscalls.o)
                                 0x18 (size before relaxing)
                0x800097a0                isatty
 .text._fstat_host
                0x800097b4       0x14 c:/program files (x86)/atmel/atmel toolchain/avr32 gcc/native/3.4.1067/avr32-gnu-toolchain/bin/../lib/gcc/avr32/4.4.7/../../../../avr32/lib/ucr2\libc.a(lib_a-syscalls.o)
                                 0x18 (size before relaxing)
                0x800097b4                _fstat_host
 .text._fstat   0x800097c8       0x4c c:/program files (x86)/atmel/atmel toolchain/avr32 gcc/native/3.4.1067/avr32-gnu-toolchain/bin/../lib/gcc/avr32/4.4.7/../../../../avr32/lib/ucr2\libc.a(lib_a-syscalls.o)
                                 0x50 (size before relaxing)
                0x800097c8                _fstat
 .text._sbrk    0x80009814       0x38 c:/program files (x86)/atmel/atmel toolchain/avr32 gcc/native/3.4.1067/avr32-gnu-toolchain/bin/../lib/gcc/avr32/4.4.7/../../../../avr32/lib/ucr2\libc.a(lib_a-syscalls.o)
                                 0x40 (size before relaxing)
                0x80009814                _sbrk
 .text._vsprintf_r
                0x8000984c       0x30 c:/program files (x86)/atmel/atmel toolchain/avr32 gcc/native/3.4.1067/avr32-gnu-toolchain/bin/../lib/gcc/avr32/4.4.7/../../../../avr32/lib/ucr2\libc.a(lib_a-vsprintf.o)
                                 0x34 (size before relaxing)
                0x8000984c                _vsprintf_r
 .text.vsprintf
                0x8000987c       0x14 c:/program files (x86)/atmel/atmel toolchain/avr32 gcc/native/3.4.1067/avr32-gnu-toolchain/bin/../lib/gcc/avr32/4.4.7/../../../../avr32/lib/ucr2\libc.a(lib_a-vsprintf.o)
                                 0x1c (size before relaxing)
                0x8000987c                vsprintf
 .text.__errno  0x80009890        0xc c:/program files (x86)/atmel/atmel toolchain/avr32 gcc/native/3.4.1067/avr32-gnu-toolchain/bin/../lib/gcc/avr32/4.4.7/../../../../avr32/lib/ucr2\libc.a(lib_a-errno.o)
                0x80009890                __errno
 .text._malloc_trim_r
                0x8000989c       0x8c c:/program files (x86)/atmel/atmel toolchain/avr32 gcc/native/3.4.1067/avr32-gnu-toolchain/bin/../lib/gcc/avr32/4.4.7/../../../../avr32/lib/ucr2\libc.a(lib_a-freer.o)
                                 0xa8 (size before relaxing)
                0x8000989c                _malloc_trim_r
 .text._free_r  0x80009928      0x184 c:/program files (x86)/atmel/atmel toolchain/avr32 gcc/native/3.4.1067/avr32-gnu-toolchain/bin/../lib/gcc/avr32/4.4.7/../../../../avr32/lib/ucr2\libc.a(lib_a-freer.o)
                                0x1a0 (size before relaxing)
                0x80009928                _free_r
 .text.get_arg  0x80009aac      0x314 c:/program files (x86)/atmel/atmel toolchain/avr32 gcc/native/3.4.1067/avr32-gnu-toolchain/bin/../lib/gcc/avr32/4.4.7/../../../../avr32/lib/ucr2\libc.a(lib_a-vfprintf.o)
                                0x324 (size before relaxing)
 .text.__sprint_r
                0x80009dc0       0x1c c:/program files (x86)/atmel/atmel toolchain/avr32 gcc/native/3.4.1067/avr32-gnu-toolchain/bin/../lib/gcc/avr32/4.4.7/../../../../avr32/lib/ucr2\libc.a(lib_a-vfprintf.o)
                                 0x20 (size before relaxing)
 .text._vfprintf_r
                0x80009ddc     0x1f14 c:/program files (x86)/atmel/atmel toolchain/avr32 gcc/native/3.4.1067/avr32-gnu-toolchain/bin/../lib/gcc/avr32/4.4.7/../../../../avr32/lib/ucr2\libc.a(lib_a-vfprintf.o)
                               0x1f9c (size before relaxing)
                0x80009ddc                _vfprintf_r
 .text.__swsetup_r
                0x8000bcf0       0xdc c:/program files (x86)/atmel/atmel toolchain/avr32 gcc/native/3.4.1067/avr32-gnu-toolchain/bin/../lib/gcc/avr32/4.4.7/../../../../avr32/lib/ucr2\libc.a(lib_a-wsetup.o)
                                 0xe8 (size before relaxing)
                0x8000bcf0                __swsetup_r
 .text.quorem   0x8000bdcc      0x120 c:/program files (x86)/atmel/atmel toolchain/avr32 gcc/native/3.4.1067/avr32-gnu-toolchain/bin/../lib/gcc/avr32/4.4.7/../../../../avr32/lib/ucr2\libc.a(lib_a-dtoa.o)
                                0x124 (size before relaxing)
 .text._dtoa_r  0x8000beec      0xbdc c:/program files (x86)/atmel/atmel toolchain/avr32 gcc/native/3.4.1067/avr32-gnu-toolchain/bin/../lib/gcc/avr32/4.4.7/../../../../avr32/lib/ucr2\libc.a(lib_a-dtoa.o)
                                0xc90 (size before relaxing)
                0x8000beec                _dtoa_r
 .text._fflush_r
                0x8000cac8      0x10c c:/program files (x86)/atmel/atmel toolchain/avr32 gcc/native/3.4.1067/avr32-gnu-toolchain/bin/../lib/gcc/avr32/4.4.7/../../../../avr32/lib/ucr2\libc.a(lib_a-fflush.o)
                                0x118 (size before relaxing)
                0x8000cac8                _fflush_r
 .text.__sfp_lock_acquire
                0x8000cbd4        0x2 c:/program files (x86)/atmel/atmel toolchain/avr32 gcc/native/3.4.1067/avr32-gnu-toolchain/bin/../lib/gcc/avr32/4.4.7/../../../../avr32/lib/ucr2\libc.a(lib_a-findfp.o)
                0x8000cbd4                __sfp_lock_acquire
 .text.__sfp_lock_release
                0x8000cbd6        0x2 c:/program files (x86)/atmel/atmel toolchain/avr32 gcc/native/3.4.1067/avr32-gnu-toolchain/bin/../lib/gcc/avr32/4.4.7/../../../../avr32/lib/ucr2\libc.a(lib_a-findfp.o)
                0x8000cbd6                __sfp_lock_release
 .text._cleanup_r
                0x8000cbd8        0xc c:/program files (x86)/atmel/atmel toolchain/avr32 gcc/native/3.4.1067/avr32-gnu-toolchain/bin/../lib/gcc/avr32/4.4.7/../../../../avr32/lib/ucr2\libc.a(lib_a-findfp.o)
                                 0x14 (size before relaxing)
                0x8000cbd8                _cleanup_r
 .text.__sfmoreglue
                0x8000cbe4       0x28 c:/program files (x86)/atmel/atmel toolchain/avr32 gcc/native/3.4.1067/avr32-gnu-toolchain/bin/../lib/gcc/avr32/4.4.7/../../../../avr32/lib/ucr2\libc.a(lib_a-findfp.o)
                                 0x30 (size before relaxing)
                0x8000cbe4                __sfmoreglue
 .text.__sfp    0x8000cc0c       0x6c c:/program files (x86)/atmel/atmel toolchain/avr32 gcc/native/3.4.1067/avr32-gnu-toolchain/bin/../lib/gcc/avr32/4.4.7/../../../../avr32/lib/ucr2\libc.a(lib_a-findfp.o)
                                 0x7c (size before relaxing)
                0x8000cc0c                __sfp
 .text.__sinit  0x8000cc78       0x9c c:/program files (x86)/atmel/atmel toolchain/avr32 gcc/native/3.4.1067/avr32-gnu-toolchain/bin/../lib/gcc/avr32/4.4.7/../../../../avr32/lib/ucr2\libc.a(lib_a-findfp.o)
                                 0xb0 (size before relaxing)
                0x8000cc78                __sinit
 .text.__sfvwrite_r
                0x8000cd14      0x294 c:/program files (x86)/atmel/atmel toolchain/avr32 gcc/native/3.4.1067/avr32-gnu-toolchain/bin/../lib/gcc/avr32/4.4.7/../../../../avr32/lib/ucr2\libc.a(lib_a-fvwrite.o)
                                0x2c4 (size before relaxing)
                0x8000cd14                __sfvwrite_r
 .text._fwalk   0x8000cfa8       0x48 c:/program files (x86)/atmel/atmel toolchain/avr32 gcc/native/3.4.1067/avr32-gnu-toolchain/bin/../lib/gcc/avr32/4.4.7/../../../../avr32/lib/ucr2\libc.a(lib_a-fwalk.o)
                                 0x54 (size before relaxing)
                0x8000cfa8                _fwalk
 .text._localeconv_r
                0x8000cff0        0x8 c:/program files (x86)/atmel/atmel toolchain/avr32 gcc/native/3.4.1067/avr32-gnu-toolchain/bin/../lib/gcc/avr32/4.4.7/../../../../avr32/lib/ucr2\libc.a(lib_a-locale.o)
                0x8000cff0                _localeconv_r
 .text.__smakebuf_r
                0x8000cff8       0xbc c:/program files (x86)/atmel/atmel toolchain/avr32 gcc/native/3.4.1067/avr32-gnu-toolchain/bin/../lib/gcc/avr32/4.4.7/../../../../avr32/lib/ucr2\libc.a(lib_a-makebuf.o)
                                 0xcc (size before relaxing)
                0x8000cff8                __smakebuf_r
 .text.memchr   0x8000d0b4       0x16 c:/program files (x86)/atmel/atmel toolchain/avr32 gcc/native/3.4.1067/avr32-gnu-toolchain/bin/../lib/gcc/avr32/4.4.7/../../../../avr32/lib/ucr2\libc.a(lib_a-memchr.o)
                0x8000d0b4                memchr
 .text.memmove  0x8000d0ca       0x3e c:/program files (x86)/atmel/atmel toolchain/avr32 gcc/native/3.4.1067/avr32-gnu-toolchain/bin/../lib/gcc/avr32/4.4.7/../../../../avr32/lib/ucr2\libc.a(lib_a-memmove.o)
                0x8000d0ca                memmove
 .text.memset   0x8000d108        0xe c:/program files (x86)/atmel/atmel toolchain/avr32 gcc/native/3.4.1067/avr32-gnu-toolchain/bin/../lib/gcc/avr32/4.4.7/../../../../avr32/lib/ucr2\libc.a(lib_a-memset.o)
                0x8000d108                memset
 .text.__hi0bits
                0x8000d116       0x60 c:/program files (x86)/atmel/atmel toolchain/avr32 gcc/native/3.4.1067/avr32-gnu-toolchain/bin/../lib/gcc/avr32/4.4.7/../../../../avr32/lib/ucr2\libc.a(lib_a-mprec.o)
                0x8000d116                __hi0bits
 .text.__lo0bits
                0x8000d176       0x8e c:/program files (x86)/atmel/atmel toolchain/avr32 gcc/native/3.4.1067/avr32-gnu-toolchain/bin/../lib/gcc/avr32/4.4.7/../../../../avr32/lib/ucr2\libc.a(lib_a-mprec.o)
                0x8000d176                __lo0bits
 .text.__mcmp   0x8000d204       0x32 c:/program files (x86)/atmel/atmel toolchain/avr32 gcc/native/3.4.1067/avr32-gnu-toolchain/bin/../lib/gcc/avr32/4.4.7/../../../../avr32/lib/ucr2\libc.a(lib_a-mprec.o)
                0x8000d204                __mcmp
 *fill*         0x8000d236        0x2 d703d703
 .text._Bfree   0x8000d238       0x34 c:/program files (x86)/atmel/atmel toolchain/avr32 gcc/native/3.4.1067/avr32-gnu-toolchain/bin/../lib/gcc/avr32/4.4.7/../../../../avr32/lib/ucr2\libc.a(lib_a-mprec.o)
                                 0x38 (size before relaxing)
                0x8000d238                _Bfree
 .text._Balloc  0x8000d26c       0x70 c:/program files (x86)/atmel/atmel toolchain/avr32 gcc/native/3.4.1067/avr32-gnu-toolchain/bin/../lib/gcc/avr32/4.4.7/../../../../avr32/lib/ucr2\libc.a(lib_a-mprec.o)
                                 0x78 (size before relaxing)
                0x8000d26c                _Balloc
 .text.__d2b    0x8000d2dc       0xa0 c:/program files (x86)/atmel/atmel toolchain/avr32 gcc/native/3.4.1067/avr32-gnu-toolchain/bin/../lib/gcc/avr32/4.4.7/../../../../avr32/lib/ucr2\libc.a(lib_a-mprec.o)
                                 0xb4 (size before relaxing)
                0x8000d2dc                __d2b
 .text.__mdiff  0x8000d37c       0xd0 c:/program files (x86)/atmel/atmel toolchain/avr32 gcc/native/3.4.1067/avr32-gnu-toolchain/bin/../lib/gcc/avr32/4.4.7/../../../../avr32/lib/ucr2\libc.a(lib_a-mprec.o)
                                 0xd8 (size before relaxing)
                0x8000d37c                __mdiff
 .text.__lshift
                0x8000d44c       0x88 c:/program files (x86)/atmel/atmel toolchain/avr32 gcc/native/3.4.1067/avr32-gnu-toolchain/bin/../lib/gcc/avr32/4.4.7/../../../../avr32/lib/ucr2\libc.a(lib_a-mprec.o)
                                 0x94 (size before relaxing)
                0x8000d44c                __lshift
 .text.__multiply
                0x8000d4d4      0x100 c:/program files (x86)/atmel/atmel toolchain/avr32 gcc/native/3.4.1067/avr32-gnu-toolchain/bin/../lib/gcc/avr32/4.4.7/../../../../avr32/lib/ucr2\libc.a(lib_a-mprec.o)
                                0x108 (size before relaxing)
                0x8000d4d4                __multiply
 .text.__i2b    0x8000d5d4       0x10 c:/program files (x86)/atmel/atmel toolchain/avr32 gcc/native/3.4.1067/avr32-gnu-toolchain/bin/../lib/gcc/avr32/4.4.7/../../../../avr32/lib/ucr2\libc.a(lib_a-mprec.o)
                                 0x18 (size before relaxing)
                0x8000d5d4                __i2b
 .text.__multadd
                0x8000d5e4       0x7c c:/program files (x86)/atmel/atmel toolchain/avr32 gcc/native/3.4.1067/avr32-gnu-toolchain/bin/../lib/gcc/avr32/4.4.7/../../../../avr32/lib/ucr2\libc.a(lib_a-mprec.o)
                                 0x88 (size before relaxing)
                0x8000d5e4                __multadd
 .text.__pow5mult
                0x8000d660       0x8c c:/program files (x86)/atmel/atmel toolchain/avr32 gcc/native/3.4.1067/avr32-gnu-toolchain/bin/../lib/gcc/avr32/4.4.7/../../../../avr32/lib/ucr2\libc.a(lib_a-mprec.o)
                                 0xac (size before relaxing)
                0x8000d660                __pow5mult
 .text._realloc_r
                0x8000d6ec      0x2c0 c:/program files (x86)/atmel/atmel toolchain/avr32 gcc/native/3.4.1067/avr32-gnu-toolchain/bin/../lib/gcc/avr32/4.4.7/../../../../avr32/lib/ucr2\libc.a(lib_a-reallocr.o)
                                0x2e0 (size before relaxing)
                0x8000d6ec                _realloc_r
 .text.__isinfd
                0x8000d9ac       0x2a c:/program files (x86)/atmel/atmel toolchain/avr32 gcc/native/3.4.1067/avr32-gnu-toolchain/bin/../lib/gcc/avr32/4.4.7/../../../../avr32/lib/ucr2\libc.a(lib_a-s_isinfd.o)
                0x8000d9ac                __isinfd
 .text.__isnand
                0x8000d9d6       0x1c c:/program files (x86)/atmel/atmel toolchain/avr32 gcc/native/3.4.1067/avr32-gnu-toolchain/bin/../lib/gcc/avr32/4.4.7/../../../../avr32/lib/ucr2\libc.a(lib_a-s_isnand.o)
                0x8000d9d6                __isnand
 *fill*         0x8000d9f2        0x2 d703d703
 .text.__sclose
                0x8000d9f4        0x8 c:/program files (x86)/atmel/atmel toolchain/avr32 gcc/native/3.4.1067/avr32-gnu-toolchain/bin/../lib/gcc/avr32/4.4.7/../../../../avr32/lib/ucr2\libc.a(lib_a-stdio.o)
                                 0x10 (size before relaxing)
                0x8000d9f4                __sclose
 .text.__sseek  0x8000d9fc       0x20 c:/program files (x86)/atmel/atmel toolchain/avr32 gcc/native/3.4.1067/avr32-gnu-toolchain/bin/../lib/gcc/avr32/4.4.7/../../../../avr32/lib/ucr2\libc.a(lib_a-stdio.o)
                                 0x28 (size before relaxing)
                0x8000d9fc                __sseek
 .text.__swrite
                0x8000da1c       0x2c c:/program files (x86)/atmel/atmel toolchain/avr32 gcc/native/3.4.1067/avr32-gnu-toolchain/bin/../lib/gcc/avr32/4.4.7/../../../../avr32/lib/ucr2\libc.a(lib_a-stdio.o)
                                 0x38 (size before relaxing)
                0x8000da1c                __swrite
 .text.__sread  0x8000da48       0x1c c:/program files (x86)/atmel/atmel toolchain/avr32 gcc/native/3.4.1067/avr32-gnu-toolchain/bin/../lib/gcc/avr32/4.4.7/../../../../avr32/lib/ucr2\libc.a(lib_a-stdio.o)
                                 0x24 (size before relaxing)
                0x8000da48                __sread
 .text.strlen   0x8000da64       0x16 c:/program files (x86)/atmel/atmel toolchain/avr32 gcc/native/3.4.1067/avr32-gnu-toolchain/bin/../lib/gcc/avr32/4.4.7/../../../../avr32/lib/ucr2\libc.a(lib_a-strlen.o)
                0x8000da64                strlen
 *fill*         0x8000da7a        0x2 d703d703
 .text._write_r
                0x8000da7c       0x28 c:/program files (x86)/atmel/atmel toolchain/avr32 gcc/native/3.4.1067/avr32-gnu-toolchain/bin/../lib/gcc/avr32/4.4.7/../../../../avr32/lib/ucr2\libc.a(lib_a-writer.o)
                                 0x2c (size before relaxing)
                0x8000da7c                _write_r
 .text._calloc_r
                0x8000daa4       0x58 c:/program files (x86)/atmel/atmel toolchain/avr32 gcc/native/3.4.1067/avr32-gnu-toolchain/bin/../lib/gcc/avr32/4.4.7/../../../../avr32/lib/ucr2\libc.a(lib_a-callocr.o)
                                 0x60 (size before relaxing)
                0x8000daa4                _calloc_r
 .text._close_r
                0x8000dafc       0x20 c:/program files (x86)/atmel/atmel toolchain/avr32 gcc/native/3.4.1067/avr32-gnu-toolchain/bin/../lib/gcc/avr32/4.4.7/../../../../avr32/lib/ucr2\libc.a(lib_a-closer.o)
                                 0x28 (size before relaxing)
                0x8000dafc                _close_r
 .text._fclose_r
                0x8000db1c       0xb8 c:/program files (x86)/atmel/atmel toolchain/avr32 gcc/native/3.4.1067/avr32-gnu-toolchain/bin/../lib/gcc/avr32/4.4.7/../../../../avr32/lib/ucr2\libc.a(lib_a-fclose.o)
                                 0xd0 (size before relaxing)
                0x8000db1c                _fclose_r
 .text.fclose   0x8000dbd4       0x10 c:/program files (x86)/atmel/atmel toolchain/avr32 gcc/native/3.4.1067/avr32-gnu-toolchain/bin/../lib/gcc/avr32/4.4.7/../../../../avr32/lib/ucr2\libc.a(lib_a-fclose.o)
                                 0x18 (size before relaxing)
                0x8000dbd4                fclose
 .text._fstat_r
                0x8000dbe4       0x24 c:/program files (x86)/atmel/atmel toolchain/avr32 gcc/native/3.4.1067/avr32-gnu-toolchain/bin/../lib/gcc/avr32/4.4.7/../../../../avr32/lib/ucr2\libc.a(lib_a-fstatr.o)
                                 0x2c (size before relaxing)
                0x8000dbe4                _fstat_r
 .text._lseek_r
                0x8000dc08       0x28 c:/program files (x86)/atmel/atmel toolchain/avr32 gcc/native/3.4.1067/avr32-gnu-toolchain/bin/../lib/gcc/avr32/4.4.7/../../../../avr32/lib/ucr2\libc.a(lib_a-lseekr.o)
                                 0x2c (size before relaxing)
                0x8000dc08                _lseek_r
 .text._read_r  0x8000dc30       0x28 c:/program files (x86)/atmel/atmel toolchain/avr32 gcc/native/3.4.1067/avr32-gnu-toolchain/bin/../lib/gcc/avr32/4.4.7/../../../../avr32/lib/ucr2\libc.a(lib_a-readr.o)
                                 0x2c (size before relaxing)
                0x8000dc30                _read_r
 .text          0x8000dc58      0x1d4 c:/program files (x86)/atmel/atmel toolchain/avr32 gcc/native/3.4.1067/avr32-gnu-toolchain/bin/../lib/gcc/avr32/4.4.7/ucr2\libgcc.a(_avr32_f64_mul.o)
                0x8000dc58                __avr32_f64_mul
 .text          0x8000de2c      0x2b0 c:/program files (x86)/atmel/atmel toolchain/avr32 gcc/native/3.4.1067/avr32-gnu-toolchain/bin/../lib/gcc/avr32/4.4.7/ucr2\libgcc.a(_avr32_f64_addsub.o)
                0x8000de30                __avr32_f64_sub
                0x8000dfcc                __avr32_f64_add
 .text          0x8000e0dc       0x2a c:/program files (x86)/atmel/atmel toolchain/avr32 gcc/native/3.4.1067/avr32-gnu-toolchain/bin/../lib/gcc/avr32/4.4.7/ucr2\libgcc.a(_avr32_f64_to_s32.o)
                0x8000e0dc                __avr32_f64_to_u32
                0x8000e0e0                __avr32_f64_to_s32
 .text          0x8000e106       0xe8 c:/program files (x86)/atmel/atmel toolchain/avr32 gcc/native/3.4.1067/avr32-gnu-toolchain/bin/../lib/gcc/avr32/4.4.7/ucr2\libgcc.a(_avr32_s32_to_f64.o)
                0x8000e106                __avr32_u32_to_f64
                0x8000e10e                __avr32_s32_to_f64
 .text          0x8000e1ee       0x26 c:/program files (x86)/atmel/atmel toolchain/avr32 gcc/native/3.4.1067/avr32-gnu-toolchain/bin/../lib/gcc/avr32/4.4.7/ucr2\libgcc.a(_avr32_f64_cmp_eq.o)
                0x8000e1ee                __avr32_f64_cmp_eq
 .text          0x8000e214       0x68 c:/program files (x86)/atmel/atmel toolchain/avr32 gcc/native/3.4.1067/avr32-gnu-toolchain/bin/../lib/gcc/avr32/4.4.7/ucr2\libgcc.a(_avr32_f64_cmp_ge.o)
                0x8000e214                __avr32_f64_cmp_ge
 .text          0x8000e27c       0x68 c:/program files (x86)/atmel/atmel toolchain/avr32 gcc/native/3.4.1067/avr32-gnu-toolchain/bin/../lib/gcc/avr32/4.4.7/ucr2\libgcc.a(_avr32_f64_cmp_lt.o)
                0x8000e27c                __avr32_f64_cmp_lt
 .text          0x8000e2e4      0x318 c:/program files (x86)/atmel/atmel toolchain/avr32 gcc/native/3.4.1067/avr32-gnu-toolchain/bin/../lib/gcc/avr32/4.4.7/ucr2\libgcc.a(_avr32_f64_div.o)
                0x8000e2e4                __avr32_f64_div
 .text          0x8000e5fc      0x264 c:/program files (x86)/atmel/atmel toolchain/avr32 gcc/native/3.4.1067/avr32-gnu-toolchain/bin/../lib/gcc/avr32/4.4.7/ucr2\libgcc.a(_udivdi3.o)
                0x8000e5fc                __avr32_udiv64
                0x8000e5fc                __udivdi3
 .text          0x8000e860      0x20c c:/program files (x86)/atmel/atmel toolchain/avr32 gcc/native/3.4.1067/avr32-gnu-toolchain/bin/../lib/gcc/avr32/4.4.7/ucr2\libgcc.a(_umoddi3.o)
                0x8000e860                __avr32_umod64
                0x8000e860                __umoddi3
 *(.text.*personality*)
 *(.gnu.warning)

.exception      0x8000ec00      0x200
 .exception     0x8000ec00      0x200 src/ASF/avr32/drivers/intc/exception.o
                0x8000ec00                _evba
                0x8000ed04                _int0
                0x8000ed12                _int1
                0x8000ed20                _int2
                0x8000ed2e                _int3

.fini
 *(.fini)
                0x8000ee00                PROVIDE (__etext, .)
                0x8000ee00                PROVIDE (_etext, .)
                0x8000ee00                PROVIDE (etext, .)

.rodata         0x8000ee00      0x7c4
 *(.rodata .rodata.* .gnu.linkonce.r.*)
 .rodata.USB_Host_ProcessNextHostState
                0x8000ee00       0x28 src/ASF/common/UC3/Host_UC3.o
 .rodata.C.240.14098
                0x8000ee28        0x8 src/ASF/common/UC3/Host_UC3.o
 .rodata.C.236.14087
                0x8000ee30        0x8 src/ASF/common/UC3/Host_UC3.o
 .rodata.C.246.15573
                0x8000ee38        0x6 src/ASF/common/services/usb/class/hid/dual/mouse/example/at32uc3a0512_evk1100/ui.o
 *fill*         0x8000ee3e        0x2 
 .rodata.LED_DESCRIPTOR
                0x8000ee40       0x80 src/ASF/avr32/boards/evk1100/led.o
 .rodata._int_handler_table
                0x8000eec0       0xa0 src/ASF/avr32/drivers/intc/intc.o
 .rodata.C.236.14922
                0x8000ef60       0x18 src/ASF/avr32/drivers/usbb/usbb_host.o
 .rodata.CSWTCH.290
                0x8000ef78        0xc src/ASF/avr32/drivers/usbb/usbb_host.o
 .rodata.CSWTCH.292
                0x8000ef84        0xc src/ASF/avr32/drivers/usbb/usbb_host.o
 .rodata.str1.4
                0x8000ef90       0x3e src/ASF/common/services/usb/class/hid/host/mouse/uhi_hid_mouse.o
                                 0x40 (size before relaxing)
 *fill*         0x8000efce        0x2 
 .rodata.uhc_uhis
                0x8000efd0       0x20 src/ASF/common/services/usb/uhc/uhc.o
 .rodata.DIP204_SPI_GPIO_MAP.15932
                0x8000eff0       0x20 src/main.o
 .rodata.str1.4
                0x8000f010        0xa src/main.o
                                 0x20 (size before relaxing)
 *fill*         0x8000f01a        0x2 
 .rodata.SPARE_SPI_GPIO_MAP.15933
                0x8000f01c       0x20 src/main.o
 .rodata.str1.4
                0x8000f03c        0x2 c:/program files (x86)/atmel/atmel toolchain/avr32 gcc/native/3.4.1067/avr32-gnu-toolchain/bin/../lib/gcc/avr32/4.4.7/../../../../avr32/lib/ucr2\libc.a(lib_a-impure.o)
                                  0x4 (size before relaxing)
 *fill*         0x8000f03e        0x2 
 .rodata._global_impure_ptr
                0x8000f040        0x4 c:/program files (x86)/atmel/atmel toolchain/avr32 gcc/native/3.4.1067/avr32-gnu-toolchain/bin/../lib/gcc/avr32/4.4.7/../../../../avr32/lib/ucr2\libc.a(lib_a-impure.o)
                0x8000f040                _global_impure_ptr
 .rodata.get_arg
                0x8000f044       0x3c c:/program files (x86)/atmel/atmel toolchain/avr32 gcc/native/3.4.1067/avr32-gnu-toolchain/bin/../lib/gcc/avr32/4.4.7/../../../../avr32/lib/ucr2\libc.a(lib_a-vfprintf.o)
 .rodata._vfprintf_r
                0x8000f080      0x164 c:/program files (x86)/atmel/atmel toolchain/avr32 gcc/native/3.4.1067/avr32-gnu-toolchain/bin/../lib/gcc/avr32/4.4.7/../../../../avr32/lib/ucr2\libc.a(lib_a-vfprintf.o)
 .rodata.state_table
                0x8000f1e4       0x6c c:/program files (x86)/atmel/atmel toolchain/avr32 gcc/native/3.4.1067/avr32-gnu-toolchain/bin/../lib/gcc/avr32/4.4.7/../../../../avr32/lib/ucr2\libc.a(lib_a-vfprintf.o)
 .rodata.action_table
                0x8000f250       0x6c c:/program files (x86)/atmel/atmel toolchain/avr32 gcc/native/3.4.1067/avr32-gnu-toolchain/bin/../lib/gcc/avr32/4.4.7/../../../../avr32/lib/ucr2\libc.a(lib_a-vfprintf.o)
 .rodata.str1.4
                0x8000f2bc       0x3a c:/program files (x86)/atmel/atmel toolchain/avr32 gcc/native/3.4.1067/avr32-gnu-toolchain/bin/../lib/gcc/avr32/4.4.7/../../../../avr32/lib/ucr2\libc.a(lib_a-vfprintf.o)
                                 0x3c (size before relaxing)
 *fill*         0x8000f2f6        0x2 
 .rodata.blanks.3430
                0x8000f2f8       0x10 c:/program files (x86)/atmel/atmel toolchain/avr32 gcc/native/3.4.1067/avr32-gnu-toolchain/bin/../lib/gcc/avr32/4.4.7/../../../../avr32/lib/ucr2\libc.a(lib_a-vfprintf.o)
 .rodata.zeroes.3431
                0x8000f308       0x10 c:/program files (x86)/atmel/atmel toolchain/avr32 gcc/native/3.4.1067/avr32-gnu-toolchain/bin/../lib/gcc/avr32/4.4.7/../../../../avr32/lib/ucr2\libc.a(lib_a-vfprintf.o)
 .rodata.chclass
                0x8000f318      0x100 c:/program files (x86)/atmel/atmel toolchain/avr32 gcc/native/3.4.1067/avr32-gnu-toolchain/bin/../lib/gcc/avr32/4.4.7/../../../../avr32/lib/ucr2\libc.a(lib_a-vfprintf.o)
 .rodata.str1.4
                0x8000f418       0x10 c:/program files (x86)/atmel/atmel toolchain/avr32 gcc/native/3.4.1067/avr32-gnu-toolchain/bin/../lib/gcc/avr32/4.4.7/../../../../avr32/lib/ucr2\libc.a(lib_a-dtoa.o)
                                 0x14 (size before relaxing)
 .rodata.__sf_fake_stdin
                0x8000f428       0x20 c:/program files (x86)/atmel/atmel toolchain/avr32 gcc/native/3.4.1067/avr32-gnu-toolchain/bin/../lib/gcc/avr32/4.4.7/../../../../avr32/lib/ucr2\libc.a(lib_a-findfp.o)
                0x8000f428                __sf_fake_stdin
 .rodata.__sf_fake_stdout
                0x8000f448       0x20 c:/program files (x86)/atmel/atmel toolchain/avr32 gcc/native/3.4.1067/avr32-gnu-toolchain/bin/../lib/gcc/avr32/4.4.7/../../../../avr32/lib/ucr2\libc.a(lib_a-findfp.o)
                0x8000f448                __sf_fake_stdout
 .rodata.__sf_fake_stderr
                0x8000f468       0x20 c:/program files (x86)/atmel/atmel toolchain/avr32 gcc/native/3.4.1067/avr32-gnu-toolchain/bin/../lib/gcc/avr32/4.4.7/../../../../avr32/lib/ucr2\libc.a(lib_a-findfp.o)
                0x8000f468                __sf_fake_stderr
 .rodata.lconv  0x8000f488       0x30 c:/program files (x86)/atmel/atmel toolchain/avr32 gcc/native/3.4.1067/avr32-gnu-toolchain/bin/../lib/gcc/avr32/4.4.7/../../../../avr32/lib/ucr2\libc.a(lib_a-locale.o)
 .rodata.str1.4
                0x8000f4b8       0x10 c:/program files (x86)/atmel/atmel toolchain/avr32 gcc/native/3.4.1067/avr32-gnu-toolchain/bin/../lib/gcc/avr32/4.4.7/../../../../avr32/lib/ucr2\libc.a(lib_a-locale.o)
                                 0x18 (size before relaxing)
 .rodata.p05.2471
                0x8000f4c8        0xc c:/program files (x86)/atmel/atmel toolchain/avr32 gcc/native/3.4.1067/avr32-gnu-toolchain/bin/../lib/gcc/avr32/4.4.7/../../../../avr32/lib/ucr2\libc.a(lib_a-mprec.o)
 .rodata.__mprec_tens
                0x8000f4d4       0xc8 c:/program files (x86)/atmel/atmel toolchain/avr32 gcc/native/3.4.1067/avr32-gnu-toolchain/bin/../lib/gcc/avr32/4.4.7/../../../../avr32/lib/ucr2\libc.a(lib_a-mprec.o)
                0x8000f4d4                __mprec_tens
 .rodata.__mprec_bigtens
                0x8000f59c       0x28 c:/program files (x86)/atmel/atmel toolchain/avr32 gcc/native/3.4.1067/avr32-gnu-toolchain/bin/../lib/gcc/avr32/4.4.7/../../../../avr32/lib/ucr2\libc.a(lib_a-mprec.o)
                0x8000f59c                __mprec_bigtens

.rodata1
 *(.rodata1)

.eh_frame_hdr
 *(.eh_frame_hdr)

.eh_frame
 *(.eh_frame)

.gcc_except_table
 *(.gcc_except_table)
 *(.gcc_except_table.*)

.lalign         0x8000f5c4        0x4
                0x8000f5c8                . = ALIGN (0x8)
 *fill*         0x8000f5c4        0x4 
                0x8000f5c8                PROVIDE (_data_lma, .)
                0x00000004                . = ORIGIN (INTRAM)

.dalign         0x00000004        0x4
                0x00000008                . = ALIGN (0x8)
 *fill*         0x00000004        0x4 
                0x00000008                PROVIDE (_data, .)

.eh_frame
 *(.eh_frame)

.gcc_except_table
 *(.gcc_except_table)
 *(.gcc_except_table.*)

.tdata
 *(.tdata .tdata.* .gnu.linkonce.td.*)

.tbss
 *(.tbss .tbss.* .gnu.linkonce.tb.*)
 *(.tcommon)
                0x00000008                PROVIDE (__preinit_array_start, ALIGN (0x4))

.preinit_array
 *(.preinit_array)
                0x00000008                PROVIDE (__preinit_array_end, .)
                0x00000008                PROVIDE (__init_array_start, .)

.init_array
 *(.init_array)
                0x00000008                PROVIDE (__init_array_end, .)
                0x00000008                PROVIDE (__fini_array_start, .)

.fini_array
 *(.fini_array)
                0x00000008                PROVIDE (__fini_array_end, .)

.ctors
 *crtbegin*.o(.ctors)
 *(EXCLUDE_FILE(*crtend*.o) .ctors)
 *(SORT(.ctors.*))
 *(.ctors)

.dtors
 *crtbegin*.o(.dtors)
 *(EXCLUDE_FILE(*crtend*.o) .dtors)
 *(SORT(.dtors.*))
 *(.dtors)

.jcr
 *(.jcr)

.data.rel.ro
 *(.data.rel.ro.local)
 *(.data.rel.ro*)

.dynamic
 *(.dynamic)

.got
 *(.got.plt)
 *(.got)

.ramtext
 *(.ramtext .ramtext.*)

.ddalign        0x00000008        0x0 load address 0x8000f5c8
                0x00000008                . = ALIGN (0x8)

.data           0x00000008      0x8fc load address 0x8000f5c8
 *(.data .data.* .gnu.linkonce.d.*)
 .data.channel_id
                0x00000008        0x4 src/ASF/avr32/components/display/dip204/dip204.o
 .data.udc_midi_device_desc
                0x0000000c       0x14 src/ASF/common/services/usb/class/MIDI/device/midi/udi_midi_desc.o
                0x0000000c                udc_midi_device_desc
 .data.udc_config
                0x00000020        0xc src/ASF/common/services/usb/class/MIDI/device/midi/udi_midi_desc.o
                0x00000020                udc_config
 .data.udc_midi_config_fshs
                0x0000002c        0x8 src/ASF/common/services/usb/class/MIDI/device/midi/udi_midi_desc.o
                0x0000002c                udc_midi_config_fshs
 .data.udi_midi_apis
                0x00000034        0x4 src/ASF/common/services/usb/class/MIDI/device/midi/udi_midi_desc.o
                0x00000034                udi_midi_apis
 .data.udc_midi_desc
                0x00000038       0x68 src/ASF/common/services/usb/class/MIDI/device/midi/udi_midi_desc.o
                0x00000038                udc_midi_desc
 .data.uhi_midi_dev
                0x000000a0       0x20 src/ASF/common/services/usb/class/MIDI/host/midi/uhi_midi.o
 .data.USB_Device_ControlEndpointSize
                0x000000c0        0x1 src/ASF/common/UC3/Endpoint_UC3.o
                0x000000c0                USB_Device_ControlEndpointSize
 .data.USB_Host_ControlPipeSize
                0x000000c1        0x1 src/ASF/common/UC3/Pipe_UC3.o
                0x000000c1                USB_Host_ControlPipeSize
 *fill*         0x000000c2        0x2 
 .data.F_USB    0x000000c4        0x4 src/ASF/common/UC3/USBController_UC3.o
                0x000000c4                F_USB
 .data.ui_enum_status
                0x000000c8        0x4 src/ASF/common/services/usb/class/hid/dual/mouse/example/at32uc3a0512_evk1100/ui.o
 .data.LED_State
                0x000000cc        0x4 src/ASF/avr32/boards/evk1100/led.o
 .data.harmonicmap
                0x000000d0       0xc0 src/ASF/common/services/usb/class/hid/host/mouse/uhi_hid_mouse.o
                0x000000d0                harmonicmap
 .data.werckmeister3
                0x00000190       0x30 src/ASF/common/services/usb/class/hid/host/mouse/uhi_hid_mouse.o
                0x00000190                werckmeister3
 .data.overtonejust
                0x000001c0       0x30 src/ASF/common/services/usb/class/hid/host/mouse/uhi_hid_mouse.o
                0x000001c0                overtonejust
 .data.meantone
                0x000001f0       0x30 src/ASF/common/services/usb/class/hid/host/mouse/uhi_hid_mouse.o
                0x000001f0                meantone
 .data.scaledoctaveDACvalue
                0x00000220        0x4 src/ASF/common/services/usb/class/hid/host/mouse/uhi_hid_mouse.o
                0x00000220                scaledoctaveDACvalue
 .data.whichmap
                0x00000224        0x4 src/ASF/common/services/usb/class/hid/host/mouse/uhi_hid_mouse.o
                0x00000224                whichmap
 .data.whmap    0x00000228       0xc0 src/ASF/common/services/usb/class/hid/host/mouse/uhi_hid_mouse.o
                0x00000228                whmap
 .data.werckmeister1
                0x000002e8       0x30 src/ASF/common/services/usb/class/hid/host/mouse/uhi_hid_mouse.o
                0x000002e8                werckmeister1
 .data.twelvetet
                0x00000318       0x30 src/ASF/common/services/usb/class/hid/host/mouse/uhi_hid_mouse.o
                0x00000318                twelvetet
 .data.kora1    0x00000348       0x30 src/ASF/common/services/usb/class/hid/host/mouse/uhi_hid_mouse.o
                0x00000348                kora1
 .data.udc_string_product_name
                0x00000378       0x10 src/ASF/common/services/usb/udc/udc.o
 .data.udc_string_manufacturer_name
                0x00000388       0x10 src/ASF/common/services/usb/udc/udc.o
 .data.udc_string_desc
                0x00000398       0x20 src/ASF/common/services/usb/udc/udc.o
 .data.udc_string_desc_languageid
                0x000003b8        0x4 src/ASF/common/services/usb/udc/udc.o
 .data.spiOptions12DAC
                0x000003bc       0x10 src/main.o
                0x000003bc                spiOptions12DAC
 .data.spiOptions16DAC
                0x000003cc       0x10 src/main.o
                0x000003cc                spiOptions16DAC
 .data.DIP_spiOptions
                0x000003dc       0x10 src/main.o
                0x000003dc                DIP_spiOptions
 .data.Keyboard_MIDI_Interface
                0x000003ec       0x12 src/main.o
                0x000003ec                Keyboard_MIDI_Interface
 *fill*         0x000003fe        0x2 
 .data.__malloc_av_
                0x00000400      0x408 c:/program files (x86)/atmel/atmel toolchain/avr32 gcc/native/3.4.1067/avr32-gnu-toolchain/bin/../lib/gcc/avr32/4.4.7/../../../../avr32/lib/ucr2\libc.a(lib_a-mallocr.o)
                0x00000400                __malloc_av_
 .data.__malloc_trim_threshold
                0x00000808        0x4 c:/program files (x86)/atmel/atmel toolchain/avr32 gcc/native/3.4.1067/avr32-gnu-toolchain/bin/../lib/gcc/avr32/4.4.7/../../../../avr32/lib/ucr2\libc.a(lib_a-mallocr.o)
                0x00000808                __malloc_trim_threshold
 .data.__malloc_sbrk_base
                0x0000080c        0x4 c:/program files (x86)/atmel/atmel toolchain/avr32 gcc/native/3.4.1067/avr32-gnu-toolchain/bin/../lib/gcc/avr32/4.4.7/../../../../avr32/lib/ucr2\libc.a(lib_a-mallocr.o)
                0x0000080c                __malloc_sbrk_base
 .data.impure_data
                0x00000810       0xf0 c:/program files (x86)/atmel/atmel toolchain/avr32 gcc/native/3.4.1067/avr32-gnu-toolchain/bin/../lib/gcc/avr32/4.4.7/../../../../avr32/lib/ucr2\libc.a(lib_a-impure.o)
 .data._impure_ptr
                0x00000900        0x4 c:/program files (x86)/atmel/atmel toolchain/avr32 gcc/native/3.4.1067/avr32-gnu-toolchain/bin/../lib/gcc/avr32/4.4.7/../../../../avr32/lib/ucr2\libc.a(lib_a-impure.o)
                0x00000900                _impure_ptr
 *(.gnu.linkonce.d.*personality*)

.data1
 *(.data1)

.balign         0x00000904        0x4 load address 0x8000fec4
                0x00000908                . = ALIGN (0x8)
 *fill*         0x00000904        0x4 
                0x00000908                PROVIDE (_edata, .)
                0x00000908                PROVIDE (edata, .)
                0x00000908                __bss_start = .

.bss            0x00000908      0x3d0
 *(.dynbss)
 *(.bss .bss.* .gnu.linkonce.b.*)
 .bss.pwm_channel
                0x00000908       0x20 src/ASF/avr32/components/display/dip204/dip204.o
 .bss.pwm_duty  0x00000928        0x2 src/ASF/avr32/components/display/dip204/dip204.o
 *fill*         0x0000092a        0x2 
 .bss.udi_hid_mouse_report
                0x0000092c        0x4 src/ASF/common/services/usb/class/MIDI/device/midi/udi_midi.o
 .bss.udi_hid_mouse_report_trans_ongoing
                0x00000930        0x1 src/ASF/common/services/usb/class/MIDI/device/midi/udi_midi.o
 *fill*         0x00000931        0x3 
 .bss.udi_api_midi
                0x00000934       0x14 src/ASF/common/services/usb/class/MIDI/device/midi/udi_midi.o
                0x00000934                udi_api_midi
 .bss.udi_hid_mouse_report_trans
                0x00000948        0x4 src/ASF/common/services/usb/class/MIDI/device/midi/udi_midi.o
 .bss.udi_hid_mouse_b_report_valid
                0x0000094c        0x1 src/ASF/common/services/usb/class/MIDI/device/midi/udi_midi.o
 .bss.USB_HostState
                0x0000094d        0x1 src/ASF/common/services/usb/class/MIDI/host/midi/uhi_midi.o
                0x0000094d                USB_HostState
 *fill*         0x0000094e        0x2 
 .bss.USB_Endpoint_SelectedEndpoint
                0x00000950        0x4 src/ASF/common/UC3/Endpoint_UC3.o
                0x00000950                USB_Endpoint_SelectedEndpoint
 .bss.PostWaitState.14050
                0x00000954        0x1 src/ASF/common/UC3/Host_UC3.o
 *fill*         0x00000955        0x1 
 .bss.WaitMSRemaining.14049
                0x00000956        0x2 src/ASF/common/UC3/Host_UC3.o
 .bss.USB_Pipe_SelectedPipe
                0x00000958        0x4 src/ASF/common/UC3/Pipe_UC3.o
                0x00000958                USB_Pipe_SelectedPipe
 .bss.USB_CurrentMode
                0x0000095c        0x1 src/ASF/common/UC3/USBController_UC3.o
                0x0000095c                USB_CurrentMode
 .bss.ui_x      0x0000095d        0x1 src/ASF/common/services/usb/class/hid/dual/mouse/example/at32uc3a0512_evk1100/ui.o
 .bss.ui_y      0x0000095e        0x1 src/ASF/common/services/usb/class/hid/dual/mouse/example/at32uc3a0512_evk1100/ui.o
 .bss.btn_left_last_state.15721
                0x0000095f        0x1 src/ASF/common/services/usb/class/hid/dual/mouse/example/at32uc3a0512_evk1100/ui.o
 .bss.btn_suspend_and_remotewakeup.15635
                0x00000960        0x1 src/ASF/common/services/usb/class/hid/dual/mouse/example/at32uc3a0512_evk1100/ui.o
 .bss.ui_midi_plug
                0x00000961        0x1 src/ASF/common/services/usb/class/hid/dual/mouse/example/at32uc3a0512_evk1100/ui.o
                0x00000961                ui_midi_plug
 .bss.ui_device_speed_blink
                0x00000962        0x2 src/ASF/common/services/usb/class/hid/dual/mouse/example/at32uc3a0512_evk1100/ui.o
 .bss.btn_middle_last_state.15723
                0x00000964        0x1 src/ASF/common/services/usb/class/hid/dual/mouse/example/at32uc3a0512_evk1100/ui.o
 .bss.ui_hid_mouse_plug
                0x00000965        0x1 src/ASF/common/services/usb/class/hid/dual/mouse/example/at32uc3a0512_evk1100/ui.o
 .bss.btn_suspend.15634
                0x00000966        0x1 src/ASF/common/services/usb/class/hid/dual/mouse/example/at32uc3a0512_evk1100/ui.o
 *fill*         0x00000967        0x1 
 .bss.counter_sof.15636
                0x00000968        0x2 src/ASF/common/services/usb/class/hid/dual/mouse/example/at32uc3a0512_evk1100/ui.o
 .bss.btn_right_last_state.15722
                0x0000096a        0x1 src/ASF/common/services/usb/class/hid/dual/mouse/example/at32uc3a0512_evk1100/ui.o
 .bss.ui_device_b_mouse_enable
                0x0000096b        0x1 src/ASF/common/services/usb/class/hid/dual/mouse/example/at32uc3a0512_evk1100/ui.o
 .bss.cpt_sof.15724
                0x0000096c        0x1 src/ASF/common/services/usb/class/hid/dual/mouse/example/at32uc3a0512_evk1100/ui.o
 .bss.ui_scroll
                0x0000096d        0x1 src/ASF/common/services/usb/class/hid/dual/mouse/example/at32uc3a0512_evk1100/ui.o
 *fill*         0x0000096e        0x2 
 .bss._int_line_handler_table_6
                0x00000970        0x4 src/ASF/avr32/drivers/intc/intc.o
 .bss._int_line_handler_table_7
                0x00000974        0x4 src/ASF/avr32/drivers/intc/intc.o
 .bss._int_line_handler_table_8
                0x00000978        0x4 src/ASF/avr32/drivers/intc/intc.o
 .bss._int_line_handler_table_9
                0x0000097c        0x4 src/ASF/avr32/drivers/intc/intc.o
 .bss._int_line_handler_table_10
                0x00000980        0x4 src/ASF/avr32/drivers/intc/intc.o
 .bss._int_line_handler_table_11
                0x00000984        0x4 src/ASF/avr32/drivers/intc/intc.o
 .bss._int_line_handler_table_12
                0x00000988        0x4 src/ASF/avr32/drivers/intc/intc.o
 .bss._int_line_handler_table_13
                0x0000098c        0x4 src/ASF/avr32/drivers/intc/intc.o
 .bss._int_line_handler_table_14
                0x00000990        0xc src/ASF/avr32/drivers/intc/intc.o
 .bss._int_line_handler_table_15
                0x0000099c        0x4 src/ASF/avr32/drivers/intc/intc.o
 .bss._int_line_handler_table_16
                0x000009a0        0x4 src/ASF/avr32/drivers/intc/intc.o
 .bss._int_line_handler_table_17
                0x000009a4        0x4 src/ASF/avr32/drivers/intc/intc.o
 .bss._int_line_handler_table_18
                0x000009a8        0x4 src/ASF/avr32/drivers/intc/intc.o
 .bss._int_line_handler_table_19
                0x000009ac        0x4 src/ASF/avr32/drivers/intc/intc.o
 .bss._int_line_handler_table_0
                0x000009b0        0x4 src/ASF/avr32/drivers/intc/intc.o
 .bss._int_line_handler_table_1
                0x000009b4       0x2c src/ASF/avr32/drivers/intc/intc.o
 .bss._int_line_handler_table_2
                0x000009e0       0x38 src/ASF/avr32/drivers/intc/intc.o
 .bss._int_line_handler_table_3
                0x00000a18       0x3c src/ASF/avr32/drivers/intc/intc.o
 .bss._int_line_handler_table_4
                0x00000a54        0x4 src/ASF/avr32/drivers/intc/intc.o
 .bss._int_line_handler_table_5
                0x00000a58        0x4 src/ASF/avr32/drivers/intc/intc.o
 .bss.udd_ctrl_prev_payload_nb_trans
                0x00000a5c        0x2 src/ASF/avr32/drivers/usbb/usbb_device.o
 *fill*         0x00000a5e        0x2 
 .bss.udd_ep_job
                0x00000a60       0x28 src/ASF/avr32/drivers/usbb/usbb_device.o
 .bss.udd_b_idle
                0x00000a88        0x1 src/ASF/avr32/drivers/usbb/usbb_device.o
 *fill*         0x00000a89        0x1 
 .bss.udd_ctrl_payload_nb_trans
                0x00000a8a        0x2 src/ASF/avr32/drivers/usbb/usbb_device.o
 .bss.b_shortpacket.15782
                0x00000a8c        0x1 src/ASF/avr32/drivers/usbb/usbb_device.o
 *fill*         0x00000a8d        0x3 
 .bss.udd_ep_control_state
                0x00000a90        0x4 src/ASF/avr32/drivers/usbb/usbb_device.o
 .bss.uhd_reset_callback
                0x00000a94        0x4 src/ASF/avr32/drivers/usbb/usbb_host.o
 .bss.uhd_pipe_job
                0x00000a98       0x78 src/ASF/avr32/drivers/usbb/usbb_host.o
 .bss.uhd_suspend_start
                0x00000b10        0x1 src/ASF/avr32/drivers/usbb/usbb_host.o
 .bss.uhd_pipes_unfreeze
                0x00000b11        0x1 src/ASF/avr32/drivers/usbb/usbb_host.o
 .bss.otg_initialized
                0x00000b12        0x1 src/ASF/avr32/drivers/usbb/usbb_host.o
 .bss.uhd_resume_start
                0x00000b13        0x1 src/ASF/avr32/drivers/usbb/usbb_host.o
 .bss.uhd_state.14921
                0x00000b14        0x4 src/ASF/avr32/drivers/usbb/usbb_host.o
 .bss.uhd_b_suspend_requested
                0x00000b18        0x1 src/ASF/avr32/drivers/usbb/usbb_host.o
 .bss.sysclk_pbb_refcount
                0x00000b19        0x1 src/ASF/common/services/clock/uc3a0_a1/sysclk.o
 *fill*         0x00000b1a        0x2 
 .bss.pastbutt_states
                0x00000b1c       0x30 src/ASF/common/services/usb/class/hid/host/mouse/uhi_hid_mouse.o
 .bss.pastsliders
                0x00000b4c        0x4 src/ASF/common/services/usb/class/hid/host/mouse/uhi_hid_mouse.o
                0x00000b4c                pastsliders
 .bss.numnotes  0x00000b50        0x1 src/ASF/common/services/usb/class/hid/host/mouse/uhi_hid_mouse.o
                0x00000b50                numnotes
 *fill*         0x00000b51        0x3 
 .bss.sliders   0x00000b54        0x4 src/ASF/common/services/usb/class/hid/host/mouse/uhi_hid_mouse.o
                0x00000b54                sliders
 .bss.lastButtVCA
                0x00000b58        0x1 src/ASF/common/services/usb/class/hid/host/mouse/uhi_hid_mouse.o
                0x00000b58                lastButtVCA
 .bss.transpose
                0x00000b59        0x1 src/ASF/common/services/usb/class/hid/host/mouse/uhi_hid_mouse.o
                0x00000b59                transpose
 .bss.octaveoffset
                0x00000b5a        0x1 src/ASF/common/services/usb/class/hid/host/mouse/uhi_hid_mouse.o
                0x00000b5a                octaveoffset
 .bss.amplitude
                0x00000b5b        0x1 src/ASF/common/services/usb/class/hid/host/mouse/uhi_hid_mouse.o
                0x00000b5b                amplitude
 .bss.uhi_hid_mouse_dev
                0x00000b5c       0x10 src/ASF/common/services/usb/class/hid/host/mouse/uhi_hid_mouse.o
 .bss.currentnote
                0x00000b6c        0x1 src/ASF/common/services/usb/class/hid/host/mouse/uhi_hid_mouse.o
                0x00000b6c                currentnote
 .bss.tuning    0x00000b6d        0x1 src/ASF/common/services/usb/class/hid/host/mouse/uhi_hid_mouse.o
                0x00000b6d                tuning
 *fill*         0x00000b6e        0x2 
 .bss.udc_ptr_conf
                0x00000b70        0x4 src/ASF/common/services/usb/udc/udc.o
 .bss.udc_ep_status.15004
                0x00000b74        0x2 src/ASF/common/services/usb/udc/udc.o
 *fill*         0x00000b76        0x2 
 .bss.udc_iface_setting
                0x00000b78        0x4 src/ASF/common/services/usb/udc/udc.o
 .bss.udc_device_status
                0x00000b7c        0x2 src/ASF/common/services/usb/udc/udc.o
 *fill*         0x00000b7e        0x2 
 .bss.udc_num_configuration
                0x00000b80        0x4 src/ASF/common/services/usb/udc/udc.o
 .bss.udc_ptr_iface
                0x00000b84        0x4 src/ASF/common/services/usb/udc/udc.o
 .bss.g_uhc_device_root
                0x00000b88       0x1c src/ASF/common/services/usb/uhc/uhc.o
 .bss.uhc_enum_try
                0x00000ba4        0x1 src/ASF/common/services/usb/uhc/uhc.o
 *fill*         0x00000ba5        0x3 
 .bss.uhc_sof_timeout_callback
                0x00000ba8        0x4 src/ASF/common/services/usb/uhc/uhc.o
 .bss.SPIbusy   0x00000bac        0x1 src/main.o
                0x00000bac                SPIbusy
 *fill*         0x00000bad        0x1 
 .bss.dacouthigh
                0x00000bae        0x2 src/main.o
                0x00000bae                dacouthigh
 .bss.dacoutlow
                0x00000bb0        0x2 src/main.o
                0x00000bb0                dacoutlow
 .bss.DAC1outlow
                0x00000bb2        0x2 src/main.o
                0x00000bb2                DAC1outlow
 .bss.DAC1outhigh
                0x00000bb4        0x2 src/main.o
                0x00000bb4                DAC1outhigh
 *fill*         0x00000bb6        0x2 
 .bss.__malloc_max_total_mem
                0x00000bb8        0x4 c:/program files (x86)/atmel/atmel toolchain/avr32 gcc/native/3.4.1067/avr32-gnu-toolchain/bin/../lib/gcc/avr32/4.4.7/../../../../avr32/lib/ucr2\libc.a(lib_a-mallocr.o)
                0x00000bb8                __malloc_max_total_mem
 .bss.__malloc_max_sbrked_mem
                0x00000bbc        0x4 c:/program files (x86)/atmel/atmel toolchain/avr32 gcc/native/3.4.1067/avr32-gnu-toolchain/bin/../lib/gcc/avr32/4.4.7/../../../../avr32/lib/ucr2\libc.a(lib_a-mallocr.o)
                0x00000bbc                __malloc_max_sbrked_mem
 .bss.__malloc_top_pad
                0x00000bc0        0x4 c:/program files (x86)/atmel/atmel toolchain/avr32 gcc/native/3.4.1067/avr32-gnu-toolchain/bin/../lib/gcc/avr32/4.4.7/../../../../avr32/lib/ucr2\libc.a(lib_a-mallocr.o)
                0x00000bc0                __malloc_top_pad
 .bss.__malloc_current_mallinfo
                0x00000bc4       0x28 c:/program files (x86)/atmel/atmel toolchain/avr32 gcc/native/3.4.1067/avr32-gnu-toolchain/bin/../lib/gcc/avr32/4.4.7/../../../../avr32/lib/ucr2\libc.a(lib_a-mallocr.o)
                0x00000bc4                __malloc_current_mallinfo
 .bss.cur_heap_pos.1869
                0x00000bec        0x4 c:/program files (x86)/atmel/atmel toolchain/avr32 gcc/native/3.4.1067/avr32-gnu-toolchain/bin/../lib/gcc/avr32/4.4.7/../../../../avr32/lib/ucr2\libc.a(lib_a-syscalls.o)
 *(COMMON)
 COMMON         0x00000bf0        0x3 src/ASF/common/services/usb/core/DeviceStandardReq.o
                0x00000bf0                USB_Device_ConfigurationNumber
                0x00000bf1                USB_Device_CurrentlySelfPowered
                0x00000bf2                USB_Device_RemoteWakeupEnabled
 COMMON         0x00000bf3        0x1 src/ASF/common/services/usb/core/HostStandardReq.o
                0x00000bf3                USB_Host_ConfigurationNumber
 COMMON         0x00000bf4        0xa src/ASF/common/services/usb/USBTask.o
                0x00000bf4                USB_IsInitialized
                0x00000bf5                USB_DeviceState
                0x00000bf6                USB_ControlRequest
 *fill*         0x00000bfe        0x2 
 COMMON         0x00000c00       0x1c src/ASF/common/UC3/Endpoint_UC3.o
                0x00000c00                USB_Endpoint_FIFOPos
 COMMON         0x00000c1c       0x1c src/ASF/common/UC3/Pipe_UC3.o
                0x00000c1c                USB_Pipe_FIFOPos
 COMMON         0x00000c38        0x1 src/ASF/common/UC3/USBController_UC3.o
                0x00000c38                USB_Options
 *fill*         0x00000c39        0x3 
 COMMON         0x00000c3c       0x18 src/ASF/avr32/drivers/usbb/usbb_device.o
                0x00000c3c                udd_g_ctrlreq
 COMMON         0x00000c54       0x12 src/ASF/avr32/drivers/usbb/usbb_host.o
                0x00000c54                uhd_ctrl_request_phase
                0x00000c58                uhd_ctrl_request_first
                0x00000c5c                uhd_ctrl_nb_trans
                0x00000c60                uhd_ctrl_request_last
                0x00000c64                uhd_ctrl_request_timeout
 *fill*         0x00000c66        0x2 
 COMMON         0x00000c68        0x7 src/ASF/common/services/sleepmgr/uc3/sleepmgr.o
                0x00000c68                sleepmgr_locks
 *fill*         0x00000c6f        0x1 
 COMMON         0x00000c70       0x60 src/ASF/common/services/usb/class/hid/host/mouse/uhi_hid_mouse.o
                0x00000c70                notestack
                0x00000ca0                butt_states
 COMMON         0x00000cd0        0x1 src/ASF/common/services/usb/uhc/uhc.o
                0x00000cd0                uhc_sof_timeout
 *fill*         0x00000cd1        0x3 
 COMMON         0x00000cd4        0x4 c:/program files (x86)/atmel/atmel toolchain/avr32 gcc/native/3.4.1067/avr32-gnu-toolchain/bin/../lib/gcc/avr32/4.4.7/../../../../avr32/lib/ucr2\libc.a(lib_a-reent.o)
                0x00000cd4                errno
                0x00000cd8                . = ALIGN (0x8)
                0x00000cd8                . = ALIGN (0x8)
                0x00000cd8                _end = .
                0x00000cd8                PROVIDE (end, .)
                0x00000cd8                __heap_start__ = ALIGN (0x8)

.heap           0x00000cd8     0xe328
 *(.heap)
                0x0000e328                . = (__heap_size__ == __max_heap_size__)?(((ORIGIN (INTRAM) + 0xfffc) - __stack_size__) - ABSOLUTE (.)):__heap_size__
 *fill*         0x00000cd8     0xe328 
                0x0000f000                __heap_end__ = .

.stab
 *(.stab)

.stabstr
 *(.stabstr)

.stab.excl
 *(.stab.excl)

.stab.exclstr
 *(.stab.exclstr)

.stab.index
 *(.stab.index)

.stab.indexstr
 *(.stab.indexstr)

.comment        0x00000000       0x30
 *(.comment)
 .comment       0x00000000       0x30 src/ASF/avr32/components/display/dip204/dip204.o
                                 0x31 (size before relaxing)
 .comment       0x00000000       0x31 src/ASF/avr32/drivers/pwm/pwm.o
 .comment       0x00000000       0x31 src/ASF/avr32/drivers/spi/spi.o
 .comment       0x00000000       0x31 src/ASF/common/services/usb/class/MIDI/device/midi/udi_midi.o
 .comment       0x00000000       0x31 src/ASF/common/services/usb/class/MIDI/device/midi/udi_midi_desc.o
 .comment       0x00000000       0x31 src/ASF/common/services/usb/class/MIDI/host/midi/MIDIClassHost.o
 .comment       0x00000000       0x31 src/ASF/common/services/usb/class/MIDI/host/midi/uhi_midi.o
 .comment       0x00000000       0x31 src/ASF/common/services/usb/core/DeviceStandardReq.o